Browser smoke: Chromium 151.0.7922.34; fresh contexts on http://127.0.0.1:61047
test_academy_learning_progress_and_backup (__main__.BrowserSmoke.test_academy_learning_progress_and_backup) ... ok
test_academy_v2_journeys_undo_and_reading (__main__.BrowserSmoke.test_academy_v2_journeys_undo_and_reading) ... ok
test_academy_v3_progression_projects_and_mobile (__main__.BrowserSmoke.test_academy_v3_progression_projects_and_mobile) ... ok
test_all_local_chart_consumers (__main__.BrowserSmoke.test_all_local_chart_consumers) ... ok
test_behavioral_intelligence_local_workflows (__main__.BrowserSmoke.test_behavioral_intelligence_local_workflows) ... ok
test_calculator_completion_provenance_before_dom_ready (__main__.BrowserSmoke.test_calculator_completion_provenance_before_dom_ready) ... ok
test_calculator_depth_followup_and_images (__main__.BrowserSmoke.test_calculator_depth_followup_and_images) ... Calculator depth screenshots: C:\Users\Mirne\AppData\Local\Temp\ntm-calculator-depth-a6dq5aes
ok
test_cloud_account_foundation_two_devices_and_isolation (__main__.BrowserSmoke.test_cloud_account_foundation_two_devices_and_isolation) ... Cloud visual: C:\Users\Mirne\AppData\Local\Temp\ntm-cloud-visual-mkoljz1u\account-mobile-dark.png
Cloud visual: C:\Users\Mirne\AppData\Local\Temp\ntm-cloud-visual-m2q6f429\account-mobile-light.png
ok
test_color_v2_controls_semantics_charts_and_theme_persistence (__main__.BrowserSmoke.test_color_v2_controls_semantics_charts_and_theme_persistence) ... Color control screenshots: C:\Users\Mirne\AppData\Local\Temp\ntm-colors-controls-56vj_63u
ok
test_company_evidence_pilot (__main__.BrowserSmoke.test_company_evidence_pilot) ... ok
test_connected_journeys_and_private_editor_preservation (__main__.BrowserSmoke.test_connected_journeys_and_private_editor_preservation) ... ----------------------------------------
Exception occurred during processing of request from ('127.0.0.1', 59490)
ok
test_connected_static_links_keyboard_and_responsive_themes (__main__.BrowserSmoke.test_connected_static_links_keyboard_and_responsive_themes) ... Traceback (most recent call last):
  File "C:\Users\Mirne\AppData\Local\Programs\Python\Python314\Lib\socketserver.py", line 697, in process_request_thread
    self.finish_request(request, client_address)
    ~~~~~~~~~~~~~~~~~~~^^^^^^^^^^^^^^^^^^^^^^^^^
  File "C:\Users\Mirne\AppData\Local\Programs\Python\Python314\Lib\socketserver.py", line 362, in finish_request
    self.RequestHandlerClass(request, client_address, self)
    ~~~~~~~~~~~~~~~~~~~~~~~~^^^^^^^^^^^^^^^^^^^^^^^^^^^^^^^
  File "C:\Users\Mirne\AppData\Local\Programs\Python\Python314\Lib\http\server.py", line 736, in __init__
    super().__init__(*args, **kwargs)
    ~~~~~~~~~~~~~~~~^^^^^^^^^^^^^^^^^
  File "C:\Users\Mirne\AppData\Local\Programs\Python\Python314\Lib\socketserver.py", line 766, in __init__
    self.handle()
    ~~~~~~~~~~~^^
  File "C:\Users\Mirne\AppData\Local\Programs\Python\Python314\Lib\http\server.py", line 500, in handle
    self.handle_one_request()
    ~~~~~~~~~~~~~~~~~~~~~~~^^
  File "C:\Users\Mirne\AppData\Local\Programs\Python\Python314\Lib\http\server.py", line 488, in handle_one_request
    method()
    ~~~~~~^^
  File "C:\Users\Mirne\AppData\Local\Programs\Python\Python314\Lib\http\server.py", line 743, in do_GET
    self.copyfile(f, self.wfile)
    ~~~~~~~~~~~~~^^^^^^^^^^^^^^^
  File "C:\Users\Mirne\AppData\Local\Programs\Python\Python314\Lib\http\server.py", line 946, in copyfile
    shutil.copyfileobj(source, outputfile)
    ~~~~~~~~~~~~~~~~~~^^^^^^^^^^^^^^^^^^^^
  File "C:\Users\Mirne\AppData\Local\Programs\Python\Python314\Lib\shutil.py", line 257, in copyfileobj
    fdst_write(buf)
    ~~~~~~~~~~^^^^^
  File "C:\Users\Mirne\AppData\Local\Programs\Python\Python314\Lib\socketserver.py", line 845, in write
    self._sock.sendall(b)
    ~~~~~~~~~~~~~~~~~~^^^
ConnectionAbortedError: [WinError 10053] An established connection was aborted by the software in your host machine
----------------------------------------
Connected screenshots: C:\Users\Mirne\AppData\Local\Temp\ntm-connected-visual-i2tj5tjb
ok
test_corrupt_scenarios_block_ui_save_and_delete (__main__.BrowserSmoke.test_corrupt_scenarios_block_ui_save_and_delete) ... ok
test_daily_leverage_and_zero_net_compound (__main__.BrowserSmoke.test_daily_leverage_and_zero_net_compound) ... ok
test_data_provenance_and_unsafe_comparison (__main__.BrowserSmoke.test_data_provenance_and_unsafe_comparison) ... ok
test_decision_lifecycle_supported_and_manual_backup (__main__.BrowserSmoke.test_decision_lifecycle_supported_and_manual_backup) ... Lifecycle screenshots: C:\Users\Mirne\AppData\Local\Temp\ntm-lifecycle-visual-uny9pt6c
ok
test_education_article_responsive_comparison (__main__.BrowserSmoke.test_education_article_responsive_comparison) ... Education screenshots: C:\Users\Mirne\AppData\Local\Temp\ntm-education-qa
ok
test_followup_modes_and_mobile_depth (__main__.BrowserSmoke.test_followup_modes_and_mobile_depth) ... Mobile depth screenshots: C:\Users\Mirne\AppData\Local\Temp\ntm-depth-mobile-m6aiq636
ok
test_grouped_money_inputs_across_calculators (__main__.BrowserSmoke.test_grouped_money_inputs_across_calculators) ... ok
test_grouped_money_math_restore_and_reset (__main__.BrowserSmoke.test_grouped_money_math_restore_and_reset) ... ok
test_grouped_money_touch_and_forced_colors (__main__.BrowserSmoke.test_grouped_money_touch_and_forced_colors) ... ok
test_growth_reminders_return_private_and_mobile (__main__.BrowserSmoke.test_growth_reminders_return_private_and_mobile) ... Growth reminder visual: C:\Users\Mirne\AppData\Local\Temp\ntm-growth-visual-11paaeje\research-reminders-mobile.png
ok
test_homepage_earnings_current_week_expand_and_missing_data (__main__.BrowserSmoke.test_homepage_earnings_current_week_expand_and_missing_data) ... Homepage earnings screenshots: C:\Users\Mirne\AppData\Local\Temp\ntm-home-earnings-pus1o9vo
ok
test_knowledge_bank_search_links_and_accessibility (__main__.BrowserSmoke.test_knowledge_bank_search_links_and_accessibility) ... ----------------------------------------
Exception occurred during processing of request from ('127.0.0.1', 64532)
Traceback (most recent call last):
  File "C:\Users\Mirne\AppData\Local\Programs\Python\Python314\Lib\socketserver.py", line 697, in process_request_thread
    self.finish_request(request, client_address)
    ~~~~~~~~~~~~~~~~~~~^^^^^^^^^^^^^^^^^^^^^^^^^
  File "C:\Users\Mirne\AppData\Local\Programs\Python\Python314\Lib\socketserver.py", line 362, in finish_request
    self.RequestHandlerClass(request, client_address, self)
    ~~~~~~~~~~~~~~~~~~~~~~~~^^^^^^^^^^^^^^^^^^^^^^^^^^^^^^^
  File "C:\Users\Mirne\AppData\Local\Programs\Python\Python314\Lib\http\server.py", line 736, in __init__
    super().__init__(*args, **kwargs)
    ~~~~~~~~~~~~~~~~^^^^^^^^^^^^^^^^^
  File "C:\Users\Mirne\AppData\Local\Programs\Python\Python314\Lib\socketserver.py", line 766, in __init__
    self.handle()
    ~~~~~~~~~~~^^
  File "C:\Users\Mirne\AppData\Local\Programs\Python\Python314\Lib\http\server.py", line 500, in handle
    self.handle_one_request()
    ~~~~~~~~~~~~~~~~~~~~~~~^^
  File "C:\Users\Mirne\AppData\Local\Programs\Python\Python314\Lib\http\server.py", line 488, in handle_one_request
    method()
    ~~~~~~^^
  File "C:\Users\Mirne\AppData\Local\Programs\Python\Python314\Lib\http\server.py", line 743, in do_GET
    self.copyfile(f, self.wfile)
    ~~~~~~~~~~~~~^^^^^^^^^^^^^^^
  File "C:\Users\Mirne\AppData\Local\Programs\Python\Python314\Lib\http\server.py", line 946, in copyfile
    shutil.copyfileobj(source, outputfile)
    ~~~~~~~~~~~~~~~~~~^^^^^^^^^^^^^^^^^^^^
  File "C:\Users\Mirne\AppData\Local\Programs\Python\Python314\Lib\shutil.py", line 257, in copyfileobj
    fdst_write(buf)
    ~~~~~~~~~~^^^^^
  File "C:\Users\Mirne\AppData\Local\Programs\Python\Python314\Lib\socketserver.py", line 845, in write
    self._sock.sendall(b)
    ~~~~~~~~~~~~~~~~~~^^^
ConnectionAbortedError: [WinError 10053] An established connection was aborted by the software in your host machine
----------------------------------------
ok
test_live_grouping_editing_and_yearly_growth (__main__.BrowserSmoke.test_live_grouping_editing_and_yearly_growth) ... ----------------------------------------
Exception occurred during processing of request from ('127.0.0.1', 51595)
Traceback (most recent call last):
  File "C:\Users\Mirne\AppData\Local\Programs\Python\Python314\Lib\socketserver.py", line 697, in process_request_thread
    self.finish_request(request, client_address)
    ~~~~~~~~~~~~~~~~~~~^^^^^^^^^^^^^^^^^^^^^^^^^
  File "C:\Users\Mirne\AppData\Local\Programs\Python\Python314\Lib\socketserver.py", line 362, in finish_request
    self.RequestHandlerClass(request, client_address, self)
    ~~~~~~~~~~~~~~~~~~~~~~~~^^^^^^^^^^^^^^^^^^^^^^^^^^^^^^^
  File "C:\Users\Mirne\AppData\Local\Programs\Python\Python314\Lib\http\server.py", line 736, in __init__
    super().__init__(*args, **kwargs)
    ~~~~~~~~~~~~~~~~^^^^^^^^^^^^^^^^^
  File "C:\Users\Mirne\AppData\Local\Programs\Python\Python314\Lib\socketserver.py", line 766, in __init__
    self.handle()
    ~~~~~~~~~~~^^
  File "C:\Users\Mirne\AppData\Local\Programs\Python\Python314\Lib\http\server.py", line 500, in handle
    self.handle_one_request()
    ~~~~~~~~~~~~~~~~~~~~~~~^^
  File "C:\Users\Mirne\AppData\Local\Programs\Python\Python314\Lib\http\server.py", line 488, in handle_one_request
    method()
    ~~~~~~^^
  File "C:\Users\Mirne\AppData\Local\Programs\Python\Python314\Lib\http\server.py", line 743, in do_GET
    self.copyfile(f, self.wfile)
    ~~~~~~~~~~~~~^^^^^^^^^^^^^^^
  File "C:\Users\Mirne\AppData\Local\Programs\Python\Python314\Lib\http\server.py", line 946, in copyfile
    shutil.copyfileobj(source, outputfile)
    ~~~~~~~~~~~~~~~~~~^^^^^^^^^^^^^^^^^^^^
  File "C:\Users\Mirne\AppData\Local\Programs\Python\Python314\Lib\shutil.py", line 257, in copyfileobj
    fdst_write(buf)
    ~~~~~~~~~~^^^^^
  File "C:\Users\Mirne\AppData\Local\Programs\Python\Python314\Lib\socketserver.py", line 845, in write
    self._sock.sendall(b)
    ~~~~~~~~~~~~~~~~~~^^^
ConnectionAbortedError: [WinError 10053] An established connection was aborted by the software in your host machine
----------------------------------------
ok
test_macro_partial_status_and_field_sources (__main__.BrowserSmoke.test_macro_partial_status_and_field_sources) ... ok
test_manual_label_identity_and_unsafe_entry (__main__.BrowserSmoke.test_manual_label_identity_and_unsafe_entry) ... ok
test_premium_depth_keyboard_tables_and_reduced_motion (__main__.BrowserSmoke.test_premium_depth_keyboard_tables_and_reduced_motion) ... ok
test_premium_theme_contrast_and_zoom_reflow (__main__.BrowserSmoke.test_premium_theme_contrast_and_zoom_reflow) ... ok
test_product_event_commit_boundaries (__main__.BrowserSmoke.test_product_event_commit_boundaries) ... ok
test_product_paths_mobile_navigation_and_second_review (__main__.BrowserSmoke.test_product_paths_mobile_navigation_and_second_review) ... ok
test_quality_dynamic_labels_error_recovery_and_lightbox_focus (__main__.BrowserSmoke.test_quality_dynamic_labels_error_recovery_and_lightbox_focus) ... ok
test_research_ai_foundation (__main__.BrowserSmoke.test_research_ai_foundation) ... ok
test_research_expansion_batches_one_and_two (__main__.BrowserSmoke.test_research_expansion_batches_one_and_two) ... ok
test_research_history_export_outcomes_and_backup_roundtrip (__main__.BrowserSmoke.test_research_history_export_outcomes_and_backup_roundtrip) ... ok
test_research_menu_blocks_background (__main__.BrowserSmoke.test_research_menu_blocks_background) ... ok
test_security_policy_and_untrusted_summary_rendering (__main__.BrowserSmoke.test_security_policy_and_untrusted_summary_rendering) ... ok
test_shared_valuation_surfaces_and_sensitivity (__main__.BrowserSmoke.test_shared_valuation_surfaces_and_sensitivity) ... ok
test_trust_content_journeys_and_instagram (__main__.BrowserSmoke.test_trust_content_journeys_and_instagram) ... ok
test_wave0_credibility_in_real_pages (__main__.BrowserSmoke.test_wave0_credibility_in_real_pages) ... ok
test_week39_earnings_publication_desktop_mobile (__main__.BrowserSmoke.test_week39_earnings_publication_desktop_mobile) ... ok
test_week39_macro_publication_desktop_mobile_and_keyboard (__main__.BrowserSmoke.test_week39_macro_publication_desktop_mobile_and_keyboard) ... ok
test_weekly_macro_today_tomorrow_and_expansion (__main__.BrowserSmoke.test_weekly_macro_today_tomorrow_and_expansion) ... Weekly reliability screenshots: C:\Users\Mirne\AppData\Local\Temp\ntm-weekly-reliability-qmja3eva
ok

----------------------------------------------------------------------
Ran 43 tests in 112.352s

OK
