Browser smoke: Chromium 151.0.7922.34; fresh contexts on http://127.0.0.1:60401
PASS accessibility/CSP: makro.html
PASS accessibility/CSP: fragor-svar-tolka-makroslapp.html
PASS accessibility/CSP: aktievarderingskalkylator.html
PASS accessibility/CSP: fragor-svar-ranta-pa-ranta.html
PASS accessibility/CSP: fragor-svar-arlig-avgift.html
PASS accessibility/CSP: konto.html
PASS accessibility/CSP: profil.html?u=reader_a
PASS accessibility/CSP: analys.html?id=11111111-1111-4111-8111-111111111111
PASS accessibility/CSP: upptack.html
PASS accessibility/CSP: index.html
PASS accessibility/CSP: ranta-pa-ranta.html
PASS accessibility/CSP: havstang.html
PASS accessibility/CSP: isk-skattkalkylator.html
PASS accessibility/CSP: bolanekalkylator.html
PASS accessibility/CSP: research.html?ticker=NVDA
PASS accessibility/CSP: min-ntm.html
PASS accessibility/CSP: post-jordi-visser-linjart-exponentiellt-ai-trading.html
PASS accessibility/CSP: fire-kalkylator.html
PASS accessibility/CSP: sparmalskalkylator.html
PASS accessibility/CSP: aktiekopskalkylator.html
PASS accessibility/CSP: valutajusterad-avkastning.html
PASS accessibility/CSP: rapporter.html
PASS accessibility/CSP: research.html?ticker=TTMI
PASS accessibility/CSP: research.html?ticker=SNDK
PASS accessibility/CSP: research.html?ticker=FLY
PASS accessibility/CSP: research.html?ticker=CRWV
PASS accessibility/CSP: academy.html
PASS accessibility/CSP: academy-cagr.html
PASS accessibility/CSP: academy-isk.html
PASS accessibility/CSP: academy.html?category=statements
PASS accessibility/CSP: academy-financial-statements.html
PASS accessibility/CSP: academy-enterprise-value.html
PASS accessibility/CSP: academy-forward-metrics.html
PASS accessibility/CSP: academy-position-sizing.html
PASS accessibility/CSP: academy-activity-recovery.html
PASS accessibility/CSP: academy-activity-analyse-company.html
PASS accessibility/CSP: academy-activity-cycle-study.html
PASS accessibility/CSP: fragor-svar.html
PASS accessibility/CSP: fragor-svar-pe-tal.html
PASS accessibility/CSP: fragor-svar-usd-sek-avkastning.html
PASS accessibility/CSP: fragor-svar-isk-grunder.html
PASS accessibility/CSP: fragor-svar-active-passive.html
PASS accessibility/CSP: fragor-svar-arithmetic-geometric.html
PASS accessibility/CSP: fragor-svar-asset-ownership.html
PASS accessibility/CSP: fragor-svar-balance-sheet.html
PASS accessibility/CSP: fragor-svar-capex.html
PASS accessibility/CSP: fragor-svar-cash-flow-statement.html
PASS accessibility/CSP: fragor-svar-cashflow-return.html
PASS accessibility/CSP: fragor-svar-concentration.html
PASS accessibility/CSP: fragor-svar-contribution-timing.html
PASS accessibility/CSP: fragor-svar-cpi-pce.html
PASS accessibility/CSP: fragor-svar-debt-maturity.html
PASS accessibility/CSP: fragor-svar-discounting.html
PASS accessibility/CSP: fragor-svar-drawdown.html
PASS accessibility/CSP: fragor-svar-earnings-surprise.html
PASS accessibility/CSP: fragor-svar-ebit-ebitda.html
PASS accessibility/CSP: fragor-svar-enterprise-value.html
PASS accessibility/CSP: fragor-svar-estimate-age.html
PASS accessibility/CSP: fragor-svar-estimate-dispersion.html
PASS accessibility/CSP: fragor-svar-etf.html
PASS accessibility/CSP: fragor-svar-ev-ebitda-limits.html
PASS accessibility/CSP: fragor-svar-ev-market-cap.html
PASS accessibility/CSP: fragor-svar-fact-assumption.html
PASS accessibility/CSP: fragor-svar-falsification.html
PASS accessibility/CSP: fragor-svar-fcf-limitations.html
PASS accessibility/CSP: fragor-svar-fee-double-count.html
PASS accessibility/CSP: fragor-svar-fiscal-calendar.html
PASS accessibility/CSP: fragor-svar-fund-etf.html
PASS accessibility/CSP: fragor-svar-fund-overlap.html
PASS accessibility/CSP: fragor-svar-fund.html
PASS accessibility/CSP: fragor-svar-gross-margin.html
PASS accessibility/CSP: fragor-svar-guidance-consensus.html
PASS accessibility/CSP: fragor-svar-guidance-revision.html
PASS accessibility/CSP: fragor-svar-headline-core.html
PASS accessibility/CSP: fragor-svar-income-statement.html
PASS accessibility/CSP: fragor-svar-index-weighting.html
PASS accessibility/CSP: fragor-svar-index.html
PASS accessibility/CSP: fragor-svar-isk-inputs.html
PASS accessibility/CSP: fragor-svar-isk-year-scope.html
PASS accessibility/CSP: fragor-svar-jobs-unemployment.html
PASS accessibility/CSP: fragor-svar-leverage-downside.html
PASS accessibility/CSP: fragor-svar-liquidity.html
PASS accessibility/CSP: fragor-svar-loss-recovery.html
PASS accessibility/CSP: fragor-svar-macro-no-forecast.html
PASS accessibility/CSP: fragor-svar-macro-revisions.html
PASS accessibility/CSP: fragor-svar-mom-yoy.html
PASS accessibility/CSP: fragor-svar-nominal-real.html
PASS accessibility/CSP: fragor-svar-order-spread.html
PASS accessibility/CSP: fragor-svar-pe-interpretation.html
PASS accessibility/CSP: fragor-svar-pe-losses.html
PASS accessibility/CSP: fragor-svar-pe-versus-ps.html
PASS accessibility/CSP: fragor-svar-peg-limitations.html
PASS accessibility/CSP: fragor-svar-price-value.html
PASS accessibility/CSP: fragor-svar-profit-versus-cash.html
PASS accessibility/CSP: fragor-svar-ps.html
PASS accessibility/CSP: fragor-svar-real-nominal-gdp.html
PASS accessibility/CSP: fragor-svar-report-snapshot.html
PASS accessibility/CSP: fragor-svar-reported-adjusted.html
PASS accessibility/CSP: fragor-svar-revenue-growth.html
PASS accessibility/CSP: fragor-svar-risk-horizon.html
PASS accessibility/CSP: fragor-svar-savings-target.html
PASS accessibility/CSP: fragor-svar-scenario-design.html
PASS accessibility/CSP: fragor-svar-scenario-probability.html
PASS accessibility/CSP: fragor-svar-seasonal-adjustment.html
PASS accessibility/CSP: fragor-svar-sequence-risk.html
PASS accessibility/CSP: fragor-svar-source-provenance.html
PASS accessibility/CSP: fragor-svar-split-dilution.html
PASS accessibility/CSP: fragor-svar-ttm-construction.html
PASS accessibility/CSP: fragor-svar-update-thesis.html
PASS accessibility/CSP: fragor-svar-valuation-sensitivity.html
PASS accessibility/CSP: fragor-svar-volatility-risk.html
PASS accessibility/CSP: fragor-svar-working-capital.html
