RUN C:\Users\Mirne\AppData\Local\Programs\Python\Python314\python.exe -B -m unittest discover -s tests -p test_*.py
......................................................................................................................................................................✔ homepage macro priority keeps major releases visible and counts every hidden event exactly (25.7812ms)
✔ published weekly artifacts and homepage resolve; honest partial/future statuses stay visible (69.5338ms)
✔ shared Stockholm week resolution handles Monday/Sunday/year rollover and never substitutes another week (7.9521ms)
✔ missing current weeks and image/structured mismatches fail for both feeds (126.113ms)
✔ malformed dates, wrong weeks, duplicate identities and false provenance are rejected (99.2067ms)
✔ partial upstream failure may not claim successful complete fetch (59.3175ms)
✔ future authoritative unavailability has a dated explicit exception; current missing week does not (22.3593ms)
ℹ tests 7
ℹ suites 0
ℹ pass 7
ℹ fail 0
ℹ cancelled 0
ℹ skipped 0
ℹ todo 0
ℹ duration_ms 521.0662
.
----------------------------------------------------------------------
Ran 167 tests in 27.888s

OK
[Calendar Info] Live ICS fetch not accessible (offline). Using verified schedule cache.
[Calendar] Loaded 1 events from verified cache C:\Users\Mirne\AppData\Local\Temp\tmpq6k7nobt\calendar.ics.
[*] Processing stock fundamentals for NVDA...
    [Offline mode] Loading SEC fixtures from C:\Users\Mirne\AppData\Local\Temp\ntm-knowledge-release-u22ili18\site\tests\fixtures
    Normalizing company profile, annual & quarterly fundamentals, TTM, and filings...
[*] Processing stock fundamentals for NVDA...
    [Offline mode] Loading SEC fixtures from C:\Users\Mirne\AppData\Local\Temp\ntm-knowledge-release-u22ili18\site\tests\fixtures
    Normalizing company profile, annual & quarterly fundamentals, TTM, and filings...
[*] Processing stock fundamentals for NVDA...
    [Offline mode] Loading SEC fixtures from C:\Users\Mirne\AppData\Local\Temp\ntm-knowledge-release-u22ili18\site\tests\fixtures
    Normalizing company profile, annual & quarterly fundamentals, TTM, and filings...
[*] Processing stock fundamentals for NVDA...
    [Offline mode] Loading SEC fixtures from C:\Users\Mirne\AppData\Local\Temp\ntm-knowledge-release-u22ili18\site\tests\fixtures
    Normalizing company profile, annual & quarterly fundamentals, TTM, and filings...
[*] Processing stock fundamentals for NVDA...
    [Offline mode] Loading SEC fixtures from C:\Users\Mirne\AppData\Local\Temp\ntm-knowledge-release-u22ili18\site\tests\fixtures
    Normalizing company profile, annual & quarterly fundamentals, TTM, and filings...
[*] Processing stock fundamentals for NVDA...
    [Offline mode] Loading SEC fixtures from C:\Users\Mirne\AppData\Local\Temp\ntm-knowledge-release-u22ili18\site\tests\fixtures
    Normalizing company profile, annual & quarterly fundamentals, TTM, and filings...
[*] Processing stock fundamentals for NVDA...
    [Offline mode] Loading SEC fixtures from C:\Users\Mirne\AppData\Local\Temp\ntm-knowledge-release-u22ili18\site\tests\fixtures
    Normalizing company profile, annual & quarterly fundamentals, TTM, and filings...
[*] Processing stock fundamentals for NVDA...
    [Offline mode] Loading SEC fixtures from C:\Users\Mirne\AppData\Local\Temp\ntm-knowledge-release-u22ili18\site\tests\fixtures
    Normalizing company profile, annual & quarterly fundamentals, TTM, and filings...
[*] Processing stock fundamentals for NVDA...
    Resolving CIK for NVDA via SEC company_tickers.json...
    Verified CIK: 0001045810
    Fetching SEC submissions metadata for CIK 0001045810...
[*] Processing stock fundamentals for NVDA...
    Resolving CIK for NVDA via SEC company_tickers.json...
    Verified CIK: 0001045810
    Fetching SEC submissions metadata for CIK 0001045810...
    Fetching SEC XBRL company facts for CIK 0001045810...
[*] Processing stock fundamentals for NVDA...
    Resolving CIK for NVDA via SEC company_tickers.json...
    Verified CIK: 0001045810
    Fetching SEC submissions metadata for CIK 0001045810...
    Fetching SEC XBRL company facts for CIK 0001045810...
[*] Processing stock fundamentals for NVDA...
    Resolving CIK for NVDA via SEC company_tickers.json...
    Verified CIK: 0001045810
    Fetching SEC submissions metadata for CIK 0001045810...
    Fetching SEC XBRL company facts for CIK 0001045810...
[2026-09-20T11:54:26Z] Starting robust macro data update...
[Dynamic Scope] Fetching data for derived years: 2024..2026
[BLS Query] Requesting 13 series in 1 batch request...
[BLS Success] Received 1 series (1 with data points).
[Actual Verified] us-unemployment-rate-test (Aug 2026): 4.0%
[Result] Total events verified/updated: 1
[2026-09-20T11:54:26Z] Successfully wrote C:\Users\Mirne\AppData\Local\Temp\tmpa2mje0b3\events.js (atomic replace).
[*] Processing stock fundamentals for NVDA...
    [Offline mode] Loading SEC fixtures from C:\Users\Mirne\AppData\Local\Temp\ntm-knowledge-release-u22ili18\site\tests\fixtures
    Normalizing company profile, annual & quarterly fundamentals, TTM, and filings...
[OK] Successfully generated verified fundamentals: C:\Users\Mirne\AppData\Local\Temp\tmps60omwwy\NVDA.json
[*] Processing stock fundamentals for SOFI...
    [Offline mode] Loading SEC fixtures from C:\Users\Mirne\AppData\Local\Temp\ntm-knowledge-release-u22ili18\site\tests\fixtures
    Normalizing company profile, annual & quarterly fundamentals, TTM, and filings...
[OK] Successfully generated verified fundamentals: C:\Users\Mirne\AppData\Local\Temp\tmpqgr2qsid\SOFI.json
[*] Processing stock fundamentals for CRWD...
    [Offline mode] Loading SEC fixtures from C:\Users\Mirne\AppData\Local\Temp\ntm-knowledge-release-u22ili18\site\tests\fixtures
    Normalizing company profile, annual & quarterly fundamentals, TTM, and filings...
[OK] Successfully generated verified fundamentals: C:\Users\Mirne\AppData\Local\Temp\tmpckwgdl_5\CRWD.json
[*] Processing stock fundamentals for NVDA...
    Resolving CIK for NVDA via SEC company_tickers.json...
    Verified CIK: 0001045810
    Fetching SEC submissions metadata for CIK 0001045810...
    Fetching SEC XBRL company facts for CIK 0001045810...
    Normalizing company profile, annual & quarterly fundamentals, TTM, and filings...
[OK] Successfully generated verified fundamentals: C:\Users\Mirne\AppData\Local\Temp\tmpmpq7gp1f\NVDA.json
[*] Processing stock fundamentals for NVDA...
    Resolving CIK for NVDA via SEC company_tickers.json...
    Verified CIK: 0001045810
    Fetching SEC submissions metadata for CIK 0001045810...
    Fetching SEC XBRL company facts for CIK 0001045810...
    Normalizing company profile, annual & quarterly fundamentals, TTM, and filings...
[OK] Verified unchanged SEC evidence for NVDA; kept published file intact: C:\Users\Mirne\AppData\Local\Temp\tmpe4fhkqyx\NVDA.json
[*] Processing stock fundamentals for NVDA...
    Resolving CIK for NVDA via SEC company_tickers.json...
    Verified CIK: 0001045810
    Fetching SEC submissions metadata for CIK 0001045810...
    Fetching SEC XBRL company facts for CIK 0001045810...
    Normalizing company profile, annual & quarterly fundamentals, TTM, and filings...
[OK] Successfully generated verified fundamentals: C:\Users\Mirne\AppData\Local\Temp\tmpe4fhkqyx\NVDA.json
[*] Processing stock fundamentals for MU...
    Resolving CIK for MU via SEC company_tickers.json...
    Verified CIK: 0000723125
    Fetching SEC submissions metadata for CIK 0000723125...
    Fetching SEC XBRL company facts for CIK 0000723125...
[*] Processing stock fundamentals for MU...
    Resolving CIK for MU via SEC company_tickers.json...
    Verified CIK: 0000723125
    Fetching SEC submissions metadata for CIK 0000723125...
    Fetching SEC XBRL company facts for CIK 0000723125...
    Normalizing company profile, annual & quarterly fundamentals, TTM, and filings...
[*] Processing stock fundamentals for MRVL...
    Resolving CIK for MRVL via SEC company_tickers.json...
    Verified CIK: 0001835632
    Fetching SEC submissions metadata for CIK 0001835632...
    Fetching SEC XBRL company facts for CIK 0001835632...
[*] Processing stock fundamentals for MRVL...
    Resolving CIK for MRVL via SEC company_tickers.json...
    Verified CIK: 0001835632
    Fetching SEC submissions metadata for CIK 0001835632...
    Fetching SEC XBRL company facts for CIK 0001835632...
    Normalizing company profile, annual & quarterly fundamentals, TTM, and filings...
[*] Processing stock fundamentals for VRT...
    Resolving CIK for VRT via SEC company_tickers.json...
    Verified CIK: 0001674101
    Fetching SEC submissions metadata for CIK 0001674101...
    Fetching SEC XBRL company facts for CIK 0001674101...
[*] Processing stock fundamentals for VRT...
    Resolving CIK for VRT via SEC company_tickers.json...
    Verified CIK: 0001674101
    Fetching SEC submissions metadata for CIK 0001674101...
    Fetching SEC XBRL company facts for CIK 0001674101...
    Normalizing company profile, annual & quarterly fundamentals, TTM, and filings...
[*] Processing stock fundamentals for COHR...
    Resolving CIK for COHR via SEC company_tickers.json...
    Verified CIK: 0000820318
    Fetching SEC submissions metadata for CIK 0000820318...
    Fetching SEC XBRL company facts for CIK 0000820318...
[*] Processing stock fundamentals for COHR...
    Resolving CIK for COHR via SEC company_tickers.json...
    Verified CIK: 0000820318
    Fetching SEC submissions metadata for CIK 0000820318...
    Fetching SEC XBRL company facts for CIK 0000820318...
    Normalizing company profile, annual & quarterly fundamentals, TTM, and filings...
[*] Processing stock fundamentals for RKLB...
    Resolving CIK for RKLB via SEC company_tickers.json...
    Verified CIK: 0001819994
    Fetching SEC submissions metadata for CIK 0001819994...
    Fetching SEC XBRL company facts for CIK 0001819994...
[*] Processing stock fundamentals for RKLB...
    Resolving CIK for RKLB via SEC company_tickers.json...
    Verified CIK: 0001819994
    Fetching SEC submissions metadata for CIK 0001819994...
    Fetching SEC XBRL company facts for CIK 0001819994...
    Normalizing company profile, annual & quarterly fundamentals, TTM, and filings...
[*] Processing stock fundamentals for TTMI...
    Resolving CIK for TTMI via SEC company_tickers.json...
    Verified CIK: 0001116942
    Fetching SEC submissions metadata for CIK 0001116942...
    Fetching SEC XBRL company facts for CIK 0001116942...
    Normalizing company profile, annual & quarterly fundamentals, TTM, and filings...
[*] Processing stock fundamentals for SNDK...
    Resolving CIK for SNDK via SEC company_tickers.json...
    Verified CIK: 0002023554
    Fetching SEC submissions metadata for CIK 0002023554...
    Fetching SEC XBRL company facts for CIK 0002023554...
    Normalizing company profile, annual & quarterly fundamentals, TTM, and filings...
[*] Processing stock fundamentals for FLY...
    Resolving CIK for FLY via SEC company_tickers.json...
    Verified CIK: 0001860160
    Fetching SEC submissions metadata for CIK 0001860160...
    Fetching SEC XBRL company facts for CIK 0001860160...
    Normalizing company profile, annual & quarterly fundamentals, TTM, and filings...
[*] Processing stock fundamentals for CRWV...
    Resolving CIK for CRWV via SEC company_tickers.json...
    Verified CIK: 0001769628
    Fetching SEC submissions metadata for CIK 0001769628...
    Fetching SEC XBRL company facts for CIK 0001769628...
    Normalizing company profile, annual & quarterly fundamentals, TTM, and filings...
[*] Processing stock fundamentals for CRWD...
    Resolving CIK for CRWD via SEC company_tickers.json...
RUN C:/Users/Mirne/AppData/Local/Programs/Python/Python314/Lib/site-packages/playwright/driver/node.exe --test tests\academy-evidence.test.cjs tests\academy-v3.test.cjs tests\academy.test.cjs tests\behavioral.test.cjs tests\calculator-reliability.test.cjs tests\cloud-config.test.cjs tests\cloud-sync.test.cjs tests\continuity.test.cjs tests\knowledge-batch1a.test.cjs tests\knowledge-batch1b.test.cjs tests\knowledge-expansion.test.cjs tests\knowledge.test.cjs tests\knowledge100.test.cjs tests\lifecycle.test.cjs tests\local-data.test.cjs tests\product-trust.test.cjs tests\public-report.test.cjs tests\publication-migration.test.cjs tests\relations.test.cjs tests\release-quality.test.cjs tests\report-v2-postgres.test.cjs tests\research-ai.test.cjs tests\research-entry.test.cjs tests\research-expansion.test.cjs tests\research-workflow.test.cjs tests\social-core.test.cjs tests\valuation-core.test.cjs tests\wave1.test.cjs tests\wave4.test.cjs tests\weekly-events.test.cjs
✔ encounter, legacy lessons/XP and old attempts never establish independent understanding (44.823ms)
✔ first wrong/right, helped, revealed, and retry after feedback have conservative eligibility (50.314ms)
✔ independent new example plus separately labelled application plus seven-day distinct check (17.6311ms)
✔ too-early check, changed anchor, help and repeated delayed variant cannot establish delayed understanding (50.2ms)
✔ later delayed failure keeps the earlier immutable success and recommends honest repetition (25.5176ms)
✔ clock regression/future records and abandoned starts cannot be independent (56.2548ms)
✔ missing, changed task/content/rubric versions and forged independence fail closed without deleting history (83.434ms)
✔ parallel conflicting starts do not become novel evidence after merging (14.937ms)
✔ old backup roundtrip and new evidence merge preserve activity; same-ID conflict rejects all writes (31.1857ms)
✔ answer/prose cannot be persisted in evidence or transferred, expiry/units/destination are checked (25.4047ms)
✔ hundreds of synthetic learning objects retain three visible competency choices and one next task (16.2318ms)
✔ all 18 answers and affected production formula adapters match independent Decimal oracles (12.057ms)
✔ V3 content counts, stable IDs, references and open tier metadata (6.4162ms)
✔ publication rejects broken learning references and missing grading definitions (2.8334ms)
✔ activity pages remain crawlable but are deliberately excluded from search indexing (6.5479ms)
✔ empty and page-open ongoing history never earn XP (20.1877ms)
✔ lesson rewards and achievements survive repetition without duplication (1.3329ms)
✔ incorrect attempts give no XP; successful retries and reloads award once (1.4526ms)
✔ projects require every objective check and self-review before completion XP (1.6681ms)
✔ shared questions cannot be farmed across activities (1.2343ms)
✔ grade numeric, choice, true/false, multi-select and self-review explicitly (0.8012ms)
✔ roadmap, skills, levels and all milestones are attainable (2.4509ms)
✔ recommendations explain prerequisites and resume incomplete activities (2.2951ms)
✔ legacy V2 migrates losslessly; malformed or forged reward fields are rejected (1.2425ms)
✔ Academy catalog has complete, unique, published lessons, valid paths and explicit relation destinations (6.7012ms)
✔ aliases, Swedish diacritics and category searches work without external search (3.5742ms)
✔ each published lesson has original static content, unique SEO and crawlable links; drafts are not generated (23.6088ms)
✔ published learn entities and concept hooks resolve through Connected Experience (69.2646ms)
✔ progress reload, category totals, completion reversal and unknown future IDs stay consistent (26.913ms)
✔ backup V3 roundtrip, legacy V1/V2 merge, conflicts and failed writes preserve progress (52.7804ms)
✔ Academy never enters current cloud rows or queue and a cloud restore preserves local learning (12.4569ms)
✔ V3 attempts round-trip, merge once, migrate V2 Academy and reject conflicts atomically (30.9473ms)
✔ optional checks have valid answers and explanations; no quiz or identity analytics payload (40.5019ms)
✔ ISK lesson delegates dated parameters to the verified rule registry (1.4462ms)
✔ V2 publication rejects thin, unsourced, or disconnected lessons and invalid paths (11.4578ms)
✔ V2 beginner aliases resolve actual catalog topics (3.1289ms)
✔ path completion depends on all saved states and reverses after undo (0.7964ms)
✔ worked financial examples agree with independent fixtures and shared valuation math (1.9135ms)
✔ knowledge bank starts empty and publication requires real reviewed provenance (1.3125ms)
✔ new analytics signals accept no search, quiz, or financial content (2.8217ms)
✔ B70 voluntary pause preserves all review history and due dates without thesis mutations (28.4695ms)
✔ B71 explicit groups link multiple immutable assumptions, rename, detach and tombstone (13.3998ms)
✔ B74 factual transitions, deduplicated reviews, reopen, unresolved questions and separate outcomes (9.1009ms)
✔ B74 counts criteria reviews and answered questions once while copied fields remain unchanged (7.8106ms)
✔ B75 allowlisted blank templates never contain private data or IDs; malicious fields cannot enter output (19.4015ms)
✔ new and legacy backup roundtrips, repeat imports, conflicting branches and no partial writes (29.8437ms)
✔ corrupt storage, unknown fields and blocked writes fail closed (7.3854ms)
✔ ticker deletion removes pause/link histories but preserves other groups, templates and thesis histories (11.8391ms)
✔ cloud encoding and restore preserve compatibility without sending private behavioral history (17.8659ms)
✔ behavioral runtime never emits private analytics or invokes model/network APIs (48.8384ms)
✔ completion uses canonical provenance before DOMContentLoaded without exposing calculation inputs (51.5008ms)
✔ failed and incomplete calculations emit no completion event (5.7626ms)
✔ FIRE fixed purchasing-power withdrawals and nominal inflation linkage match independent oracles (8.0514ms)
✔ comparison cards and chart use selected fees, month-end saving and nominal values in both modes (41.7744ms)
✔ FIRE definition agrees across body, FAQ and structured data (1.1138ms)
✔ yearly compound path: hand oracle, constant parity, contributions, fee and loss boundaries (5.5886ms)
✔ yearly scenario records roundtrip and reject missing years; legacy scenarios remain valid (10.7115ms)
✔ quality boundaries: recovery zero, impossible and non-finite values; error replaces success state (7.8826ms)
✔ leverage explanation oracle: same returns reordered, volatility drag and zero absorption (15.4538ms)
✔ content allows only inert formatting and HTTPS links; rule parameters match executable constants (13.4513ms)
✔ independent monthly cash-flow oracle, fee monotonicity, FX identity and margins (9.2298ms)
✔ loaded leverage callback submits through CalcState and renders real table/chart (19.2616ms)
✔ loaded compound form uses finite chart series agreeing with the main result (11.0478ms)
✔ scenario corruption and unsupported shapes block every write and retain raw recovery data (18.4059ms)
✔ FIRE stress examples remain finite and reject zero/extreme rates (9.4146ms)
✔ GAV optional conversion cost is included once and zero keeps the original result (7.4309ms)
✔ FX teaching example compounds to eight percent and unchanged FX preserves asset return (4.9068ms)
✔ homepage earnings selects the date week, not insertion order, with no priority exclusion (960.746ms)
✔ latest published earnings image has matching structured records for every day (62.2692ms)
✔ generated public config is isolated and grants CSP only to account and public social pages (326.2497ms)
✔ invalid or privileged config fails before changing artifacts (27.8063ms)
✔ secret scan reports category and path without exposing the matched value (28.0052ms)
✔ anonymous/login never uploads; migration is explicit, idempotent and restores manual history and preferences (63.4782ms)
✔ supported snapshots, archived outcomes, scenario plans/observations and envelope metadata round-trip (94.9691ms)
✔ queue reload, bounded backoff, inspectable failures, no duplicate retry and cross-account separation (35.4792ms)
✔ conflicting IDs and corrupt cloud/local data never overwrite history; receipts require confirmation (50.8986ms)
✔ cloud deletion preserves local by default; explicit local removal and logout retain their boundaries (19.9465ms)
✔ adapter delegates persistence/refresh to SDK and returns only verified identity (9.1728ms)
✔ adapter rejects stale restored identity and delegates session removal to SDK (7.8124ms)
✔ SDK OTP errors expose bounded product codes, never provider details (50.2832ms)
✔ legacy IDs, empty scenario groups, additional histories and read-only local use survive cloud preparation (29.0611ms)
✔ queue corruption, blocked writes and concurrent tab changes fail without replacing a queue or local source (19.6198ms)
✔ server conflicts surface explicitly and logout prevents a late receipt being marked synced (62.3994ms)
✔ account changes during authorization cannot write another owner queue or delete that other account (26.8048ms)
✔ derived states and exact overlap order; inactive does not create attention (26.732ms)
✔ ack fingerprints ignore capture time/order, retain unanswered questions, reopen only changed evidence (11.32ms)
✔ legacy whole-report acknowledgements remain quiet without rewriting original storage (8.594ms)
✔ blocked/incomparable observations never become comparable-change lifecycle (7.8995ms)
✔ exact target rejects deleted, replaced, mutated, expired, unknown-version and changed-evidence targets (15.8944ms)
✔ draft validation, corruption, quota and optimistic concurrent writes preserve original bytes (8.3972ms)
✔ snooze is scoped to exact evidence until the chosen local date, no journal mutation (17.0103ms)
✔ keep, revise, close, decline preserve append-only history and acknowledgement through backup/import (100.1159ms)
✔ drafts excluded from backup; import leaves drafts untouched; full deletion includes companions (12.9017ms)
✔ filing accession deduplication distinguishes amendments and keeps unsupported forms out (8.6698ms)
✔ draft quota failure and full-deletion failure preserve journal and companion (9.1852ms)
✔ bounded workspaces, empty cleanup and explicitly reopened draft priority (9.8329ms)
✔ Batch 1A keeps its six accepted objects without preventing future reviewed additions (81.0792ms)
✔ Batch 1A arithmetic is independently checked with the approved scope (0.9406ms)
✔ Batch 1A aliases preserve neutral limitations and abstain for adjacent unreviewed judgments (26.085ms)
✔ Batch 1A explanations use shared contexts and do not leak editorial approval text (9.2588ms)
✔ Batch 1B accepted scope, evidence and prior 35 version integrity (43.8259ms)
✔ Batch 1B arithmetic and shared denominator assumptions (1.0374ms)
✔ Batch 1B curated intents are separated and personal decisions still abstain (35.1108ms)
✔ Batch 1B shared contextual explanations and noindex publication boundary (3.3462ms)
✔ Expansion preserves the starting 41 objects exactly and adds 59 distinct reviewed objects (40.2515ms)
✔ Spread definition exception is complete-question only and requires its reviewed canonical object (18.6415ms)
✔ New tax answers suppress when overdue and unsupported formulas remain unavailable (17.6605ms)
✔ All 100 exact questions survive both full and compact retrieval; bodies remain lazy (21.3557ms)
✔ 26 original questions, two Wave 1 answers and one Wave 4 release answer have valid metadata (34.0412ms)
✔ draft and needs-update content is excluded from catalog, search and generated pages (271.5185ms)
✔ public projection excludes editorial notes, unknown keys and private source notes (109.4655ms)
✔ search matches Swedish aliases, category, concepts and P/E punctuation (7.9306ms)
✔ reviewed question matching is deterministic and abstains on unknown input (33.6642ms)
✔ direct definitions outrank shared concepts and preserve question intent (127.2315ms)
✔ publication gate rejects malformed sources, thin text, IDs, dates and references (317.4909ms)
✔ canonical relationships link every answer to Academy and tools and return to questions (51.3912ms)
✔ each answer has unique metadata, status-appropriate indexing and safe static text (114.2493ms)
✔ ISK uses current rule registry with no copied annual amounts and fails on overdue review (14.155ms)
✔ worked examples match independent formulas and shared calculator math (1.1366ms)
✔ knowledge analytics rejects search content and identifiers (1.9688ms)
✔ Knowledge100 labeled retrieval benchmark has no wrong confident matches or other failures (94.4884ms)
✔ V2 also preserves every positive Wave1 exact/alias fixture (14.5339ms)
✔ formula is bounded, independently checked, unit/period explicit and never evaluated as code (0.7593ms)
✔ safe projection excludes editorial history/private nested notes and bodies from compact index (85.1529ms)
✔ stale policy suppresses rule answers at runtime without refreshing reviews (16.9892ms)
✔ shared context modes accept public IDs only and do not expose full answer in compact/reminder (1.2382ms)
✔ validator rejects missing references, unknown typed fields, alias collisions, source hazards and merge loops (311.0931ms)
✔ new substantive draft requires actual claim evidence and explicit approval before public projection (91.3242ms)
✔ draft-only retrieval aliases, pilot labels and concepts never enter a public index (11.4903ms)
✔ typo ambiguity clarifies rather than selecting a nearby answer (16.0279ms)
✔ substantive history audit detects edits but retrieval configuration changes do not alter content (54.7812ms)
✔ all five local authoring examples validate as drafts and remain out of public pages (118.2476ms)
✔ synthetic generation is explicitly test-only and pagination never embeds the inventory (148.4081ms)
✔ seed migration preserves explicit future editorial metadata instead of resetting reviews or relationships (21.9821ms)
✔ explicit merge retains a navigable old URL while rejecting target chains (108.3434ms)
✔ lazy load deduplicates requests, omits credentials and rejects mixed deployment versions (22.227ms)
✔ B55 shared Research reminders read latest storage, suppress inactive records and never write on display (32.8817ms)
✔ B68/B69 immutable criteria, questions, IDs, dates and duplicate suppression (13.1397ms)
✔ B69 zero, one, three questions; invalid lifecycle records block writes/import without discarding raw data (134.8385ms)
✔ B72 Avstod is an inactive revision, preserved in history and explicitly reopenable (23.0752ms)
✔ B73 user review dates only request reconsideration, never imply falsity; manual queue needs no data (14.3568ms)
✔ B80 manual identity, exports, backup roundtrip, deletion and future support preserve history (31.9774ms)
✔ legacy assumptions gain no invented criteria/dates on read, export or an unchanged save (9.689ms)
✔ B21 price outcomes cannot evaluate assumptions or process; dimensions remain separate (33.935ms)
✔ supported Outcome archives lifecycle evidence after source deletion and rejects malformed lifecycle imports (131.0696ms)
✔ yearly return scenario survives backup/import and malformed series never overwrites storage (49.942ms)
✔ complete backup round trip, repeat merge, conflict rejection, legacy migration and privacy allowlist (732.4494ms)
✔ single/history deletion retains checkpoints; deliberate full delete is isolated and corruption blocks it (299.404ms)
✔ write failure rolls back earlier keys; corrupt current store never gets replaced by valid import (85.7766ms)
✔ assumptions and explicit reviews survive immutable history, exports, merge and legacy reads (381.6022ms)
✔ savings plan observations are append-only, merge by ID, and preserve immutable baseline (22.5657ms)
✔ real savings follow-up uses the captured effective rate and rejects observations after the exact horizon (7.5421ms)
✔ events fail closed on private fields, arbitrary enum values and getters; provider failures are isolated (5.4041ms)
✔ all status states expose words and live semantics; unknown states do not mutate UI (0.7324ms)
✔ landing attribution strips query content and emits no private Research data (3.8129ms)
✔ editorial metadata and original contextual journeys survive catalog migration (78.6496ms)
✔ 2027 exchange dates match primary equity schedules and pending macro warnings expire (4.1714ms)
✔ minimal immutable projection and selected section diff (7.8918ms)
✔ reject private fields at every public boundary, unknown future providers and nulls (4.1311ms)
✔ calculations preserve exact inputs; mismatched periods, definitions and prose rejected (37.8761ms)
✔ chart gaps are explicit, currencies and unsupported series fail closed (2.9639ms)
✔ frozen production annual observations yield bounded candidates with no copied private annotations (83.3225ms)
✔ oversized prose/payload, missing dates and future method versions fail closed (0.6663ms)
✔ known SEC projection drops nested annotations and rejects ambiguous rights (2.6493ms)
✔ old snapshots never borrow issuer identity from current data (5.0924ms)
✔ provider-neutral shape can represent restricted future observations without granting publication rights (0.6055ms)
✔ publication migration preserves deployed clients and authorization (2772.2736ms)
✔ relation schema rejects corrupt IDs, references, vocabulary, metadata and unsupported routes (245.6253ms)
✔ missing files and fragments fail validation, including the actual mode-link contract (135.6072ms)
✔ queries are deterministic, bounded, explicit and suppress planned Academy links (27.6667ms)
✔ one renderer produces escaped, descriptive, crawlable anchors in all generated placements (50.2663ms)
✔ a future Learn publication slots in without changing the renderer or exposing placeholders now (71.6164ms)
✔ relation click analytics are coarse and reject IDs, tickers, URLs, values and unknown enums (4.5948ms)
✔ rule reviews fail at their deadline and when a new ISK income year is unmaintained (5.7607ms)
✔ CSP is deterministic, hashes executable inline code and forbids arbitrary script attributes (159.8145ms)
✔ V2 migration, public boundaries and immutable version lifecycle (2895.66ms)
✔ frozen evaluation: positive-growth (84.7899ms)
✔ frozen evaluation: declining-revenue (14.6357ms)
✔ frozen evaluation: negative-eps (11.0206ms)
✔ frozen evaluation: missing-fcf (12.7961ms)
✔ frozen evaluation: share-basis (15.6648ms)
✔ frozen evaluation: currency (8.5782ms)
✔ frozen evaluation: restatement (13.3109ms)
✔ frozen evaluation: missing-source (12.6697ms)
✔ frozen evaluation: unsupported-company (6.1877ms)
✔ frozen evaluation: manual-thesis (4.8546ms)
✔ frozen evaluation: vague-assumption (4.9786ms)
✔ frozen evaluation: contradictory-evidence (13.1841ms)
✔ frozen evaluation: no-meaningful-change (14.6753ms)
✔ frozen evaluation: prompt-injection (12.1705ms)
✔ frozen evaluation: ignore-rules (12.6139ms)
✔ frozen evaluation: unsupported-factual-question (12.0405ms)
✔ frozen evaluation: missing-citation (19.9576ms)
✔ frozen evaluation: incorrect-confidence (10.9752ms)
✔ frozen evaluation: incorrect-assumption-mapping (12.3306ms)
✔ frozen evaluation: hold-leakage (13.1887ms)
✔ report minimization, unresolved questions and exact deterministic deltas (13.4911ms)
✔ disabled and unknown live providers make zero network calls; mock deterministic and bounded (8.2422ms)
✔ deterministic conflicts never call a provider and unknown conflicts abstain (2.258ms)
✔ selector catalog matches the supported Research registry without duplicate tickers (62.3712ms)
✔ selector finds exact ticker first, names, partial names and normalized case (0.8342ms)
✔ 100 and 550 companies retain all matches and only populated alphabetical groups (3.4453ms)
✔ recents are dated, bounded, deduplicated and do not invent manual coverage (1.1259ms)
✔ B78 publication, route, review queue and connected catalog allowlists agree (94.3703ms)
✔ B78 actual data retains null EPS, source evidence, safe comparisons and explicit manual fallback (143.518ms)
✔ standalone and Research valuation adapters agree with a hand-calculated oracle (92.7681ms)
✔ comparability gate blocks incompatible evidence consistently in Change Detection and Outcomes (214.639ms)
✔ restore historical assumptions only; preserve storage, fundamentals, text, outputs and baseline (300.4855ms)
✔ explicit historical manual EPS restores source and survives calculate/save (202.4099ms)
✔ SEC restore cannot replace manual fallback when current positive SEC EPS is unavailable (356.7385ms)
✔ legacy partial restore skips missing, invalid and unknown EPS assumptions (109.0909ms)
✔ empty and unsupported revisions disable restore without writes or stale state (403.8149ms)
✔ uncalculated edits prompt only when changed assumptions would actually be overwritten (195.8199ms)
✔ equivalent numeric formatting and already-matching edits do not prompt (77.4251ms)
✔ quality: NVDA complete load/render and cross-feature workflow without Chart CDN (152.0672ms)
✔ quality: SOFI complete load/render and cross-feature workflow without Chart CDN (148.2451ms)
✔ quality: CRWD complete load/render and cross-feature workflow without Chart CDN (147.7844ms)
✔ quality: entry does not fetch financial files for unselected companies (15.6573ms)
✔ quality: loading, unsupported ticker, HTTP errors and wrong-company JSON fail safely (23.5949ms)
✔ quality: incomplete metrics render safely and charts use gaps, not invented zeroes (29.5697ms)
✔ quality: invalid horizons, infinities and overflow never replace results or become saved snapshots (315.6813ms)
✔ quality: sensitivity center reflects valid low P/E and negative-growth Base scenario (17.2472ms)
✔ quality: no-op Thesis refresh must not calculate an unsubmitted Outcome price (83.5115ms)
✔ quality: provenance uses keyboard buttons and distinguishes derived, missing and limited data (15.9707ms)
✔ Research editorial labels never expose metric keys and preserve values, units and source concepts (34.4543ms)
✔ Research example, manual and restored price states disclose missing quote date and model basis (14.8213ms)
✔ outcome: all eight fundamentals compare correctly using report dates and immutable inputs (20.1426ms)
✔ outcome: zero, negative and incompatible bases never produce invalid CAGR (23.0751ms)
✔ outcome: missing legacy fields, unknown currencies, and unsupported snapshots are not backfilled (17.4079ms)
✔ outcome: horizon uses elapsed revision time, caps model paths, and never assigns a score (20.7959ms)
✔ outcome: all scenario EPS paths use saved basis and annual growth; manual bases are distinguished (19.1365ms)
✔ outcome: incompatible and overflowing model paths remain unavailable (18.0672ms)
✔ outcome: manual price uses saved starting price and old targets, handles every interval boundary (21.7528ms)
✔ outcome: selecting history, updating price and saving a checkpoint leave valuation, revisions and CD unchanged (73.3625ms)
✔ outcome: multiple explicit checkpoints, stable IDs, duplicate suppression and revision linkage survive reload (70.4893ms)
✔ outcome: deleted source revisions retain self-contained archival checkpoints, including after all-delete and reload (104.1535ms)
✔ outcome: corrupt and unsupported outcome storage blocks writes and preserves raw bytes (102.4841ms)
✔ outcome: quota/access failure and invalid observations never alter existing checkpoint records (34.347ms)
✔ outcome: SOFI unavailable FCF and CRWD missing share basis remain unavailable in observations (33.4557ms)
✔ outcome: invalid manual input blocks checkpoint save and legacy observation UI has no invalid numeric tokens (71.7287ms)
✔ latest export uses saved thesis and outputs, excludes unsaved form changes, and cleans download URL (48.4445ms)
✔ historical Markdown and print use exactly the selected saved revision, never current fundamentals (59.9914ms)
✔ manual export labels valuation EPS separately from historical SEC EPS (66.6239ms)
✔ legacy, missing and unsupported snapshots export safely without current-data backfills (230.5324ms)
✔ export filename is deterministic, sanitized and bounded (13.0783ms)
✔ Markdown escapes table delimiters and HTML; print renders user content as text (13.1544ms)
✔ no saved analysis disables both exports and never autosaves (14.2577ms)
✔ removed selected revision does not silently export latest, and download failures release URLs (74.4794ms)
✔ print CSS isolates document, hides controls and provides white A4 layout and table pagination (0.7759ms)
✔ capture -> real submit -> localStorage -> fresh context -> compare supported metrics and block unverified share basis (98.6766ms)
✔ both legacy naming conventions normalize idempotently without persisting migration (25.887ms)
✔ actual old capture names with missing revenue never invent revenue, net income or margins (13.7457ms)
✔ margins use percentage points, including a zero historical numerator (18.9919ms)
✔ thresholds remain strictly >1 percent and >0.5 pp (24.5389ms)
✔ zero/null/nonfinite baselines and zero revenue never produce NaN or Infinity (26.8502ms)
✔ negative-to-positive earnings use absolute historical denominator (18.5363ms)
✔ SOFI and CRWD unavailable metrics stay null through capture/storage/reload (116.8908ms)
✔ new baseline save and delete immediately clear a visible old report (134.6522ms)
✔ stale valuation blocks save; submit recalculates and stores edited assumptions (82.7606ms)
✔ corrupt and future records do not crash reload, preview, or destroy other records (56.7226ms)
✔ invalid envelopes and inaccessible/full storage fail explicitly without overwriting (58.4329ms)
✔ period, filing filters/limit and old-analysis warning remain functional (14.5586ms)
✔ snapshot metadata survives updates; unrelated and unsupported records are preserved (109.62ms)
✔ explicit null/unsupported values are authoritative; manual EPS never fills missing SEC EPS (14.7527ms)
✔ both Research and Min NTM load the shared schema before storage and comparison (0.8154ms)
✔ existing Min NTM list renders valid and partial migrated theses without numeric crashes (45.9392ms)
✔ V1 becomes a stable first revision without changing text, dates or raw snapshot (63.0047ms)
✔ second meaningful save preserves first revision verbatim and read results are immutable (89.1861ms)
✔ reload defaults to latest; choosing history compares its baseline without changing editor (227.6796ms)
✔ duplicate saves ignore capture timestamps and whitespace; renders create no revisions (120.7768ms)
✔ valuation-only revisions append but manual prices are never company-data changes (101.5435ms)
✔ single revision delete preserves others, latest deletion promotes predecessor, final hides baseline (206.8073ms)
✔ cancelled single/all deletes do nothing and deleting latest retains unsaved editing (46.1617ms)
✔ V2 malformed revisions, duplicate IDs and unsupported envelopes reject destructive writes (67.9855ms)
✔ quota failure preserves every revision and selected baseline (51.084ms)
✔ Min NTM displays only the latest revision with its count and valuation (82.8793ms)
✔ selected legacy baseline never backfills missing metrics and all-delete affects only its ticker (67.4717ms)
✔ publication copies only selected text; nested private data never crosses boundary (3.4528ms)
✔ strict text and minimum publication bounds (0.7243ms)
✔ routes encode input and coarse metrics reject identities (6.2014ms)
✔ hand-calculated valuation fixtures and inverse identities (19.0757ms)
✔ invalid and negative edge cases never leak non-finite numbers (0.6986ms)
✔ year coverage is deterministic and never fabricates next-year dates (0.7745ms)
✔ Wave 1 handoff preserves selected inputs and honest provenance without private fields (4.992ms)
✔ handoff rejects expired/future timestamps, unknown fields, company/currency/unit/method mismatches (2.978ms)
✔ manual EPS has no borrowed reported period or method (0.5755ms)
✔ pinned company identities match every current supported dataset (26.416ms)
✔ 12 concepts resolve to 11 canonical answers, preserve overlap and route to existing practice (86.6845ms)
✔ 30 labelled retrieval cases preserve exact definitions, reviewed typo aliases and abstention (102.6152ms)
✔ new examples match independent arithmetic; reviewed additions stay out of sitemap (1.848ms)
✔ pilot datasets retain original data; all statements expose versioned evidence and all share bases remain unavailable (90.9493ms)
✔ positive annual revenue and margin math agree with independent constants (6.624ms)
✔ adversarial evidence fails closed across period, definition, source, units, base and quality boundaries (100.1812ms)
✔ R6 shows reproducible corresponding profit/EPS rates only with verified weighted share basis (45.8774ms)
✔ R12 source accession/value/version/correction changes are reconstructable and timestamp churn is ignored (105.1796ms)
✔ calendar context distinguishes unknown/revised/first-reported and zero actual without manufacturing consensus (1.1804ms)
✔ homepage macro priority keeps major releases visible and counts every hidden event exactly (52.1995ms)
✔ published weekly artifacts and homepage resolve; honest partial/future statuses stay visible (93.4945ms)
✔ shared Stockholm week resolution handles Monday/Sunday/year rollover and never substitutes another week (15.2577ms)
✔ missing current weeks and image/structured mismatches fail for both feeds (272.8099ms)
✔ malformed dates, wrong weeks, duplicate identities and false provenance are rejected (192.0438ms)
✔ partial upstream failure may not claim successful complete fetch (90.1863ms)
✔ future authoritative unavailability has a dated explicit exception; current missing week does not (25.2739ms)
ℹ tests 303
ℹ suites 0
ℹ pass 303
ℹ fail 0
ℹ cancelled 0
ℹ skipped 0
ℹ todo 0
ℹ duration_ms 6924.367
RUN C:/Users/Mirne/AppData/Local/Programs/Python/Python314/Lib/site-packages/playwright/driver/node.exe scripts/build_seo.cjs --check
SEO: 85 canonical sitemap URLs, 7 existing articles; 0 files outdated.
RUN C:/Users/Mirne/AppData/Local/Programs/Python/Python314/Lib/site-packages/playwright/driver/node.exe scripts/knowledge_history.cjs
Knowledge substantive version/history audit passed. No review dates changed.
RUN C:/Users/Mirne/AppData/Local/Programs/Python/Python314/Lib/site-packages/playwright/driver/node.exe scripts/knowledge_editorial.cjs validate
{
  "valid": true,
  "answers": 100
}
RUN C:/Users/Mirne/AppData/Local/Programs/Python/Python314/Lib/site-packages/playwright/driver/node.exe scripts/check_calendar_coverage.cjs
::notice::Macro 2027: complete schedules not yet published at last check; recheck 2026-11-01
RUN C:/Users/Mirne/AppData/Local/Programs/Python/Python314/Lib/site-packages/playwright/driver/node.exe scripts/check_weekly_events.cjs
::warning::[partial_update] Macro upstream update is partial; failed/unavailable sources remain explicit. No consensus values are inferred.
::notice::[not_yet_published] Macro 2027: future authoritative schedule not yet published; recheck 2026-11-01.
PASS: weekly records, image reviews and homepage resolution; empty days are valid.
RUN C:/Users/Mirne/AppData/Local/Programs/Python/Python314/Lib/site-packages/playwright/driver/node.exe scripts/check_rules.cjs
Rule registry: 0 issues. Source verification remains an owner responsibility.
RUN C:/Users/Mirne/AppData/Local/Programs/Python/Python314/Lib/site-packages/playwright/driver/node.exe scripts/check_cloud_security.cjs
PASS credential-pattern scan/public configuration (working tree; not git history)
RUN git -c core.safecrlf=false diff --check
PASS credential-pattern scan/public configuration and staged CSP
PASS: release tests, generated artifacts, calendar/rules, staging and local references
