RUN C:\Users\Mirne\AppData\Local\Programs\Python\Python314\python.exe -B -m unittest discover -s tests -p test_*.py
......................................................................................................................................................................✔ homepage macro priority keeps major releases visible and counts every hidden event exactly (18.6962ms)
✖ published weekly artifacts and homepage resolve; honest partial/future statuses stay visible (35.4999ms)
✔ shared Stockholm week resolution handles Monday/Sunday/year rollover and never substitutes another week (8.7647ms)
✔ missing current weeks and image/structured mismatches fail for both feeds (135.4634ms)
✔ malformed dates, wrong weeks, duplicate identities and false provenance are rejected (103.1276ms)
✖ partial upstream failure may not claim successful complete fetch (59.1018ms)
✖ future authoritative unavailability has a dated explicit exception; current missing week does not (14.0789ms)
ℹ tests 7
ℹ suites 0
ℹ pass 4
ℹ fail 3
ℹ cancelled 0
ℹ skipped 0
ℹ todo 0
ℹ duration_ms 463.1586

✖ failing tests:

test at tests\weekly-events.test.cjs:18:1
✖ published weekly artifacts and homepage resolve; honest partial/future statuses stay visible (35.4999ms)
  AssertionError [ERR_ASSERTION]: Expected values to be strictly deep-equal:
  + actual - expected
  
  + [
  +   'unregistered_image',
  +   'unregistered_image'
  + ]
  - []
  
      at TestContext.<anonymous> (C:\Users\Mirne\Desktop\investment-site\tests\weekly-events.test.cjs:19:26)
      at Test.runInAsyncScope (node:async_hooks:227:14)
      at Test.run (node:internal/test_runner/test:1325:25)
      at Test.processPendingSubtests (node:internal/test_runner/test:911:18)
      at Test.postRun (node:internal/test_runner/test:1465:19)
      at Test.run (node:internal/test_runner/test:1390:12)
      at async startSubtestAfterBootstrap (node:internal/test_runner/harness:385:3) {
    generatedMessage: true,
    code: 'ERR_ASSERTION',
    actual: [ 'unregistered_image', 'unregistered_image' ],
    expected: [],
    operator: 'deepStrictEqual',
    diff: 'simple'
  }

test at tests\weekly-events.test.cjs:49:1
✖ partial upstream failure may not claim successful complete fetch (59.1018ms)
  AssertionError [ERR_ASSERTION]: Expected values to be strictly deep-equal:
  + actual - expected
  
  + [
  +   'unregistered_image',
  +   'unregistered_image'
  + ]
  - []
  
      at TestContext.<anonymous> (C:\Users\Mirne\Desktop\investment-site\tests\weekly-events.test.cjs:53:123)
      at Test.runInAsyncScope (node:async_hooks:227:14)
      at Test.run (node:internal/test_runner/test:1325:25)
      at Test.processPendingSubtests (node:internal/test_runner/test:911:18)
      at Test.postRun (node:internal/test_runner/test:1465:19)
      at Test.run (node:internal/test_runner/test:1390:12)
      at async Test.processPendingSubtests (node:internal/test_runner/test:911:7) {
    generatedMessage: true,
    code: 'ERR_ASSERTION',
    actual: [ 'unregistered_image', 'unregistered_image' ],
    expected: [],
    operator: 'deepStrictEqual',
    diff: 'simple'
  }

test at tests\weekly-events.test.cjs:55:1
✖ future authoritative unavailability has a dated explicit exception; current missing week does not (14.0789ms)
  AssertionError [ERR_ASSERTION]: Expected values to be strictly deep-equal:
  + actual - expected
  
  + [
  +   'unregistered_image',
  +   'unregistered_image'
  + ]
  - []
  
      at TestContext.<anonymous> (C:\Users\Mirne\Desktop\investment-site\tests\weekly-events.test.cjs:57:10)
      at Test.runInAsyncScope (node:async_hooks:227:14)
      at Test.run (node:internal/test_runner/test:1325:25)
      at Test.processPendingSubtests (node:internal/test_runner/test:911:18)
      at Test.postRun (node:internal/test_runner/test:1465:19)
      at Test.run (node:internal/test_runner/test:1390:12)
      at async Test.processPendingSubtests (node:internal/test_runner/test:911:7) {
    generatedMessage: true,
    code: 'ERR_ASSERTION',
    actual: [ 'unregistered_image', 'unregistered_image' ],
    expected: [],
    operator: 'deepStrictEqual',
    diff: 'simple'
  }
E
======================================================================
ERROR: test_weekly_publication_contracts (test_weekly_events.WeeklyEventsTests.test_weekly_publication_contracts)
----------------------------------------------------------------------
Traceback (most recent call last):
  File "C:\Users\Mirne\Desktop\investment-site\tests\test_weekly_events.py", line 12, in test_weekly_publication_contracts
    subprocess.run([node, '--test', 'tests/weekly-events.test.cjs'], cwd=Path(__file__).resolve().parents[1], check=True)
    ~~~~~~~~~~~~~~^^^^^^^^^^^^^^^^^^^^^^^^^^^^^^^^^^^^^^^^^^^^^^^^^^^^^^^^^^^^^^^^^^^^^^^^^^^^^^^^^^^^^^^^^^^^^^^^^^^^^^^
  File "C:\Users\Mirne\AppData\Local\Programs\Python\Python314\Lib\subprocess.py", line 578, in run
    raise CalledProcessError(retcode, process.args,
                             output=stdout, stderr=stderr)
subprocess.CalledProcessError: Command '['C:/Users/Mirne/AppData/Local/Programs/Python/Python314/Lib/site-packages/playwright/driver/node.exe', '--test', 'tests/weekly-events.test.cjs']' returned non-zero exit status 1.

----------------------------------------------------------------------
Ran 167 tests in 25.355s

FAILED (errors=1)
[Calendar Info] Live ICS fetch not accessible (offline). Using verified schedule cache.
[Calendar] Loaded 1 events from verified cache C:\Users\Mirne\AppData\Local\Temp\tmpox0xmeea\calendar.ics.
[*] Processing stock fundamentals for NVDA...
    [Offline mode] Loading SEC fixtures from C:\Users\Mirne\Desktop\investment-site\tests\fixtures
    Normalizing company profile, annual & quarterly fundamentals, TTM, and filings...
[*] Processing stock fundamentals for NVDA...
    [Offline mode] Loading SEC fixtures from C:\Users\Mirne\Desktop\investment-site\tests\fixtures
    Normalizing company profile, annual & quarterly fundamentals, TTM, and filings...
[*] Processing stock fundamentals for NVDA...
    [Offline mode] Loading SEC fixtures from C:\Users\Mirne\Desktop\investment-site\tests\fixtures
    Normalizing company profile, annual & quarterly fundamentals, TTM, and filings...
[*] Processing stock fundamentals for NVDA...
    [Offline mode] Loading SEC fixtures from C:\Users\Mirne\Desktop\investment-site\tests\fixtures
    Normalizing company profile, annual & quarterly fundamentals, TTM, and filings...
[*] Processing stock fundamentals for NVDA...
    [Offline mode] Loading SEC fixtures from C:\Users\Mirne\Desktop\investment-site\tests\fixtures
    Normalizing company profile, annual & quarterly fundamentals, TTM, and filings...
[*] Processing stock fundamentals for NVDA...
    [Offline mode] Loading SEC fixtures from C:\Users\Mirne\Desktop\investment-site\tests\fixtures
    Normalizing company profile, annual & quarterly fundamentals, TTM, and filings...
[*] Processing stock fundamentals for NVDA...
    [Offline mode] Loading SEC fixtures from C:\Users\Mirne\Desktop\investment-site\tests\fixtures
    Normalizing company profile, annual & quarterly fundamentals, TTM, and filings...
[*] Processing stock fundamentals for NVDA...
    [Offline mode] Loading SEC fixtures from C:\Users\Mirne\Desktop\investment-site\tests\fixtures
    Normalizing company profile, annual & quarterly fundamentals, TTM, and filings...
[*] Processing stock fundamentals for NVDA...
    Resolving CIK for NVDA via SEC company_tickers.json...
    Verified CIK: 0001045810
    Fetching SEC submissions metadata for CIK 0001045810...
[*] Processing stock fundamentals for NVDA...
    Resolving CIK for NVDA via SEC company_tickers.json...
    Verified CIK: 0001045810
    Fetching SEC submissions metadata for CIK 0001045810...
    Fetching SEC XBRL company facts for CIK 0001045810...
[*] Processing stock fundamentals for NVDA...
    Resolving CIK for NVDA via SEC company_tickers.json...
    Verified CIK: 0001045810
    Fetching SEC submissions metadata for CIK 0001045810...
    Fetching SEC XBRL company facts for CIK 0001045810...
[*] Processing stock fundamentals for NVDA...
    Resolving CIK for NVDA via SEC company_tickers.json...
    Verified CIK: 0001045810
    Fetching SEC submissions metadata for CIK 0001045810...
    Fetching SEC XBRL company facts for CIK 0001045810...
[2026-09-20T11:45:26Z] Starting robust macro data update...
[Dynamic Scope] Fetching data for derived years: 2024..2026
[BLS Query] Requesting 13 series in 1 batch request...
[BLS Success] Received 1 series (1 with data points).
[Actual Verified] us-unemployment-rate-test (Aug 2026): 4.0%
[Result] Total events verified/updated: 1
[2026-09-20T11:45:26Z] Successfully wrote C:\Users\Mirne\AppData\Local\Temp\tmp9q90q7_1\events.js (atomic replace).
[*] Processing stock fundamentals for NVDA...
    [Offline mode] Loading SEC fixtures from C:\Users\Mirne\Desktop\investment-site\tests\fixtures
    Normalizing company profile, annual & quarterly fundamentals, TTM, and filings...
[OK] Successfully generated verified fundamentals: C:\Users\Mirne\AppData\Local\Temp\tmpk7ee_lh6\NVDA.json
[*] Processing stock fundamentals for SOFI...
    [Offline mode] Loading SEC fixtures from C:\Users\Mirne\Desktop\investment-site\tests\fixtures
    Normalizing company profile, annual & quarterly fundamentals, TTM, and filings...
[OK] Successfully generated verified fundamentals: C:\Users\Mirne\AppData\Local\Temp\tmp9vzvrxg7\SOFI.json
[*] Processing stock fundamentals for CRWD...
    [Offline mode] Loading SEC fixtures from C:\Users\Mirne\Desktop\investment-site\tests\fixtures
    Normalizing company profile, annual & quarterly fundamentals, TTM, and filings...
[OK] Successfully generated verified fundamentals: C:\Users\Mirne\AppData\Local\Temp\tmpk_2gfysz\CRWD.json
[*] Processing stock fundamentals for NVDA...
    Resolving CIK for NVDA via SEC company_tickers.json...
    Verified CIK: 0001045810
    Fetching SEC submissions metadata for CIK 0001045810...
    Fetching SEC XBRL company facts for CIK 0001045810...
    Normalizing company profile, annual & quarterly fundamentals, TTM, and filings...
[OK] Successfully generated verified fundamentals: C:\Users\Mirne\AppData\Local\Temp\tmphosqp9uh\NVDA.json
[*] Processing stock fundamentals for NVDA...
    Resolving CIK for NVDA via SEC company_tickers.json...
    Verified CIK: 0001045810
    Fetching SEC submissions metadata for CIK 0001045810...
    Fetching SEC XBRL company facts for CIK 0001045810...
    Normalizing company profile, annual & quarterly fundamentals, TTM, and filings...
[OK] Verified unchanged SEC evidence for NVDA; kept published file intact: C:\Users\Mirne\AppData\Local\Temp\tmpj24u90ut\NVDA.json
[*] Processing stock fundamentals for NVDA...
    Resolving CIK for NVDA via SEC company_tickers.json...
    Verified CIK: 0001045810
    Fetching SEC submissions metadata for CIK 0001045810...
    Fetching SEC XBRL company facts for CIK 0001045810...
    Normalizing company profile, annual & quarterly fundamentals, TTM, and filings...
[OK] Successfully generated verified fundamentals: C:\Users\Mirne\AppData\Local\Temp\tmpj24u90ut\NVDA.json
[*] Processing stock fundamentals for MU...
    Resolving CIK for MU via SEC company_tickers.json...
    Verified CIK: 0000723125
    Fetching SEC submissions metadata for CIK 0000723125...
    Fetching SEC XBRL company facts for CIK 0000723125...
[*] Processing stock fundamentals for MU...
    Resolving CIK for MU via SEC company_tickers.json...
    Verified CIK: 0000723125
    Fetching SEC submissions metadata for CIK 0000723125...
    Fetching SEC XBRL company facts for CIK 0000723125...
    Normalizing company profile, annual & quarterly fundamentals, TTM, and filings...
[*] Processing stock fundamentals for MRVL...
    Resolving CIK for MRVL via SEC company_tickers.json...
    Verified CIK: 0001835632
    Fetching SEC submissions metadata for CIK 0001835632...
    Fetching SEC XBRL company facts for CIK 0001835632...
[*] Processing stock fundamentals for MRVL...
    Resolving CIK for MRVL via SEC company_tickers.json...
    Verified CIK: 0001835632
    Fetching SEC submissions metadata for CIK 0001835632...
    Fetching SEC XBRL company facts for CIK 0001835632...
    Normalizing company profile, annual & quarterly fundamentals, TTM, and filings...
[*] Processing stock fundamentals for VRT...
    Resolving CIK for VRT via SEC company_tickers.json...
    Verified CIK: 0001674101
    Fetching SEC submissions metadata for CIK 0001674101...
    Fetching SEC XBRL company facts for CIK 0001674101...
[*] Processing stock fundamentals for VRT...
    Resolving CIK for VRT via SEC company_tickers.json...
    Verified CIK: 0001674101
    Fetching SEC submissions metadata for CIK 0001674101...
    Fetching SEC XBRL company facts for CIK 0001674101...
    Normalizing company profile, annual & quarterly fundamentals, TTM, and filings...
[*] Processing stock fundamentals for COHR...
    Resolving CIK for COHR via SEC company_tickers.json...
    Verified CIK: 0000820318
    Fetching SEC submissions metadata for CIK 0000820318...
    Fetching SEC XBRL company facts for CIK 0000820318...
[*] Processing stock fundamentals for COHR...
    Resolving CIK for COHR via SEC company_tickers.json...
    Verified CIK: 0000820318
    Fetching SEC submissions metadata for CIK 0000820318...
    Fetching SEC XBRL company facts for CIK 0000820318...
    Normalizing company profile, annual & quarterly fundamentals, TTM, and filings...
[*] Processing stock fundamentals for RKLB...
    Resolving CIK for RKLB via SEC company_tickers.json...
    Verified CIK: 0001819994
    Fetching SEC submissions metadata for CIK 0001819994...
    Fetching SEC XBRL company facts for CIK 0001819994...
[*] Processing stock fundamentals for RKLB...
    Resolving CIK for RKLB via SEC company_tickers.json...
    Verified CIK: 0001819994
    Fetching SEC submissions metadata for CIK 0001819994...
    Fetching SEC XBRL company facts for CIK 0001819994...
    Normalizing company profile, annual & quarterly fundamentals, TTM, and filings...
[*] Processing stock fundamentals for TTMI...
    Resolving CIK for TTMI via SEC company_tickers.json...
    Verified CIK: 0001116942
    Fetching SEC submissions metadata for CIK 0001116942...
    Fetching SEC XBRL company facts for CIK 0001116942...
    Normalizing company profile, annual & quarterly fundamentals, TTM, and filings...
[*] Processing stock fundamentals for SNDK...
    Resolving CIK for SNDK via SEC company_tickers.json...
    Verified CIK: 0002023554
    Fetching SEC submissions metadata for CIK 0002023554...
    Fetching SEC XBRL company facts for CIK 0002023554...
    Normalizing company profile, annual & quarterly fundamentals, TTM, and filings...
[*] Processing stock fundamentals for FLY...
    Resolving CIK for FLY via SEC company_tickers.json...
    Verified CIK: 0001860160
    Fetching SEC submissions metadata for CIK 0001860160...
    Fetching SEC XBRL company facts for CIK 0001860160...
    Normalizing company profile, annual & quarterly fundamentals, TTM, and filings...
[*] Processing stock fundamentals for CRWV...
    Resolving CIK for CRWV via SEC company_tickers.json...
    Verified CIK: 0001769628
    Fetching SEC submissions metadata for CIK 0001769628...
    Fetching SEC XBRL company facts for CIK 0001769628...
    Normalizing company profile, annual & quarterly fundamentals, TTM, and filings...
[*] Processing stock fundamentals for CRWD...
    Resolving CIK for CRWD via SEC company_tickers.json...
Traceback (most recent call last):
  File "C:\Users\Mirne\Desktop\investment-site\scripts\validate_release.py", line 40, in <module>
    main()
    ~~~~^^
  File "C:\Users\Mirne\Desktop\investment-site\scripts\validate_release.py", line 30, in main
    subprocess.run(command, cwd=ROOT, check=True)
    ~~~~~~~~~~~~~~^^^^^^^^^^^^^^^^^^^^^^^^^^^^^^^
  File "C:\Users\Mirne\AppData\Local\Programs\Python\Python314\Lib\subprocess.py", line 578, in run
    raise CalledProcessError(retcode, process.args,
                             output=stdout, stderr=stderr)
subprocess.CalledProcessError: Command '['C:\\Users\\Mirne\\AppData\\Local\\Programs\\Python\\Python314\\python.exe', '-B', '-m', 'unittest', 'discover', '-s', 'tests', '-p', 'test_*.py']' returned non-zero exit status 1.
