Browser smoke: Chromium 151.0.7922.34; fresh contexts on http://127.0.0.1:62937
PASS accessibility/CSP: makro.html
PASS accessibility/CSP: fragor-svar-tolka-makroslapp.html
PASS accessibility/CSP: aktievarderingskalkylator.html
PASS accessibility/CSP: fragor-svar-ranta-pa-ranta.html
PASS accessibility/CSP: fragor-svar-arlig-avgift.html
PASS accessibility/CSP: konto.html
PASS accessibility/CSP: profil.html?u=reader_a
PASS accessibility/CSP: analys.html?id=11111111-1111-4111-8111-111111111111
PASS accessibility/CSP: upptack.html
PASS accessibility/CSP: index.html
PASS accessibility/CSP: ranta-pa-ranta.html
PASS accessibility/CSP: havstang.html
PASS accessibility/CSP: isk-skattkalkylator.html
PASS accessibility/CSP: bolanekalkylator.html
PASS accessibility/CSP: research.html?ticker=NVDA
PASS accessibility/CSP: min-ntm.html
PASS accessibility/CSP: post-jordi-visser-linjart-exponentiellt-ai-trading.html
PASS accessibility/CSP: fire-kalkylator.html
PASS accessibility/CSP: sparmalskalkylator.html
PASS accessibility/CSP: aktiekopskalkylator.html
PASS accessibility/CSP: valutajusterad-avkastning.html
PASS accessibility/CSP: rapporter.html
PASS accessibility/CSP: research.html?ticker=TTMI
PASS accessibility/CSP: research.html?ticker=SNDK
PASS accessibility/CSP: research.html?ticker=FLY
PASS accessibility/CSP: research.html?ticker=CRWV
PASS accessibility/CSP: academy.html
PASS accessibility/CSP: academy-cagr.html
PASS accessibility/CSP: academy-isk.html
PASS accessibility/CSP: academy.html?category=statements
PASS accessibility/CSP: academy-financial-statements.html
PASS accessibility/CSP: academy-enterprise-value.html
PASS accessibility/CSP: academy-forward-metrics.html
PASS accessibility/CSP: academy-position-sizing.html
PASS accessibility/CSP: academy-activity-recovery.html
PASS accessibility/CSP: academy-activity-analyse-company.html
PASS accessibility/CSP: academy-activity-cycle-study.html
PASS accessibility/CSP: fragor-svar.html
PASS accessibility/CSP: fragor-svar-pe-tal.html
PASS accessibility/CSP: fragor-svar-usd-sek-avkastning.html
PASS accessibility/CSP: fragor-svar-isk-grunder.html
