RUN C:\Users\Mirne\AppData\Local\Programs\Python\Python314\python.exe -B -m unittest discover -s tests -p test_*.py
......................................................................................................................................................................✔ homepage macro priority keeps major releases visible and counts every hidden event exactly (17.9375ms)
✔ published weekly artifacts and homepage resolve; honest partial/future statuses stay visible (41.6234ms)
✔ shared Stockholm week resolution handles Monday/Sunday/year rollover and never substitutes another week (7.8333ms)
✔ missing current weeks and image/structured mismatches fail for both feeds (126.86ms)
✔ malformed dates, wrong weeks, duplicate identities and false provenance are rejected (98.6183ms)
✔ partial upstream failure may not claim successful complete fetch (59.1674ms)
✔ future authoritative unavailability has a dated explicit exception; current missing week does not (19.3666ms)
ℹ tests 7
ℹ suites 0
ℹ pass 7
ℹ fail 0
ℹ cancelled 0
ℹ skipped 0
ℹ todo 0
ℹ duration_ms 456.4459
.
----------------------------------------------------------------------
Ran 167 tests in 23.282s

OK
[Calendar Info] Live ICS fetch not accessible (offline). Using verified schedule cache.
[Calendar] Loaded 1 events from verified cache C:\Users\Mirne\AppData\Local\Temp\tmpkjruvsxq\calendar.ics.
[*] Processing stock fundamentals for NVDA...
    [Offline mode] Loading SEC fixtures from C:\Users\Mirne\Desktop\investment-site\tests\fixtures
    Normalizing company profile, annual & quarterly fundamentals, TTM, and filings...
[*] Processing stock fundamentals for NVDA...
    [Offline mode] Loading SEC fixtures from C:\Users\Mirne\Desktop\investment-site\tests\fixtures
    Normalizing company profile, annual & quarterly fundamentals, TTM, and filings...
[*] Processing stock fundamentals for NVDA...
    [Offline mode] Loading SEC fixtures from C:\Users\Mirne\Desktop\investment-site\tests\fixtures
    Normalizing company profile, annual & quarterly fundamentals, TTM, and filings...
[*] Processing stock fundamentals for NVDA...
    [Offline mode] Loading SEC fixtures from C:\Users\Mirne\Desktop\investment-site\tests\fixtures
    Normalizing company profile, annual & quarterly fundamentals, TTM, and filings...
[*] Processing stock fundamentals for NVDA...
    [Offline mode] Loading SEC fixtures from C:\Users\Mirne\Desktop\investment-site\tests\fixtures
    Normalizing company profile, annual & quarterly fundamentals, TTM, and filings...
[*] Processing stock fundamentals for NVDA...
    [Offline mode] Loading SEC fixtures from C:\Users\Mirne\Desktop\investment-site\tests\fixtures
    Normalizing company profile, annual & quarterly fundamentals, TTM, and filings...
[*] Processing stock fundamentals for NVDA...
    [Offline mode] Loading SEC fixtures from C:\Users\Mirne\Desktop\investment-site\tests\fixtures
    Normalizing company profile, annual & quarterly fundamentals, TTM, and filings...
[*] Processing stock fundamentals for NVDA...
    [Offline mode] Loading SEC fixtures from C:\Users\Mirne\Desktop\investment-site\tests\fixtures
    Normalizing company profile, annual & quarterly fundamentals, TTM, and filings...
[*] Processing stock fundamentals for NVDA...
    Resolving CIK for NVDA via SEC company_tickers.json...
    Verified CIK: 0001045810
    Fetching SEC submissions metadata for CIK 0001045810...
[*] Processing stock fundamentals for NVDA...
    Resolving CIK for NVDA via SEC company_tickers.json...
    Verified CIK: 0001045810
    Fetching SEC submissions metadata for CIK 0001045810...
    Fetching SEC XBRL company facts for CIK 0001045810...
[*] Processing stock fundamentals for NVDA...
    Resolving CIK for NVDA via SEC company_tickers.json...
    Verified CIK: 0001045810
    Fetching SEC submissions metadata for CIK 0001045810...
    Fetching SEC XBRL company facts for CIK 0001045810...
[*] Processing stock fundamentals for NVDA...
    Resolving CIK for NVDA via SEC company_tickers.json...
    Verified CIK: 0001045810
    Fetching SEC submissions metadata for CIK 0001045810...
    Fetching SEC XBRL company facts for CIK 0001045810...
[2026-09-20T07:31:31Z] Starting robust macro data update...
[Dynamic Scope] Fetching data for derived years: 2024..2026
[BLS Query] Requesting 13 series in 1 batch request...
[BLS Success] Received 1 series (1 with data points).
[Actual Verified] us-unemployment-rate-test (Aug 2026): 4.0%
[Result] Total events verified/updated: 1
[2026-09-20T07:31:31Z] Successfully wrote C:\Users\Mirne\AppData\Local\Temp\tmph7342xxp\events.js (atomic replace).
[*] Processing stock fundamentals for NVDA...
    [Offline mode] Loading SEC fixtures from C:\Users\Mirne\Desktop\investment-site\tests\fixtures
    Normalizing company profile, annual & quarterly fundamentals, TTM, and filings...
[OK] Successfully generated verified fundamentals: C:\Users\Mirne\AppData\Local\Temp\tmpp_8jv8ny\NVDA.json
[*] Processing stock fundamentals for SOFI...
    [Offline mode] Loading SEC fixtures from C:\Users\Mirne\Desktop\investment-site\tests\fixtures
    Normalizing company profile, annual & quarterly fundamentals, TTM, and filings...
[OK] Successfully generated verified fundamentals: C:\Users\Mirne\AppData\Local\Temp\tmplwbx8big\SOFI.json
[*] Processing stock fundamentals for CRWD...
    [Offline mode] Loading SEC fixtures from C:\Users\Mirne\Desktop\investment-site\tests\fixtures
    Normalizing company profile, annual & quarterly fundamentals, TTM, and filings...
[OK] Successfully generated verified fundamentals: C:\Users\Mirne\AppData\Local\Temp\tmpxk9kxx0e\CRWD.json
[*] Processing stock fundamentals for NVDA...
    Resolving CIK for NVDA via SEC company_tickers.json...
    Verified CIK: 0001045810
    Fetching SEC submissions metadata for CIK 0001045810...
    Fetching SEC XBRL company facts for CIK 0001045810...
    Normalizing company profile, annual & quarterly fundamentals, TTM, and filings...
[OK] Successfully generated verified fundamentals: C:\Users\Mirne\AppData\Local\Temp\tmpfon3ah4b\NVDA.json
[*] Processing stock fundamentals for NVDA...
    Resolving CIK for NVDA via SEC company_tickers.json...
    Verified CIK: 0001045810
    Fetching SEC submissions metadata for CIK 0001045810...
    Fetching SEC XBRL company facts for CIK 0001045810...
    Normalizing company profile, annual & quarterly fundamentals, TTM, and filings...
[OK] Verified unchanged SEC evidence for NVDA; kept published file intact: C:\Users\Mirne\AppData\Local\Temp\tmp7ahvjbn1\NVDA.json
[*] Processing stock fundamentals for NVDA...
    Resolving CIK for NVDA via SEC company_tickers.json...
    Verified CIK: 0001045810
    Fetching SEC submissions metadata for CIK 0001045810...
    Fetching SEC XBRL company facts for CIK 0001045810...
    Normalizing company profile, annual & quarterly fundamentals, TTM, and filings...
[OK] Successfully generated verified fundamentals: C:\Users\Mirne\AppData\Local\Temp\tmp7ahvjbn1\NVDA.json
[*] Processing stock fundamentals for MU...
    Resolving CIK for MU via SEC company_tickers.json...
    Verified CIK: 0000723125
    Fetching SEC submissions metadata for CIK 0000723125...
    Fetching SEC XBRL company facts for CIK 0000723125...
[*] Processing stock fundamentals for MU...
    Resolving CIK for MU via SEC company_tickers.json...
    Verified CIK: 0000723125
    Fetching SEC submissions metadata for CIK 0000723125...
    Fetching SEC XBRL company facts for CIK 0000723125...
    Normalizing company profile, annual & quarterly fundamentals, TTM, and filings...
[*] Processing stock fundamentals for MRVL...
    Resolving CIK for MRVL via SEC company_tickers.json...
    Verified CIK: 0001835632
    Fetching SEC submissions metadata for CIK 0001835632...
    Fetching SEC XBRL company facts for CIK 0001835632...
[*] Processing stock fundamentals for MRVL...
    Resolving CIK for MRVL via SEC company_tickers.json...
    Verified CIK: 0001835632
    Fetching SEC submissions metadata for CIK 0001835632...
    Fetching SEC XBRL company facts for CIK 0001835632...
    Normalizing company profile, annual & quarterly fundamentals, TTM, and filings...
[*] Processing stock fundamentals for VRT...
    Resolving CIK for VRT via SEC company_tickers.json...
    Verified CIK: 0001674101
    Fetching SEC submissions metadata for CIK 0001674101...
    Fetching SEC XBRL company facts for CIK 0001674101...
[*] Processing stock fundamentals for VRT...
    Resolving CIK for VRT via SEC company_tickers.json...
    Verified CIK: 0001674101
    Fetching SEC submissions metadata for CIK 0001674101...
    Fetching SEC XBRL company facts for CIK 0001674101...
    Normalizing company profile, annual & quarterly fundamentals, TTM, and filings...
[*] Processing stock fundamentals for COHR...
    Resolving CIK for COHR via SEC company_tickers.json...
    Verified CIK: 0000820318
    Fetching SEC submissions metadata for CIK 0000820318...
    Fetching SEC XBRL company facts for CIK 0000820318...
[*] Processing stock fundamentals for COHR...
    Resolving CIK for COHR via SEC company_tickers.json...
    Verified CIK: 0000820318
    Fetching SEC submissions metadata for CIK 0000820318...
    Fetching SEC XBRL company facts for CIK 0000820318...
    Normalizing company profile, annual & quarterly fundamentals, TTM, and filings...
[*] Processing stock fundamentals for RKLB...
    Resolving CIK for RKLB via SEC company_tickers.json...
    Verified CIK: 0001819994
    Fetching SEC submissions metadata for CIK 0001819994...
    Fetching SEC XBRL company facts for CIK 0001819994...
[*] Processing stock fundamentals for RKLB...
    Resolving CIK for RKLB via SEC company_tickers.json...
    Verified CIK: 0001819994
    Fetching SEC submissions metadata for CIK 0001819994...
    Fetching SEC XBRL company facts for CIK 0001819994...
    Normalizing company profile, annual & quarterly fundamentals, TTM, and filings...
[*] Processing stock fundamentals for TTMI...
    Resolving CIK for TTMI via SEC company_tickers.json...
    Verified CIK: 0001116942
    Fetching SEC submissions metadata for CIK 0001116942...
    Fetching SEC XBRL company facts for CIK 0001116942...
    Normalizing company profile, annual & quarterly fundamentals, TTM, and filings...
[*] Processing stock fundamentals for SNDK...
    Resolving CIK for SNDK via SEC company_tickers.json...
    Verified CIK: 0002023554
    Fetching SEC submissions metadata for CIK 0002023554...
    Fetching SEC XBRL company facts for CIK 0002023554...
    Normalizing company profile, annual & quarterly fundamentals, TTM, and filings...
[*] Processing stock fundamentals for FLY...
    Resolving CIK for FLY via SEC company_tickers.json...
    Verified CIK: 0001860160
    Fetching SEC submissions metadata for CIK 0001860160...
    Fetching SEC XBRL company facts for CIK 0001860160...
    Normalizing company profile, annual & quarterly fundamentals, TTM, and filings...
[*] Processing stock fundamentals for CRWV...
    Resolving CIK for CRWV via SEC company_tickers.json...
    Verified CIK: 0001769628
    Fetching SEC submissions metadata for CIK 0001769628...
    Fetching SEC XBRL company facts for CIK 0001769628...
    Normalizing company profile, annual & quarterly fundamentals, TTM, and filings...
[*] Processing stock fundamentals for CRWD...
    Resolving CIK for CRWD via SEC company_tickers.json...
RUN C:/Users/Mirne/AppData/Local/Programs/Python/Python314/Lib/site-packages/playwright/driver/node.exe --test tests\academy-evidence.test.cjs tests\academy-v3.test.cjs tests\academy.test.cjs tests\behavioral.test.cjs tests\calculator-reliability.test.cjs tests\cloud-config.test.cjs tests\cloud-sync.test.cjs tests\continuity.test.cjs tests\knowledge-batch1a.test.cjs tests\knowledge-batch1b.test.cjs tests\knowledge-expansion.test.cjs tests\knowledge.test.cjs tests\knowledge100.test.cjs tests\lifecycle.test.cjs tests\local-data.test.cjs tests\product-trust.test.cjs tests\public-report.test.cjs tests\publication-migration.test.cjs tests\relations.test.cjs tests\release-quality.test.cjs tests\report-v2-postgres.test.cjs tests\research-ai.test.cjs tests\research-entry.test.cjs tests\research-expansion.test.cjs tests\research-workflow.test.cjs tests\social-core.test.cjs tests\valuation-core.test.cjs tests\wave1.test.cjs tests\wave4.test.cjs tests\weekly-events.test.cjs
✔ encounter, legacy lessons/XP and old attempts never establish independent understanding (39.2698ms)
✔ first wrong/right, helped, revealed, and retry after feedback have conservative eligibility (46.7073ms)
✔ independent new example plus separately labelled application plus seven-day distinct check (15.3955ms)
✔ too-early check, changed anchor, help and repeated delayed variant cannot establish delayed understanding (46.8828ms)
✔ later delayed failure keeps the earlier immutable success and recommends honest repetition (27.545ms)
✔ clock regression/future records and abandoned starts cannot be independent (36.7219ms)
✔ missing, changed task/content/rubric versions and forged independence fail closed without deleting history (94.9709ms)
✔ parallel conflicting starts do not become novel evidence after merging (15.7749ms)
✔ old backup roundtrip and new evidence merge preserve activity; same-ID conflict rejects all writes (46.9166ms)
✔ answer/prose cannot be persisted in evidence or transferred, expiry/units/destination are checked (16.2023ms)
✔ hundreds of synthetic learning objects retain three visible competency choices and one next task (29.3428ms)
✔ all 18 answers and affected production formula adapters match independent Decimal oracles (17.3306ms)
✔ V3 content counts, stable IDs, references and open tier metadata (6.4266ms)
✔ publication rejects broken learning references and missing grading definitions (3.0322ms)
✔ activity pages remain crawlable but are deliberately excluded from search indexing (7.528ms)
✔ empty and page-open ongoing history never earn XP (21.032ms)
✔ lesson rewards and achievements survive repetition without duplication (1.2345ms)
✔ incorrect attempts give no XP; successful retries and reloads award once (1.183ms)
✔ projects require every objective check and self-review before completion XP (0.9182ms)
✔ shared questions cannot be farmed across activities (0.9012ms)
✔ grade numeric, choice, true/false, multi-select and self-review explicitly (0.7584ms)
✔ roadmap, skills, levels and all milestones are attainable (2.002ms)
✔ recommendations explain prerequisites and resume incomplete activities (1.8394ms)
✔ legacy V2 migrates losslessly; malformed or forged reward fields are rejected (1.2105ms)
✔ Academy catalog has complete, unique, published lessons, valid paths and explicit relation destinations (5.8066ms)
✔ aliases, Swedish diacritics and category searches work without external search (2.9149ms)
✔ each published lesson has original static content, unique SEO and crawlable links; drafts are not generated (22.9118ms)
✔ published learn entities and concept hooks resolve through Connected Experience (71.8048ms)
✔ progress reload, category totals, completion reversal and unknown future IDs stay consistent (32.7642ms)
✔ backup V3 roundtrip, legacy V1/V2 merge, conflicts and failed writes preserve progress (55.1261ms)
✔ Academy never enters current cloud rows or queue and a cloud restore preserves local learning (15.6392ms)
✔ V3 attempts round-trip, merge once, migrate V2 Academy and reject conflicts atomically (29.2297ms)
✔ optional checks have valid answers and explanations; no quiz or identity analytics payload (3.5119ms)
✔ ISK lesson delegates dated parameters to the verified rule registry (1.4368ms)
✔ V2 publication rejects thin, unsourced, or disconnected lessons and invalid paths (11.1649ms)
✔ V2 beginner aliases resolve actual catalog topics (3.1808ms)
✔ path completion depends on all saved states and reverses after undo (0.8128ms)
✔ worked financial examples agree with independent fixtures and shared valuation math (2.7531ms)
✔ knowledge bank starts empty and publication requires real reviewed provenance (1.8788ms)
✔ new analytics signals accept no search, quiz, or financial content (2.4763ms)
✔ B70 voluntary pause preserves all review history and due dates without thesis mutations (26.4541ms)
✔ B71 explicit groups link multiple immutable assumptions, rename, detach and tombstone (12.0513ms)
✔ B74 factual transitions, deduplicated reviews, reopen, unresolved questions and separate outcomes (9.1177ms)
✔ B74 counts criteria reviews and answered questions once while copied fields remain unchanged (6.0172ms)
✔ B75 allowlisted blank templates never contain private data or IDs; malicious fields cannot enter output (23.2113ms)
✔ new and legacy backup roundtrips, repeat imports, conflicting branches and no partial writes (33.8781ms)
✔ corrupt storage, unknown fields and blocked writes fail closed (7.8969ms)
✔ ticker deletion removes pause/link histories but preserves other groups, templates and thesis histories (11.8073ms)
✔ cloud encoding and restore preserve compatibility without sending private behavioral history (19.254ms)
✔ behavioral runtime never emits private analytics or invokes model/network APIs (1.2597ms)
✔ FIRE fixed purchasing-power withdrawals and nominal inflation linkage match independent oracles (16.8302ms)
✔ comparison cards and chart use selected fees, month-end saving and nominal values in both modes (39.7152ms)
✔ FIRE definition agrees across body, FAQ and structured data (1.6002ms)
✔ yearly compound path: hand oracle, constant parity, contributions, fee and loss boundaries (5.7758ms)
✔ yearly scenario records roundtrip and reject missing years; legacy scenarios remain valid (10.0457ms)
✔ quality boundaries: recovery zero, impossible and non-finite values; error replaces success state (6.2205ms)
✔ leverage explanation oracle: same returns reordered, volatility drag and zero absorption (15.1931ms)
✔ content allows only inert formatting and HTTPS links; rule parameters match executable constants (10.1092ms)
✔ independent monthly cash-flow oracle, fee monotonicity, FX identity and margins (7.0286ms)
✔ loaded leverage callback submits through CalcState and renders real table/chart (15.434ms)
✔ loaded compound form uses finite chart series agreeing with the main result (19.1019ms)
✔ scenario corruption and unsupported shapes block every write and retain raw recovery data (13.1585ms)
✔ FIRE stress examples remain finite and reject zero/extreme rates (9.8755ms)
✔ GAV optional conversion cost is included once and zero keeps the original result (15.649ms)
✔ FX teaching example compounds to eight percent and unchanged FX preserves asset return (5.4752ms)
✔ homepage earnings selects the date week, not insertion order, with no priority exclusion (917.604ms)
✔ latest published earnings image has matching structured records for every day (12.4729ms)
✔ generated public config is isolated and grants CSP only to account and public social pages (289.2922ms)
✔ invalid or privileged config fails before changing artifacts (25.5703ms)
✔ secret scan reports category and path without exposing the matched value (23.5786ms)
✔ anonymous/login never uploads; migration is explicit, idempotent and restores manual history and preferences (67.5566ms)
✔ supported snapshots, archived outcomes, scenario plans/observations and envelope metadata round-trip (106.3057ms)
✔ queue reload, bounded backoff, inspectable failures, no duplicate retry and cross-account separation (30.2513ms)
✔ conflicting IDs and corrupt cloud/local data never overwrite history; receipts require confirmation (61.3614ms)
✔ cloud deletion preserves local by default; explicit local removal and logout retain their boundaries (24.4464ms)
✔ adapter delegates persistence/refresh to SDK and returns only verified identity (10.1633ms)
✔ adapter rejects stale restored identity and delegates session removal to SDK (10.5738ms)
✔ SDK OTP errors expose bounded product codes, never provider details (50.2041ms)
✔ legacy IDs, empty scenario groups, additional histories and read-only local use survive cloud preparation (42.5012ms)
✔ queue corruption, blocked writes and concurrent tab changes fail without replacing a queue or local source (15.7619ms)
✔ server conflicts surface explicitly and logout prevents a late receipt being marked synced (52.621ms)
✔ account changes during authorization cannot write another owner queue or delete that other account (27.3427ms)
✔ derived states and exact overlap order; inactive does not create attention (25.2269ms)
✔ ack fingerprints ignore capture time/order, retain unanswered questions, reopen only changed evidence (10.2844ms)
✔ legacy whole-report acknowledgements remain quiet without rewriting original storage (7.9069ms)
✔ blocked/incomparable observations never become comparable-change lifecycle (9.6592ms)
✔ exact target rejects deleted, replaced, mutated, expired, unknown-version and changed-evidence targets (18.5351ms)
✔ draft validation, corruption, quota and optimistic concurrent writes preserve original bytes (8.4823ms)
✔ snooze is scoped to exact evidence until the chosen local date, no journal mutation (12.0144ms)
✔ keep, revise, close, decline preserve append-only history and acknowledgement through backup/import (97.8925ms)
✔ drafts excluded from backup; import leaves drafts untouched; full deletion includes companions (15.54ms)
✔ filing accession deduplication distinguishes amendments and keeps unsupported forms out (8.3883ms)
✔ draft quota failure and full-deletion failure preserve journal and companion (8.978ms)
✔ bounded workspaces, empty cleanup and explicitly reopened draft priority (9.1067ms)
✔ Batch 1A keeps its six accepted objects without preventing future reviewed additions (22.0479ms)
✔ Batch 1A arithmetic is independently checked with the approved scope (0.8682ms)
✔ Batch 1A aliases preserve neutral limitations and abstain for adjacent unreviewed judgments (8.8203ms)
✔ Batch 1A explanations use shared contexts and do not leak editorial approval text (7.8762ms)
✔ Batch 1B accepted scope, evidence and prior 35 version integrity (14.5365ms)
✔ Batch 1B arithmetic and shared denominator assumptions (1.0971ms)
✔ Batch 1B curated intents are separated and personal decisions still abstain (11.6453ms)
✔ Batch 1B shared contextual explanations and noindex publication boundary (3.7186ms)
✔ Expansion preserves the starting 41 objects exactly and adds 59 distinct reviewed objects (20.9408ms)
✔ Spread definition exception is complete-question only and requires its reviewed canonical object (34.887ms)
✔ New tax answers suppress when overdue and unsupported formulas remain unavailable (18.749ms)
✔ All 100 exact questions survive both full and compact retrieval; bodies remain lazy (24.9302ms)
✔ 26 original questions, two Wave 1 answers and one Wave 4 release answer have valid metadata (28.7732ms)
✔ draft and needs-update content is excluded from catalog, search and generated pages (196.6808ms)
✔ public projection excludes editorial notes, unknown keys and private source notes (115.0491ms)
✔ search matches Swedish aliases, category, concepts and P/E punctuation (10.8183ms)
✔ reviewed question matching is deterministic and abstains on unknown input (37.0775ms)
✔ direct definitions outrank shared concepts and preserve question intent (142.3379ms)
✔ publication gate rejects malformed sources, thin text, IDs, dates and references (321.1832ms)
✔ canonical relationships link every answer to Academy and tools and return to questions (47.2488ms)
✔ each answer has unique metadata, status-appropriate indexing and safe static text (82.8936ms)
✔ ISK uses current rule registry with no copied annual amounts and fails on overdue review (10.7851ms)
✔ worked examples match independent formulas and shared calculator math (1.6036ms)
✔ knowledge analytics rejects search content and identifiers (3.7273ms)
✔ Knowledge100 labeled retrieval benchmark has no wrong confident matches or other failures (37.2871ms)
✔ V2 also preserves every positive Wave1 exact/alias fixture (3.0483ms)
✔ formula is bounded, independently checked, unit/period explicit and never evaluated as code (0.844ms)
✔ safe projection excludes editorial history/private nested notes and bodies from compact index (82.7613ms)
✔ stale policy suppresses rule answers at runtime without refreshing reviews (15.0803ms)
✔ shared context modes accept public IDs only and do not expose full answer in compact/reminder (0.7309ms)
✔ validator rejects missing references, unknown typed fields, alias collisions, source hazards and merge loops (321.8771ms)
✔ new substantive draft requires actual claim evidence and explicit approval before public projection (51.2682ms)
✔ draft-only retrieval aliases, pilot labels and concepts never enter a public index (10.4298ms)
✔ typo ambiguity clarifies rather than selecting a nearby answer (16.5243ms)
✔ substantive history audit detects edits but retrieval configuration changes do not alter content (55.7352ms)
✔ all five local authoring examples validate as drafts and remain out of public pages (147.8503ms)
✔ synthetic generation is explicitly test-only and pagination never embeds the inventory (73.6055ms)
✔ seed migration preserves explicit future editorial metadata instead of resetting reviews or relationships (19.604ms)
✔ explicit merge retains a navigable old URL while rejecting target chains (75.38ms)
✔ lazy load deduplicates requests, omits credentials and rejects mixed deployment versions (26.9598ms)
✔ B55 shared Research reminders read latest storage, suppress inactive records and never write on display (31.8999ms)
✔ B68/B69 immutable criteria, questions, IDs, dates and duplicate suppression (14.3366ms)
✔ B69 zero, one, three questions; invalid lifecycle records block writes/import without discarding raw data (119.2536ms)
✔ B72 Avstod is an inactive revision, preserved in history and explicitly reopenable (12.9545ms)
✔ B73 user review dates only request reconsideration, never imply falsity; manual queue needs no data (9.4507ms)
✔ B80 manual identity, exports, backup roundtrip, deletion and future support preserve history (30.9688ms)
✔ legacy assumptions gain no invented criteria/dates on read, export or an unchanged save (13.1125ms)
✔ B21 price outcomes cannot evaluate assumptions or process; dimensions remain separate (30.3749ms)
✔ supported Outcome archives lifecycle evidence after source deletion and rejects malformed lifecycle imports (126.9965ms)
✔ yearly return scenario survives backup/import and malformed series never overwrites storage (46.3459ms)
✔ complete backup round trip, repeat merge, conflict rejection, legacy migration and privacy allowlist (735.0499ms)
✔ single/history deletion retains checkpoints; deliberate full delete is isolated and corruption blocks it (252.8826ms)
✔ write failure rolls back earlier keys; corrupt current store never gets replaced by valid import (76.0199ms)
✔ assumptions and explicit reviews survive immutable history, exports, merge and legacy reads (373.0556ms)
✔ savings plan observations are append-only, merge by ID, and preserve immutable baseline (22.5288ms)
✔ real savings follow-up uses the captured effective rate and rejects observations after the exact horizon (7.8495ms)
✔ events fail closed on private fields, arbitrary enum values and getters; provider failures are isolated (5.515ms)
✔ all status states expose words and live semantics; unknown states do not mutate UI (1.5246ms)
✔ landing attribution strips query content and emits no private Research data (5.4501ms)
✔ editorial metadata and original contextual journeys survive catalog migration (115.9283ms)
✔ 2027 exchange dates match primary equity schedules and pending macro warnings expire (5.0186ms)
✔ minimal immutable projection and selected section diff (6.4212ms)
✔ reject private fields at every public boundary, unknown future providers and nulls (5.987ms)
✔ calculations preserve exact inputs; mismatched periods, definitions and prose rejected (39.9709ms)
✔ chart gaps are explicit, currencies and unsupported series fail closed (4.0493ms)
✔ frozen production annual observations yield bounded candidates with no copied private annotations (89.6377ms)
✔ oversized prose/payload, missing dates and future method versions fail closed (0.8989ms)
✔ known SEC projection drops nested annotations and rejects ambiguous rights (2.8343ms)
✔ old snapshots never borrow issuer identity from current data (6.1307ms)
✔ provider-neutral shape can represent restricted future observations without granting publication rights (5.7046ms)
✔ publication migration preserves deployed clients and authorization (2832.7643ms)
✔ relation schema rejects corrupt IDs, references, vocabulary, metadata and unsupported routes (236.8197ms)
✔ missing files and fragments fail validation, including the actual mode-link contract (132.8455ms)
✔ queries are deterministic, bounded, explicit and suppress planned Academy links (41.1792ms)
✔ one renderer produces escaped, descriptive, crawlable anchors in all generated placements (44.0594ms)
✔ a future Learn publication slots in without changing the renderer or exposing placeholders now (85.9038ms)
✔ relation click analytics are coarse and reject IDs, tickers, URLs, values and unknown enums (3.9449ms)
✔ rule reviews fail at their deadline and when a new ISK income year is unmaintained (9.7432ms)
✔ CSP is deterministic, hashes executable inline code and forbids arbitrary script attributes (140.9428ms)
✔ V2 migration, public boundaries and immutable version lifecycle (2893.8992ms)
✔ frozen evaluation: positive-growth (61.1775ms)
✔ frozen evaluation: declining-revenue (13.7553ms)
✔ frozen evaluation: negative-eps (18.4977ms)
✔ frozen evaluation: missing-fcf (13.9263ms)
✔ frozen evaluation: share-basis (14.4472ms)
✔ frozen evaluation: currency (10.6409ms)
✔ frozen evaluation: restatement (23.9244ms)
✔ frozen evaluation: missing-source (12.0359ms)
✔ frozen evaluation: unsupported-company (6.9381ms)
✔ frozen evaluation: manual-thesis (6.1315ms)
✔ frozen evaluation: vague-assumption (4.7057ms)
✔ frozen evaluation: contradictory-evidence (20.7155ms)
✔ frozen evaluation: no-meaningful-change (13.3773ms)
✔ frozen evaluation: prompt-injection (12.1508ms)
✔ frozen evaluation: ignore-rules (11.499ms)
✔ frozen evaluation: unsupported-factual-question (9.9552ms)
✔ frozen evaluation: missing-citation (12.8539ms)
✔ frozen evaluation: incorrect-confidence (13.6875ms)
✔ frozen evaluation: incorrect-assumption-mapping (18.5596ms)
✔ frozen evaluation: hold-leakage (14.3309ms)
✔ report minimization, unresolved questions and exact deterministic deltas (16.3364ms)
✔ disabled and unknown live providers make zero network calls; mock deterministic and bounded (10.0999ms)
✔ deterministic conflicts never call a provider and unknown conflicts abstain (3.3017ms)
✔ selector catalog matches the supported Research registry without duplicate tickers (68.9883ms)
✔ selector finds exact ticker first, names, partial names and normalized case (1.3128ms)
✔ 100 and 550 companies retain all matches and only populated alphabetical groups (4.643ms)
✔ recents are dated, bounded, deduplicated and do not invent manual coverage (1.3342ms)
✔ B78 publication, route, review queue and connected catalog allowlists agree (117.0561ms)
✔ B78 actual data retains null EPS, source evidence, safe comparisons and explicit manual fallback (148.3325ms)
✔ standalone and Research valuation adapters agree with a hand-calculated oracle (100.2781ms)
✔ comparability gate blocks incompatible evidence consistently in Change Detection and Outcomes (198.9522ms)
✔ restore historical assumptions only; preserve storage, fundamentals, text, outputs and baseline (275.2032ms)
✔ explicit historical manual EPS restores source and survives calculate/save (160.2103ms)
✔ SEC restore cannot replace manual fallback when current positive SEC EPS is unavailable (352.6813ms)
✔ legacy partial restore skips missing, invalid and unknown EPS assumptions (132.7548ms)
✔ empty and unsupported revisions disable restore without writes or stale state (433.8463ms)
✔ uncalculated edits prompt only when changed assumptions would actually be overwritten (180.0054ms)
✔ equivalent numeric formatting and already-matching edits do not prompt (64.7809ms)
✔ quality: NVDA complete load/render and cross-feature workflow without Chart CDN (148.531ms)
✔ quality: SOFI complete load/render and cross-feature workflow without Chart CDN (147.8588ms)
✔ quality: CRWD complete load/render and cross-feature workflow without Chart CDN (144.8284ms)
✔ quality: entry does not fetch financial files for unselected companies (19.9917ms)
✔ quality: loading, unsupported ticker, HTTP errors and wrong-company JSON fail safely (22.3216ms)
✔ quality: incomplete metrics render safely and charts use gaps, not invented zeroes (30.9988ms)
✔ quality: invalid horizons, infinities and overflow never replace results or become saved snapshots (279.6826ms)
✔ quality: sensitivity center reflects valid low P/E and negative-growth Base scenario (18.1382ms)
✔ quality: no-op Thesis refresh must not calculate an unsubmitted Outcome price (71.821ms)
✔ quality: provenance uses keyboard buttons and distinguishes derived, missing and limited data (14.1718ms)
✔ Research editorial labels never expose metric keys and preserve values, units and source concepts (31.7612ms)
✔ Research example, manual and restored price states disclose missing quote date and model basis (13.6203ms)
✔ outcome: all eight fundamentals compare correctly using report dates and immutable inputs (18.2985ms)
✔ outcome: zero, negative and incompatible bases never produce invalid CAGR (29.2842ms)
✔ outcome: missing legacy fields, unknown currencies, and unsupported snapshots are not backfilled (19.9451ms)
✔ outcome: horizon uses elapsed revision time, caps model paths, and never assigns a score (29.1451ms)
✔ outcome: all scenario EPS paths use saved basis and annual growth; manual bases are distinguished (19.6262ms)
✔ outcome: incompatible and overflowing model paths remain unavailable (18.0666ms)
✔ outcome: manual price uses saved starting price and old targets, handles every interval boundary (19.5007ms)
✔ outcome: selecting history, updating price and saving a checkpoint leave valuation, revisions and CD unchanged (62.6885ms)
✔ outcome: multiple explicit checkpoints, stable IDs, duplicate suppression and revision linkage survive reload (71.5384ms)
✔ outcome: deleted source revisions retain self-contained archival checkpoints, including after all-delete and reload (101.9253ms)
✔ outcome: corrupt and unsupported outcome storage blocks writes and preserves raw bytes (102.6398ms)
✔ outcome: quota/access failure and invalid observations never alter existing checkpoint records (45.4622ms)
✔ outcome: SOFI unavailable FCF and CRWD missing share basis remain unavailable in observations (34.8079ms)
✔ outcome: invalid manual input blocks checkpoint save and legacy observation UI has no invalid numeric tokens (59.6053ms)
✔ latest export uses saved thesis and outputs, excludes unsaved form changes, and cleans download URL (46.7679ms)
✔ historical Markdown and print use exactly the selected saved revision, never current fundamentals (68.4694ms)
✔ manual export labels valuation EPS separately from historical SEC EPS (57.2945ms)
✔ legacy, missing and unsupported snapshots export safely without current-data backfills (225.4091ms)
✔ export filename is deterministic, sanitized and bounded (13.1321ms)
✔ Markdown escapes table delimiters and HTML; print renders user content as text (13.1148ms)
✔ no saved analysis disables both exports and never autosaves (14.6795ms)
✔ removed selected revision does not silently export latest, and download failures release URLs (81.2693ms)
✔ print CSS isolates document, hides controls and provides white A4 layout and table pagination (0.8725ms)
✔ capture -> real submit -> localStorage -> fresh context -> compare supported metrics and block unverified share basis (87.2702ms)
✔ both legacy naming conventions normalize idempotently without persisting migration (25.7183ms)
✔ actual old capture names with missing revenue never invent revenue, net income or margins (14.0413ms)
✔ margins use percentage points, including a zero historical numerator (26.0865ms)
✔ thresholds remain strictly >1 percent and >0.5 pp (23.6562ms)
✔ zero/null/nonfinite baselines and zero revenue never produce NaN or Infinity (18.5558ms)
✔ negative-to-positive earnings use absolute historical denominator (17.6564ms)
✔ SOFI and CRWD unavailable metrics stay null through capture/storage/reload (121.3089ms)
✔ new baseline save and delete immediately clear a visible old report (126.943ms)
✔ stale valuation blocks save; submit recalculates and stores edited assumptions (86.2674ms)
✔ corrupt and future records do not crash reload, preview, or destroy other records (51.6189ms)
✔ invalid envelopes and inaccessible/full storage fail explicitly without overwriting (57.8068ms)
✔ period, filing filters/limit and old-analysis warning remain functional (13.9404ms)
✔ snapshot metadata survives updates; unrelated and unsupported records are preserved (107.8045ms)
✔ explicit null/unsupported values are authoritative; manual EPS never fills missing SEC EPS (14.4185ms)
✔ both Research and Min NTM load the shared schema before storage and comparison (0.7495ms)
✔ existing Min NTM list renders valid and partial migrated theses without numeric crashes (44.8052ms)
✔ V1 becomes a stable first revision without changing text, dates or raw snapshot (68.6019ms)
✔ second meaningful save preserves first revision verbatim and read results are immutable (80.8289ms)
✔ reload defaults to latest; choosing history compares its baseline without changing editor (217.2919ms)
✔ duplicate saves ignore capture timestamps and whitespace; renders create no revisions (117.3252ms)
✔ valuation-only revisions append but manual prices are never company-data changes (99.9308ms)
✔ single revision delete preserves others, latest deletion promotes predecessor, final hides baseline (200.0021ms)
✔ cancelled single/all deletes do nothing and deleting latest retains unsaved editing (48.4367ms)
✔ V2 malformed revisions, duplicate IDs and unsupported envelopes reject destructive writes (63.4629ms)
✔ quota failure preserves every revision and selected baseline (50.6058ms)
✔ Min NTM displays only the latest revision with its count and valuation (86.9324ms)
✔ selected legacy baseline never backfills missing metrics and all-delete affects only its ticker (59.5288ms)
✔ publication copies only selected text; nested private data never crosses boundary (2.3799ms)
✔ strict text and minimum publication bounds (0.8439ms)
✔ routes encode input and coarse metrics reject identities (2.3623ms)
✔ hand-calculated valuation fixtures and inverse identities (2.7805ms)
✔ invalid and negative edge cases never leak non-finite numbers (0.649ms)
✔ year coverage is deterministic and never fabricates next-year dates (0.6729ms)
✔ Wave 1 handoff preserves selected inputs and honest provenance without private fields (8.9764ms)
✔ handoff rejects expired/future timestamps, unknown fields, company/currency/unit/method mismatches (3.0727ms)
✔ manual EPS has no borrowed reported period or method (0.6519ms)
✔ pinned company identities match every current supported dataset (33.0414ms)
✔ 12 concepts resolve to 11 canonical answers, preserve overlap and route to existing practice (79.9502ms)
✔ 30 labelled retrieval cases preserve exact definitions, reviewed typo aliases and abstention (90.3647ms)
✔ new examples match independent arithmetic; reviewed additions stay out of sitemap (2.2312ms)
✔ pilot datasets retain original data; all statements expose versioned evidence and all share bases remain unavailable (95.3738ms)
✔ positive annual revenue and margin math agree with independent constants (6.4737ms)
✔ adversarial evidence fails closed across period, definition, source, units, base and quality boundaries (108.9466ms)
✔ R6 shows reproducible corresponding profit/EPS rates only with verified weighted share basis (43.8868ms)
✔ R12 source accession/value/version/correction changes are reconstructable and timestamp churn is ignored (113.3427ms)
✔ calendar context distinguishes unknown/revised/first-reported and zero actual without manufacturing consensus (0.9319ms)
✔ homepage macro priority keeps major releases visible and counts every hidden event exactly (43.9706ms)
✔ published weekly artifacts and homepage resolve; honest partial/future statuses stay visible (84.6042ms)
✔ shared Stockholm week resolution handles Monday/Sunday/year rollover and never substitutes another week (19.557ms)
✔ missing current weeks and image/structured mismatches fail for both feeds (284.9592ms)
✔ malformed dates, wrong weeks, duplicate identities and false provenance are rejected (163.7211ms)
✔ partial upstream failure may not claim successful complete fetch (93.4771ms)
✔ future authoritative unavailability has a dated explicit exception; current missing week does not (22.1103ms)
ℹ tests 301
ℹ suites 0
ℹ pass 301
ℹ fail 0
ℹ cancelled 0
ℹ skipped 0
ℹ todo 0
ℹ duration_ms 6756.614
RUN C:/Users/Mirne/AppData/Local/Programs/Python/Python314/Lib/site-packages/playwright/driver/node.exe scripts/build_seo.cjs --check
SEO: 85 canonical sitemap URLs, 7 existing articles; 0 files outdated.
RUN C:/Users/Mirne/AppData/Local/Programs/Python/Python314/Lib/site-packages/playwright/driver/node.exe scripts/knowledge_history.cjs
Knowledge substantive version/history audit passed. No review dates changed.
RUN C:/Users/Mirne/AppData/Local/Programs/Python/Python314/Lib/site-packages/playwright/driver/node.exe scripts/knowledge_editorial.cjs validate
{
  "valid": true,
  "answers": 100
}
RUN C:/Users/Mirne/AppData/Local/Programs/Python/Python314/Lib/site-packages/playwright/driver/node.exe scripts/check_calendar_coverage.cjs
::notice::Macro 2027: complete schedules not yet published at last check; recheck 2026-11-01
RUN C:/Users/Mirne/AppData/Local/Programs/Python/Python314/Lib/site-packages/playwright/driver/node.exe scripts/check_weekly_events.cjs
::warning::[partial_update] Macro upstream update is partial; failed/unavailable sources remain explicit. No consensus values are inferred.
::notice::[not_yet_published] Macro 2027: future authoritative schedule not yet published; recheck 2026-11-01.
PASS: weekly records, image reviews and homepage resolution; empty days are valid.
RUN C:/Users/Mirne/AppData/Local/Programs/Python/Python314/Lib/site-packages/playwright/driver/node.exe scripts/check_rules.cjs
Rule registry: 0 issues. Source verification remains an owner responsibility.
RUN C:/Users/Mirne/AppData/Local/Programs/Python/Python314/Lib/site-packages/playwright/driver/node.exe scripts/check_cloud_security.cjs
PASS credential-pattern scan/public configuration (working tree; not git history)
RUN git -c core.safecrlf=false diff --check
PASS credential-pattern scan/public configuration and staged CSP
PASS: release tests, generated artifacts, calendar/rules, staging and local references
