RUN C:\Users\Mirne\AppData\Local\Programs\Python\Python314\python.exe -B -m unittest discover -s tests -p test_*.py
......................................................................................................................................................................✔ homepage macro priority keeps major releases visible and counts every hidden event exactly (17.8163ms)
✔ published weekly artifacts and homepage resolve; honest partial/future statuses stay visible (41.0194ms)
✔ shared Stockholm week resolution handles Monday/Sunday/year rollover and never substitutes another week (8.141ms)
✔ missing current weeks and image/structured mismatches fail for both feeds (124.6594ms)
✔ malformed dates, wrong weeks, duplicate identities and false provenance are rejected (97.9304ms)
✔ partial upstream failure may not claim successful complete fetch (60.8688ms)
✔ future authoritative unavailability has a dated explicit exception; current missing week does not (19.4921ms)
ℹ tests 7
ℹ suites 0
ℹ pass 7
ℹ fail 0
ℹ cancelled 0
ℹ skipped 0
ℹ todo 0
ℹ duration_ms 454.9414
.
----------------------------------------------------------------------
Ran 167 tests in 20.249s

OK
[Calendar Info] Live ICS fetch not accessible (offline). Using verified schedule cache.
[Calendar] Loaded 1 events from verified cache C:\Users\Mirne\AppData\Local\Temp\tmpitf5x4r4\calendar.ics.
[*] Processing stock fundamentals for NVDA...
    [Offline mode] Loading SEC fixtures from C:\Users\Mirne\Desktop\investment-site\tests\fixtures
    Normalizing company profile, annual & quarterly fundamentals, TTM, and filings...
[*] Processing stock fundamentals for NVDA...
    [Offline mode] Loading SEC fixtures from C:\Users\Mirne\Desktop\investment-site\tests\fixtures
    Normalizing company profile, annual & quarterly fundamentals, TTM, and filings...
[*] Processing stock fundamentals for NVDA...
    [Offline mode] Loading SEC fixtures from C:\Users\Mirne\Desktop\investment-site\tests\fixtures
    Normalizing company profile, annual & quarterly fundamentals, TTM, and filings...
[*] Processing stock fundamentals for NVDA...
    [Offline mode] Loading SEC fixtures from C:\Users\Mirne\Desktop\investment-site\tests\fixtures
    Normalizing company profile, annual & quarterly fundamentals, TTM, and filings...
[*] Processing stock fundamentals for NVDA...
    [Offline mode] Loading SEC fixtures from C:\Users\Mirne\Desktop\investment-site\tests\fixtures
    Normalizing company profile, annual & quarterly fundamentals, TTM, and filings...
[*] Processing stock fundamentals for NVDA...
    [Offline mode] Loading SEC fixtures from C:\Users\Mirne\Desktop\investment-site\tests\fixtures
    Normalizing company profile, annual & quarterly fundamentals, TTM, and filings...
[*] Processing stock fundamentals for NVDA...
    [Offline mode] Loading SEC fixtures from C:\Users\Mirne\Desktop\investment-site\tests\fixtures
    Normalizing company profile, annual & quarterly fundamentals, TTM, and filings...
[*] Processing stock fundamentals for NVDA...
    [Offline mode] Loading SEC fixtures from C:\Users\Mirne\Desktop\investment-site\tests\fixtures
    Normalizing company profile, annual & quarterly fundamentals, TTM, and filings...
[*] Processing stock fundamentals for NVDA...
    Resolving CIK for NVDA via SEC company_tickers.json...
    Verified CIK: 0001045810
    Fetching SEC submissions metadata for CIK 0001045810...
[*] Processing stock fundamentals for NVDA...
    Resolving CIK for NVDA via SEC company_tickers.json...
    Verified CIK: 0001045810
    Fetching SEC submissions metadata for CIK 0001045810...
    Fetching SEC XBRL company facts for CIK 0001045810...
[*] Processing stock fundamentals for NVDA...
    Resolving CIK for NVDA via SEC company_tickers.json...
    Verified CIK: 0001045810
    Fetching SEC submissions metadata for CIK 0001045810...
    Fetching SEC XBRL company facts for CIK 0001045810...
[*] Processing stock fundamentals for NVDA...
    Resolving CIK for NVDA via SEC company_tickers.json...
    Verified CIK: 0001045810
    Fetching SEC submissions metadata for CIK 0001045810...
    Fetching SEC XBRL company facts for CIK 0001045810...
[2026-09-19T16:22:34Z] Starting robust macro data update...
[Dynamic Scope] Fetching data for derived years: 2024..2026
[BLS Query] Requesting 13 series in 1 batch request...
[BLS Success] Received 1 series (1 with data points).
[Actual Verified] us-unemployment-rate-test (Aug 2026): 4.0%
[Result] Total events verified/updated: 1
[2026-09-19T16:22:34Z] Successfully wrote C:\Users\Mirne\AppData\Local\Temp\tmptufqx8gg\events.js (atomic replace).
[*] Processing stock fundamentals for NVDA...
    [Offline mode] Loading SEC fixtures from C:\Users\Mirne\Desktop\investment-site\tests\fixtures
    Normalizing company profile, annual & quarterly fundamentals, TTM, and filings...
[OK] Successfully generated verified fundamentals: C:\Users\Mirne\AppData\Local\Temp\tmpmippujqg\NVDA.json
[*] Processing stock fundamentals for SOFI...
    [Offline mode] Loading SEC fixtures from C:\Users\Mirne\Desktop\investment-site\tests\fixtures
    Normalizing company profile, annual & quarterly fundamentals, TTM, and filings...
[OK] Successfully generated verified fundamentals: C:\Users\Mirne\AppData\Local\Temp\tmp9o61wzfs\SOFI.json
[*] Processing stock fundamentals for CRWD...
    [Offline mode] Loading SEC fixtures from C:\Users\Mirne\Desktop\investment-site\tests\fixtures
    Normalizing company profile, annual & quarterly fundamentals, TTM, and filings...
[OK] Successfully generated verified fundamentals: C:\Users\Mirne\AppData\Local\Temp\tmpe1d7_s2t\CRWD.json
[*] Processing stock fundamentals for NVDA...
    Resolving CIK for NVDA via SEC company_tickers.json...
    Verified CIK: 0001045810
    Fetching SEC submissions metadata for CIK 0001045810...
    Fetching SEC XBRL company facts for CIK 0001045810...
    Normalizing company profile, annual & quarterly fundamentals, TTM, and filings...
[OK] Successfully generated verified fundamentals: C:\Users\Mirne\AppData\Local\Temp\tmp3u5mrs2l\NVDA.json
[*] Processing stock fundamentals for NVDA...
    Resolving CIK for NVDA via SEC company_tickers.json...
    Verified CIK: 0001045810
    Fetching SEC submissions metadata for CIK 0001045810...
    Fetching SEC XBRL company facts for CIK 0001045810...
    Normalizing company profile, annual & quarterly fundamentals, TTM, and filings...
[OK] Verified unchanged SEC evidence for NVDA; kept published file intact: C:\Users\Mirne\AppData\Local\Temp\tmpneu8ks63\NVDA.json
[*] Processing stock fundamentals for NVDA...
    Resolving CIK for NVDA via SEC company_tickers.json...
    Verified CIK: 0001045810
    Fetching SEC submissions metadata for CIK 0001045810...
    Fetching SEC XBRL company facts for CIK 0001045810...
    Normalizing company profile, annual & quarterly fundamentals, TTM, and filings...
[OK] Successfully generated verified fundamentals: C:\Users\Mirne\AppData\Local\Temp\tmpneu8ks63\NVDA.json
[*] Processing stock fundamentals for MU...
    Resolving CIK for MU via SEC company_tickers.json...
    Verified CIK: 0000723125
    Fetching SEC submissions metadata for CIK 0000723125...
    Fetching SEC XBRL company facts for CIK 0000723125...
[*] Processing stock fundamentals for MU...
    Resolving CIK for MU via SEC company_tickers.json...
    Verified CIK: 0000723125
    Fetching SEC submissions metadata for CIK 0000723125...
    Fetching SEC XBRL company facts for CIK 0000723125...
    Normalizing company profile, annual & quarterly fundamentals, TTM, and filings...
[*] Processing stock fundamentals for MRVL...
    Resolving CIK for MRVL via SEC company_tickers.json...
    Verified CIK: 0001835632
    Fetching SEC submissions metadata for CIK 0001835632...
    Fetching SEC XBRL company facts for CIK 0001835632...
[*] Processing stock fundamentals for MRVL...
    Resolving CIK for MRVL via SEC company_tickers.json...
    Verified CIK: 0001835632
    Fetching SEC submissions metadata for CIK 0001835632...
    Fetching SEC XBRL company facts for CIK 0001835632...
    Normalizing company profile, annual & quarterly fundamentals, TTM, and filings...
[*] Processing stock fundamentals for VRT...
    Resolving CIK for VRT via SEC company_tickers.json...
    Verified CIK: 0001674101
    Fetching SEC submissions metadata for CIK 0001674101...
    Fetching SEC XBRL company facts for CIK 0001674101...
[*] Processing stock fundamentals for VRT...
    Resolving CIK for VRT via SEC company_tickers.json...
    Verified CIK: 0001674101
    Fetching SEC submissions metadata for CIK 0001674101...
    Fetching SEC XBRL company facts for CIK 0001674101...
    Normalizing company profile, annual & quarterly fundamentals, TTM, and filings...
[*] Processing stock fundamentals for COHR...
    Resolving CIK for COHR via SEC company_tickers.json...
    Verified CIK: 0000820318
    Fetching SEC submissions metadata for CIK 0000820318...
    Fetching SEC XBRL company facts for CIK 0000820318...
[*] Processing stock fundamentals for COHR...
    Resolving CIK for COHR via SEC company_tickers.json...
    Verified CIK: 0000820318
    Fetching SEC submissions metadata for CIK 0000820318...
    Fetching SEC XBRL company facts for CIK 0000820318...
    Normalizing company profile, annual & quarterly fundamentals, TTM, and filings...
[*] Processing stock fundamentals for RKLB...
    Resolving CIK for RKLB via SEC company_tickers.json...
    Verified CIK: 0001819994
    Fetching SEC submissions metadata for CIK 0001819994...
    Fetching SEC XBRL company facts for CIK 0001819994...
[*] Processing stock fundamentals for RKLB...
    Resolving CIK for RKLB via SEC company_tickers.json...
    Verified CIK: 0001819994
    Fetching SEC submissions metadata for CIK 0001819994...
    Fetching SEC XBRL company facts for CIK 0001819994...
    Normalizing company profile, annual & quarterly fundamentals, TTM, and filings...
[*] Processing stock fundamentals for TTMI...
    Resolving CIK for TTMI via SEC company_tickers.json...
    Verified CIK: 0001116942
    Fetching SEC submissions metadata for CIK 0001116942...
    Fetching SEC XBRL company facts for CIK 0001116942...
    Normalizing company profile, annual & quarterly fundamentals, TTM, and filings...
[*] Processing stock fundamentals for SNDK...
    Resolving CIK for SNDK via SEC company_tickers.json...
    Verified CIK: 0002023554
    Fetching SEC submissions metadata for CIK 0002023554...
    Fetching SEC XBRL company facts for CIK 0002023554...
    Normalizing company profile, annual & quarterly fundamentals, TTM, and filings...
[*] Processing stock fundamentals for FLY...
    Resolving CIK for FLY via SEC company_tickers.json...
    Verified CIK: 0001860160
    Fetching SEC submissions metadata for CIK 0001860160...
    Fetching SEC XBRL company facts for CIK 0001860160...
    Normalizing company profile, annual & quarterly fundamentals, TTM, and filings...
[*] Processing stock fundamentals for CRWV...
    Resolving CIK for CRWV via SEC company_tickers.json...
    Verified CIK: 0001769628
    Fetching SEC submissions metadata for CIK 0001769628...
    Fetching SEC XBRL company facts for CIK 0001769628...
    Normalizing company profile, annual & quarterly fundamentals, TTM, and filings...
[*] Processing stock fundamentals for CRWD...
    Resolving CIK for CRWD via SEC company_tickers.json...
RUN C:/Users/Mirne/AppData/Local/Programs/Python/Python314/Lib/site-packages/playwright/driver/node.exe --test tests\academy-evidence.test.cjs tests\academy-v3.test.cjs tests\academy.test.cjs tests\behavioral.test.cjs tests\calculator-reliability.test.cjs tests\cloud-config.test.cjs tests\cloud-sync.test.cjs tests\continuity.test.cjs tests\knowledge-batch1a.test.cjs tests\knowledge.test.cjs tests\knowledge100.test.cjs tests\lifecycle.test.cjs tests\local-data.test.cjs tests\product-trust.test.cjs tests\public-report.test.cjs tests\publication-migration.test.cjs tests\relations.test.cjs tests\release-quality.test.cjs tests\report-v2-postgres.test.cjs tests\research-ai.test.cjs tests\research-expansion.test.cjs tests\research-workflow.test.cjs tests\social-core.test.cjs tests\valuation-core.test.cjs tests\wave1.test.cjs tests\wave4.test.cjs tests\weekly-events.test.cjs
✔ encounter, legacy lessons/XP and old attempts never establish independent understanding (41.6397ms)
✔ first wrong/right, helped, revealed, and retry after feedback have conservative eligibility (50.087ms)
✔ independent new example plus separately labelled application plus seven-day distinct check (16.9357ms)
✔ too-early check, changed anchor, help and repeated delayed variant cannot establish delayed understanding (50.4233ms)
✔ later delayed failure keeps the earlier immutable success and recommends honest repetition (25.7728ms)
✔ clock regression/future records and abandoned starts cannot be independent (38.673ms)
✔ missing, changed task/content/rubric versions and forged independence fail closed without deleting history (101.568ms)
✔ parallel conflicting starts do not become novel evidence after merging (34.7383ms)
✔ old backup roundtrip and new evidence merge preserve activity; same-ID conflict rejects all writes (40.5209ms)
✔ answer/prose cannot be persisted in evidence or transferred, expiry/units/destination are checked (29.7747ms)
✔ hundreds of synthetic learning objects retain three visible competency choices and one next task (11.9818ms)
✔ all 18 answers and affected production formula adapters match independent Decimal oracles (11.2583ms)
✔ V3 content counts, stable IDs, references and open tier metadata (7.0826ms)
✔ publication rejects broken learning references and missing grading definitions (3.0961ms)
✔ activity pages remain crawlable but are deliberately excluded from search indexing (6.3587ms)
✔ empty and page-open ongoing history never earn XP (22.7849ms)
✔ lesson rewards and achievements survive repetition without duplication (1.5941ms)
✔ incorrect attempts give no XP; successful retries and reloads award once (2.0657ms)
✔ projects require every objective check and self-review before completion XP (1.7015ms)
✔ shared questions cannot be farmed across activities (1.0996ms)
✔ grade numeric, choice, true/false, multi-select and self-review explicitly (0.7303ms)
✔ roadmap, skills, levels and all milestones are attainable (1.9534ms)
✔ recommendations explain prerequisites and resume incomplete activities (1.9045ms)
✔ legacy V2 migrates losslessly; malformed or forged reward fields are rejected (1.0809ms)
✔ Academy catalog has complete, unique, published lessons, valid paths and explicit relation destinations (6.2551ms)
✔ aliases, Swedish diacritics and category searches work without external search (2.223ms)
✔ each published lesson has original static content, unique SEO and crawlable links; drafts are not generated (23.0775ms)
✔ published learn entities and concept hooks resolve through Connected Experience (55.7469ms)
✔ progress reload, category totals, completion reversal and unknown future IDs stay consistent (31.4136ms)
✔ backup V3 roundtrip, legacy V1/V2 merge, conflicts and failed writes preserve progress (55.6261ms)
✔ Academy never enters current cloud rows or queue and a cloud restore preserves local learning (14.0131ms)
✔ V3 attempts round-trip, merge once, migrate V2 Academy and reject conflicts atomically (39.0315ms)
✔ optional checks have valid answers and explanations; no quiz or identity analytics payload (3.1521ms)
✔ ISK lesson delegates dated parameters to the verified rule registry (1.3709ms)
✔ V2 publication rejects thin, unsourced, or disconnected lessons and invalid paths (16.9186ms)
✔ V2 beginner aliases resolve actual catalog topics (5.6244ms)
✔ path completion depends on all saved states and reverses after undo (0.8708ms)
✔ worked financial examples agree with independent fixtures and shared valuation math (1.9406ms)
✔ knowledge bank starts empty and publication requires real reviewed provenance (1.372ms)
✔ new analytics signals accept no search, quiz, or financial content (2.0678ms)
✔ B70 voluntary pause preserves all review history and due dates without thesis mutations (26.6723ms)
✔ B71 explicit groups link multiple immutable assumptions, rename, detach and tombstone (12.934ms)
✔ B74 factual transitions, deduplicated reviews, reopen, unresolved questions and separate outcomes (8.7159ms)
✔ B74 counts criteria reviews and answered questions once while copied fields remain unchanged (7.5013ms)
✔ B75 allowlisted blank templates never contain private data or IDs; malicious fields cannot enter output (21.2351ms)
✔ new and legacy backup roundtrips, repeat imports, conflicting branches and no partial writes (30.7602ms)
✔ corrupt storage, unknown fields and blocked writes fail closed (9.4595ms)
✔ ticker deletion removes pause/link histories but preserves other groups, templates and thesis histories (13.9849ms)
✔ cloud encoding and restore preserve compatibility without sending private behavioral history (18.448ms)
✔ behavioral runtime never emits private analytics or invokes model/network APIs (1.3699ms)
✔ FIRE fixed purchasing-power withdrawals and nominal inflation linkage match independent oracles (19.6355ms)
✔ comparison cards and chart use selected fees, month-end saving and nominal values in both modes (41.1875ms)
✔ FIRE definition agrees across body, FAQ and structured data (1.0094ms)
✔ yearly compound path: hand oracle, constant parity, contributions, fee and loss boundaries (7.3614ms)
✔ yearly scenario records roundtrip and reject missing years; legacy scenarios remain valid (8.5299ms)
✔ quality boundaries: recovery zero, impossible and non-finite values; error replaces success state (5.681ms)
✔ leverage explanation oracle: same returns reordered, volatility drag and zero absorption (11.3657ms)
✔ content allows only inert formatting and HTTPS links; rule parameters match executable constants (9.1926ms)
✔ independent monthly cash-flow oracle, fee monotonicity, FX identity and margins (7.0688ms)
✔ loaded leverage callback submits through CalcState and renders real table/chart (14.2941ms)
✔ loaded compound form uses finite chart series agreeing with the main result (11.7362ms)
✔ scenario corruption and unsupported shapes block every write and retain raw recovery data (11.1822ms)
✔ FIRE stress examples remain finite and reject zero/extreme rates (5.8422ms)
✔ GAV optional conversion cost is included once and zero keeps the original result (6.9148ms)
✔ FX teaching example compounds to eight percent and unchanged FX preserves asset return (6.732ms)
✔ homepage earnings selects the date week, not insertion order, with no priority exclusion (862.4287ms)
✔ latest published earnings image has matching structured records for every day (8.5991ms)
✔ generated public config is isolated and grants CSP only to account and public social pages (396.8005ms)
✔ invalid or privileged config fails before changing artifacts (30.9553ms)
✔ secret scan reports category and path without exposing the matched value (27.111ms)
✔ anonymous/login never uploads; migration is explicit, idempotent and restores manual history and preferences (60.9798ms)
✔ supported snapshots, archived outcomes, scenario plans/observations and envelope metadata round-trip (99.7703ms)
✔ queue reload, bounded backoff, inspectable failures, no duplicate retry and cross-account separation (56.874ms)
✔ conflicting IDs and corrupt cloud/local data never overwrite history; receipts require confirmation (34.1417ms)
✔ cloud deletion preserves local by default; explicit local removal and logout retain their boundaries (25.9735ms)
✔ adapter delegates persistence/refresh to SDK and returns only verified identity (9.1286ms)
✔ adapter rejects stale restored identity and delegates session removal to SDK (7.2542ms)
✔ SDK OTP errors expose bounded product codes, never provider details (45.4697ms)
✔ legacy IDs, empty scenario groups, additional histories and read-only local use survive cloud preparation (32.5921ms)
✔ queue corruption, blocked writes and concurrent tab changes fail without replacing a queue or local source (19.2006ms)
✔ server conflicts surface explicitly and logout prevents a late receipt being marked synced (60.4511ms)
✔ account changes during authorization cannot write another owner queue or delete that other account (24.5278ms)
✔ derived states and exact overlap order; inactive does not create attention (26.3223ms)
✔ ack fingerprints ignore capture time/order, retain unanswered questions, reopen only changed evidence (9.8838ms)
✔ legacy whole-report acknowledgements remain quiet without rewriting original storage (7.9212ms)
✔ blocked/incomparable observations never become comparable-change lifecycle (9.6478ms)
✔ exact target rejects deleted, replaced, mutated, expired, unknown-version and changed-evidence targets (14.7512ms)
✔ draft validation, corruption, quota and optimistic concurrent writes preserve original bytes (8.4489ms)
✔ snooze is scoped to exact evidence until the chosen local date, no journal mutation (19.0374ms)
✔ keep, revise, close, decline preserve append-only history and acknowledgement through backup/import (83.7831ms)
✔ drafts excluded from backup; import leaves drafts untouched; full deletion includes companions (13.6167ms)
✔ filing accession deduplication distinguishes amendments and keeps unsupported forms out (9.1098ms)
✔ draft quota failure and full-deletion failure preserve journal and companion (19.1511ms)
✔ bounded workspaces, empty cleanup and explicitly reopened draft priority (12.2315ms)
✔ Batch 1A keeps its six accepted objects without preventing future reviewed additions (27.6772ms)
✔ Batch 1A arithmetic is independently checked with the approved scope (1.7812ms)
✔ Batch 1A aliases preserve neutral limitations and abstain for adjacent unreviewed judgments (8.9807ms)
✔ Batch 1A explanations use shared contexts and do not leak editorial approval text (5.3611ms)
✔ 26 original questions, two Wave 1 answers and one Wave 4 release answer have valid metadata (25.2239ms)
✔ draft and needs-update content is excluded from catalog, search and generated pages (76.653ms)
✔ public projection excludes editorial notes, unknown keys and private source notes (26.761ms)
✔ search matches Swedish aliases, category, concepts and P/E punctuation (3.2677ms)
✔ reviewed question matching is deterministic and abstains on unknown input (22.5403ms)
✔ direct definitions outrank shared concepts and preserve question intent (54.5653ms)
✔ publication gate rejects malformed sources, thin text, IDs, dates and references (133.9196ms)
✔ canonical relationships link every answer to Academy and tools and return to questions (47.1376ms)
✔ each answer has unique metadata, status-appropriate indexing and safe static text (29.1182ms)
✔ ISK uses current rule registry with no copied annual amounts and fails on overdue review (7.0291ms)
✔ worked examples match independent formulas and shared calculator math (2.3286ms)
✔ knowledge analytics rejects search content and identifiers (2.9481ms)
✔ Knowledge100 labeled retrieval benchmark has no wrong confident matches or other failures (27.3138ms)
✔ V2 also preserves every positive Wave1 exact/alias fixture (1.938ms)
✔ formula is bounded, independently checked, unit/period explicit and never evaluated as code (0.7226ms)
✔ safe projection excludes editorial history/private nested notes and bodies from compact index (35.0299ms)
✔ stale policy suppresses rule answers at runtime without refreshing reviews (7.1228ms)
✔ shared context modes accept public IDs only and do not expose full answer in compact/reminder (0.935ms)
✔ validator rejects missing references, unknown typed fields, alias collisions, source hazards and merge loops (146.1646ms)
✔ new substantive draft requires actual claim evidence and explicit approval before public projection (17.5719ms)
✔ draft-only retrieval aliases, pilot labels and concepts never enter a public index (3.431ms)
✔ typo ambiguity clarifies rather than selecting a nearby answer (6.9593ms)
✔ substantive history audit detects edits but retrieval configuration changes do not alter content (23.591ms)
✔ all five local authoring examples validate as drafts and remain out of public pages (48.6391ms)
✔ synthetic generation is explicitly test-only and pagination never embeds the inventory (74.1152ms)
✔ seed migration preserves explicit future editorial metadata instead of resetting reviews or relationships (3.0489ms)
✔ explicit merge retains a navigable old URL while rejecting target chains (27.8704ms)
✔ lazy load deduplicates requests, omits credentials and rejects mixed deployment versions (13.1855ms)
✔ B55 shared Research reminders read latest storage, suppress inactive records and never write on display (31.2623ms)
✔ B68/B69 immutable criteria, questions, IDs, dates and duplicate suppression (12.8067ms)
✔ B69 zero, one, three questions; invalid lifecycle records block writes/import without discarding raw data (101.7207ms)
✔ B72 Avstod is an inactive revision, preserved in history and explicitly reopenable (13.5498ms)
✔ B73 user review dates only request reconsideration, never imply falsity; manual queue needs no data (9.9701ms)
✔ B80 manual identity, exports, backup roundtrip, deletion and future support preserve history (46.4242ms)
✔ legacy assumptions gain no invented criteria/dates on read, export or an unchanged save (9.7828ms)
✔ B21 price outcomes cannot evaluate assumptions or process; dimensions remain separate (30.5738ms)
✔ supported Outcome archives lifecycle evidence after source deletion and rejects malformed lifecycle imports (118.1628ms)
✔ yearly return scenario survives backup/import and malformed series never overwrites storage (57.4064ms)
✔ complete backup round trip, repeat merge, conflict rejection, legacy migration and privacy allowlist (657.0534ms)
✔ single/history deletion retains checkpoints; deliberate full delete is isolated and corruption blocks it (228.1477ms)
✔ write failure rolls back earlier keys; corrupt current store never gets replaced by valid import (85.5176ms)
✔ assumptions and explicit reviews survive immutable history, exports, merge and legacy reads (420.2437ms)
✔ savings plan observations are append-only, merge by ID, and preserve immutable baseline (35.0921ms)
✔ real savings follow-up uses the captured effective rate and rejects observations after the exact horizon (12.0958ms)
✔ events fail closed on private fields, arbitrary enum values and getters; provider failures are isolated (5.1078ms)
✔ all status states expose words and live semantics; unknown states do not mutate UI (0.7754ms)
✔ landing attribution strips query content and emits no private Research data (5.5308ms)
✔ editorial metadata and original contextual journeys survive catalog migration (59.292ms)
✔ 2027 exchange dates match primary equity schedules and pending macro warnings expire (4.3403ms)
✔ minimal immutable projection and selected section diff (5.896ms)
✔ reject private fields at every public boundary, unknown future providers and nulls (16.5566ms)
✔ calculations preserve exact inputs; mismatched periods, definitions and prose rejected (36.9575ms)
✔ chart gaps are explicit, currencies and unsupported series fail closed (2.5303ms)
✔ frozen production annual observations yield bounded candidates with no copied private annotations (92.7522ms)
✔ oversized prose/payload, missing dates and future method versions fail closed (0.7592ms)
✔ known SEC projection drops nested annotations and rejects ambiguous rights (3.3395ms)
✔ old snapshots never borrow issuer identity from current data (6.1453ms)
✔ provider-neutral shape can represent restricted future observations without granting publication rights (0.9491ms)
✔ publication migration preserves deployed clients and authorization (2610.5152ms)
✔ relation schema rejects corrupt IDs, references, vocabulary, metadata and unsupported routes (187.6717ms)
✔ missing files and fragments fail validation, including the actual mode-link contract (112.0424ms)
✔ queries are deterministic, bounded, explicit and suppress planned Academy links (24.4743ms)
✔ one renderer produces escaped, descriptive, crawlable anchors in all generated placements (35.319ms)
✔ a future Learn publication slots in without changing the renderer or exposing placeholders now (57.7825ms)
✔ relation click analytics are coarse and reject IDs, tickers, URLs, values and unknown enums (3.0955ms)
✔ rule reviews fail at their deadline and when a new ISK income year is unmaintained (10.1598ms)
✔ CSP is deterministic, hashes executable inline code and forbids arbitrary script attributes (125.0856ms)
✔ V2 migration, public boundaries and immutable version lifecycle (2642.2723ms)
✔ frozen evaluation: positive-growth (48.1116ms)
✔ frozen evaluation: declining-revenue (14.4792ms)
✔ frozen evaluation: negative-eps (11.1419ms)
✔ frozen evaluation: missing-fcf (11.4381ms)
✔ frozen evaluation: share-basis (15.8516ms)
✔ frozen evaluation: currency (10.8873ms)
✔ frozen evaluation: restatement (10.6772ms)
✔ frozen evaluation: missing-source (12.7075ms)
✔ frozen evaluation: unsupported-company (5.25ms)
✔ frozen evaluation: manual-thesis (3.8563ms)
✔ frozen evaluation: vague-assumption (4.2953ms)
✔ frozen evaluation: contradictory-evidence (24.1266ms)
✔ frozen evaluation: no-meaningful-change (11.3627ms)
✔ frozen evaluation: prompt-injection (10.7983ms)
✔ frozen evaluation: ignore-rules (11.0178ms)
✔ frozen evaluation: unsupported-factual-question (9.0139ms)
✔ frozen evaluation: missing-citation (11.0969ms)
✔ frozen evaluation: incorrect-confidence (11.6874ms)
✔ frozen evaluation: incorrect-assumption-mapping (9.5428ms)
✔ frozen evaluation: hold-leakage (11.3656ms)
✔ report minimization, unresolved questions and exact deterministic deltas (16.4587ms)
✔ disabled and unknown live providers make zero network calls; mock deterministic and bounded (6.0616ms)
✔ deterministic conflicts never call a provider and unknown conflicts abstain (2.4799ms)
✔ B78 publication, route, review queue and connected catalog allowlists agree (54.233ms)
✔ B78 actual data retains null EPS, source evidence, safe comparisons and explicit manual fallback (140.5601ms)
✔ standalone and Research valuation adapters agree with a hand-calculated oracle (77.4709ms)
✔ comparability gate blocks incompatible evidence consistently in Change Detection and Outcomes (178.5975ms)
✔ restore historical assumptions only; preserve storage, fundamentals, text, outputs and baseline (192.566ms)
✔ explicit historical manual EPS restores source and survives calculate/save (174.964ms)
✔ SEC restore cannot replace manual fallback when current positive SEC EPS is unavailable (339.1264ms)
✔ legacy partial restore skips missing, invalid and unknown EPS assumptions (100.8114ms)
✔ empty and unsupported revisions disable restore without writes or stale state (399.3219ms)
✔ uncalculated edits prompt only when changed assumptions would actually be overwritten (169.2659ms)
✔ equivalent numeric formatting and already-matching edits do not prompt (61.1679ms)
✔ quality: NVDA complete load/render and cross-feature workflow without Chart CDN (134.4972ms)
✔ quality: SOFI complete load/render and cross-feature workflow without Chart CDN (130.8462ms)
✔ quality: CRWD complete load/render and cross-feature workflow without Chart CDN (141.3385ms)
✔ quality: landing metrics load from stock JSON and one failed ticker does not hide the others (30.6534ms)
✔ quality: loading, unsupported ticker, HTTP errors and wrong-company JSON fail safely (16.8577ms)
✔ quality: incomplete metrics render safely and charts use gaps, not invented zeroes (31.7689ms)
✔ quality: invalid horizons, infinities and overflow never replace results or become saved snapshots (252.5917ms)
✔ quality: sensitivity center reflects valid low P/E and negative-growth Base scenario (15.5809ms)
✔ quality: no-op Thesis refresh must not calculate an unsubmitted Outcome price (78.7754ms)
✔ quality: provenance uses keyboard buttons and distinguishes derived, missing and limited data (12.0231ms)
✔ Research editorial labels never expose metric keys and preserve values, units and source concepts (29.1863ms)
✔ Research example, manual and restored price states disclose missing quote date and model basis (11.7561ms)
✔ outcome: all eight fundamentals compare correctly using report dates and immutable inputs (15.7017ms)
✔ outcome: zero, negative and incompatible bases never produce invalid CAGR (21.9351ms)
✔ outcome: missing legacy fields, unknown currencies, and unsupported snapshots are not backfilled (15.2437ms)
✔ outcome: horizon uses elapsed revision time, caps model paths, and never assigns a score (18.6749ms)
✔ outcome: all scenario EPS paths use saved basis and annual growth; manual bases are distinguished (16.406ms)
✔ outcome: incompatible and overflowing model paths remain unavailable (15.5826ms)
✔ outcome: manual price uses saved starting price and old targets, handles every interval boundary (28.9228ms)
✔ outcome: selecting history, updating price and saving a checkpoint leave valuation, revisions and CD unchanged (59.8681ms)
✔ outcome: multiple explicit checkpoints, stable IDs, duplicate suppression and revision linkage survive reload (63.0023ms)
✔ outcome: deleted source revisions retain self-contained archival checkpoints, including after all-delete and reload (94.6497ms)
✔ outcome: corrupt and unsupported outcome storage blocks writes and preserves raw bytes (89.3339ms)
✔ outcome: quota/access failure and invalid observations never alter existing checkpoint records (28.7055ms)
✔ outcome: SOFI unavailable FCF and CRWD missing share basis remain unavailable in observations (28.4126ms)
✔ outcome: invalid manual input blocks checkpoint save and legacy observation UI has no invalid numeric tokens (56.3535ms)
✔ latest export uses saved thesis and outputs, excludes unsaved form changes, and cleans download URL (53.2881ms)
✔ historical Markdown and print use exactly the selected saved revision, never current fundamentals (58.9014ms)
✔ manual export labels valuation EPS separately from historical SEC EPS (54.2784ms)
✔ legacy, missing and unsupported snapshots export safely without current-data backfills (218.3806ms)
✔ export filename is deterministic, sanitized and bounded (10.3171ms)
✔ Markdown escapes table delimiters and HTML; print renders user content as text (10.7056ms)
✔ no saved analysis disables both exports and never autosaves (11.6727ms)
✔ removed selected revision does not silently export latest, and download failures release URLs (76.5874ms)
✔ print CSS isolates document, hides controls and provides white A4 layout and table pagination (0.7927ms)
✔ capture -> real submit -> localStorage -> fresh context -> compare supported metrics and block unverified share basis (84.4401ms)
✔ both legacy naming conventions normalize idempotently without persisting migration (22.6583ms)
✔ actual old capture names with missing revenue never invent revenue, net income or margins (12.2874ms)
✔ margins use percentage points, including a zero historical numerator (16.7782ms)
✔ thresholds remain strictly >1 percent and >0.5 pp (29.3474ms)
✔ zero/null/nonfinite baselines and zero revenue never produce NaN or Infinity (16.5684ms)
✔ negative-to-positive earnings use absolute historical denominator (15.9105ms)
✔ SOFI and CRWD unavailable metrics stay null through capture/storage/reload (104.0545ms)
✔ new baseline save and delete immediately clear a visible old report (127.3377ms)
✔ stale valuation blocks save; submit recalculates and stores edited assumptions (77.9957ms)
✔ corrupt and future records do not crash reload, preview, or destroy other records (55.9065ms)
✔ invalid envelopes and inaccessible/full storage fail explicitly without overwriting (48.0492ms)
✔ period, filing filters/limit and old-analysis warning remain functional (11.5728ms)
✔ snapshot metadata survives updates; unrelated and unsupported records are preserved (96.9477ms)
✔ explicit null/unsupported values are authoritative; manual EPS never fills missing SEC EPS (12.8989ms)
✔ both Research and Min NTM load the shared schema before storage and comparison (0.7951ms)
✔ existing Min NTM list renders valid and partial migrated theses without numeric crashes (49.9523ms)
✔ V1 becomes a stable first revision without changing text, dates or raw snapshot (56.9597ms)
✔ second meaningful save preserves first revision verbatim and read results are immutable (82.653ms)
✔ reload defaults to latest; choosing history compares its baseline without changing editor (220.3654ms)
✔ duplicate saves ignore capture timestamps and whitespace; renders create no revisions (114.3912ms)
✔ valuation-only revisions append but manual prices are never company-data changes (100.7131ms)
✔ single revision delete preserves others, latest deletion promotes predecessor, final hides baseline (196.8173ms)
✔ cancelled single/all deletes do nothing and deleting latest retains unsaved editing (46.0259ms)
✔ V2 malformed revisions, duplicate IDs and unsupported envelopes reject destructive writes (55.7355ms)
✔ quota failure preserves every revision and selected baseline (47.5534ms)
✔ Min NTM displays only the latest revision with its count and valuation (86.7544ms)
✔ selected legacy baseline never backfills missing metrics and all-delete affects only its ticker (58.8528ms)
✔ publication copies only selected text; nested private data never crosses boundary (2.1959ms)
✔ strict text and minimum publication bounds (0.8017ms)
✔ routes encode input and coarse metrics reject identities (1.9887ms)
✔ hand-calculated valuation fixtures and inverse identities (2.6297ms)
✔ invalid and negative edge cases never leak non-finite numbers (0.6914ms)
✔ year coverage is deterministic and never fabricates next-year dates (0.6413ms)
✔ Wave 1 handoff preserves selected inputs and honest provenance without private fields (8.0193ms)
✔ handoff rejects expired/future timestamps, unknown fields, company/currency/unit/method mismatches (2.6451ms)
✔ manual EPS has no borrowed reported period or method (0.3892ms)
✔ pinned company identities match every current supported dataset (25.5641ms)
✔ 12 concepts resolve to 11 canonical answers, preserve overlap and route to existing practice (38.0728ms)
✔ 30 labelled retrieval cases preserve exact definitions, reviewed typo aliases and abstention (33.3751ms)
✔ new examples match independent arithmetic; reviewed additions stay out of sitemap (1.0395ms)
✔ pilot datasets retain original data; all statements expose versioned evidence and all share bases remain unavailable (91.9162ms)
✔ positive annual revenue and margin math agree with independent constants (5.5404ms)
✔ adversarial evidence fails closed across period, definition, source, units, base and quality boundaries (78.778ms)
✔ R6 shows reproducible corresponding profit/EPS rates only with verified weighted share basis (32.8731ms)
✔ R12 source accession/value/version/correction changes are reconstructable and timestamp churn is ignored (80.7252ms)
✔ calendar context distinguishes unknown/revised/first-reported and zero actual without manufacturing consensus (1.2339ms)
✔ homepage macro priority keeps major releases visible and counts every hidden event exactly (40.3136ms)
✔ published weekly artifacts and homepage resolve; honest partial/future statuses stay visible (75.7633ms)
✔ shared Stockholm week resolution handles Monday/Sunday/year rollover and never substitutes another week (12.4713ms)
✔ missing current weeks and image/structured mismatches fail for both feeds (220.4953ms)
✔ malformed dates, wrong weeks, duplicate identities and false provenance are rejected (179.9213ms)
✔ partial upstream failure may not claim successful complete fetch (95.2779ms)
✔ future authoritative unavailability has a dated explicit exception; current missing week does not (27.7802ms)
ℹ tests 289
ℹ suites 0
ℹ pass 289
ℹ fail 0
ℹ cancelled 0
ℹ skipped 0
ℹ todo 0
ℹ duration_ms 6218.0758
RUN C:/Users/Mirne/AppData/Local/Programs/Python/Python314/Lib/site-packages/playwright/driver/node.exe scripts/build_seo.cjs --check
SEO: 85 canonical sitemap URLs, 7 existing articles; 0 files outdated.
RUN C:/Users/Mirne/AppData/Local/Programs/Python/Python314/Lib/site-packages/playwright/driver/node.exe scripts/knowledge_history.cjs
Knowledge substantive version/history audit passed. No review dates changed.
RUN C:/Users/Mirne/AppData/Local/Programs/Python/Python314/Lib/site-packages/playwright/driver/node.exe scripts/knowledge_editorial.cjs validate
{
  "valid": true,
  "answers": 35
}
RUN C:/Users/Mirne/AppData/Local/Programs/Python/Python314/Lib/site-packages/playwright/driver/node.exe scripts/check_calendar_coverage.cjs
::notice::Macro 2027: complete schedules not yet published at last check; recheck 2026-11-01
RUN C:/Users/Mirne/AppData/Local/Programs/Python/Python314/Lib/site-packages/playwright/driver/node.exe scripts/check_weekly_events.cjs
::warning::[partial_update] Macro upstream update is partial; failed/unavailable sources remain explicit. No consensus values are inferred.
::notice::[not_yet_published] Macro 2027: future authoritative schedule not yet published; recheck 2026-11-01.
PASS: weekly records, image reviews and homepage resolution; empty days are valid.
RUN C:/Users/Mirne/AppData/Local/Programs/Python/Python314/Lib/site-packages/playwright/driver/node.exe scripts/check_rules.cjs
Rule registry: 0 issues. Source verification remains an owner responsibility.
RUN C:/Users/Mirne/AppData/Local/Programs/Python/Python314/Lib/site-packages/playwright/driver/node.exe scripts/check_cloud_security.cjs
PASS credential-pattern scan/public configuration (working tree; not git history)
RUN git -c core.safecrlf=false diff --check
PASS credential-pattern scan/public configuration and staged CSP
PASS: release tests, generated artifacts, calendar/rules, staging and local references
