RUN C:\Users\Mirne\AppData\Local\Programs\Python\Python314\python.exe -B scripts/issuer_registry.py --check
PASS: canonical issuer registry, browser projection, profiles, published enrollment, checkpoints and workflow paths
RUN C:\Users\Mirne\AppData\Local\Programs\Python\Python314\python.exe -B scripts/evidence_sources.py
PASS: published evidence has bounded, hashed, reproducible offline sources and index metadata
RUN C:\Users\Mirne\AppData\Local\Programs\Python\Python314\python.exe -B -m unittest discover -s tests -p test_*.py
.......................................................s................................................................................................................................................................................................................................................................................✔ release grouping preserves strongest priority and never merges different dates (43.5585ms)
✔ week 40 verified schedules, Swedish times and historical field lifecycle (70.5283ms)
✔ week 40 reports preserve verified sessions, unknowns, exact release versus call and identity (10.1999ms)
ℹ tests 3
ℹ suites 0
ℹ pass 3
ℹ fail 0
ℹ cancelled 0
ℹ skipped 0
ℹ todo 0
ℹ duration_ms 209.9534
....✔ week 39 earnings agrees with all image columns, reviewed hash and current/future resolution (68.8995ms)
✔ week 39 macro image transcription preserves dates, ET timing and manual field provenance (12.1034ms)
✔ homepage macro priority keeps major releases visible and counts every hidden event exactly (9.0848ms)
✔ published weekly artifacts and homepage resolve; honest partial/future statuses stay visible (29.1634ms)
✔ shared Stockholm week resolution handles Monday/Sunday/year rollover and never substitutes another week (8.3221ms)
✔ missing current weeks and image/structured mismatches fail for both feeds (167.6112ms)
✔ malformed dates, wrong weeks, duplicate identities and false provenance are rejected (125.1598ms)
✔ partial upstream failure may not claim successful complete fetch (69.8569ms)
✔ future authoritative unavailability has a dated explicit exception; current missing week does not (30.448ms)
ℹ tests 9
ℹ suites 0
ℹ pass 9
ℹ fail 0
ℹ cancelled 0
ℹ skipped 0
ℹ todo 0
ℹ duration_ms 604.2139
.
----------------------------------------------------------------------
Ran 333 tests in 283.833s

OK (skipped=1)
Company evidence synthetic 10 + 100 issuers: 0.024s; metadata only, no network
[Calendar Info] Live ICS fetch not accessible (offline). Using verified schedule cache.
[Calendar] Loaded 1 events from verified cache C:\Users\Mirne\AppData\Local\Temp\tmp0yafx6im\calendar.ics.
[*] Processing stock fundamentals for NVDA...
    [Offline mode] Loading SEC fixtures from C:\Users\Mirne\Desktop\investment-site\tests\fixtures
    Normalizing company profile, annual & quarterly fundamentals, TTM, and filings...
[*] Processing stock fundamentals for NVDA...
    [Offline mode] Loading SEC fixtures from C:\Users\Mirne\Desktop\investment-site\tests\fixtures
    Normalizing company profile, annual & quarterly fundamentals, TTM, and filings...
[*] Processing stock fundamentals for NVDA...
    [Offline mode] Loading SEC fixtures from C:\Users\Mirne\Desktop\investment-site\tests\fixtures
    Normalizing company profile, annual & quarterly fundamentals, TTM, and filings...
[*] Processing stock fundamentals for NVDA...
    [Offline mode] Loading SEC fixtures from C:\Users\Mirne\Desktop\investment-site\tests\fixtures
    Normalizing company profile, annual & quarterly fundamentals, TTM, and filings...
[*] Processing stock fundamentals for NVDA...
    [Offline mode] Loading SEC fixtures from C:\Users\Mirne\Desktop\investment-site\tests\fixtures
    Normalizing company profile, annual & quarterly fundamentals, TTM, and filings...
[*] Processing stock fundamentals for NVDA...
    [Offline mode] Loading SEC fixtures from C:\Users\Mirne\Desktop\investment-site\tests\fixtures
    Normalizing company profile, annual & quarterly fundamentals, TTM, and filings...
[*] Processing stock fundamentals for NVDA...
    [Offline mode] Loading SEC fixtures from C:\Users\Mirne\Desktop\investment-site\tests\fixtures
    Normalizing company profile, annual & quarterly fundamentals, TTM, and filings...
[*] Processing stock fundamentals for NVDA...
    [Offline mode] Loading SEC fixtures from C:\Users\Mirne\Desktop\investment-site\tests\fixtures
    Normalizing company profile, annual & quarterly fundamentals, TTM, and filings...
[*] Processing stock fundamentals for NVDA...
    Resolving CIK for NVDA via SEC company_tickers.json...
    Verified CIK: 0001045810
    Fetching SEC submissions metadata for CIK 0001045810...
[*] Processing stock fundamentals for NVDA...
    Resolving CIK for NVDA via SEC company_tickers.json...
    Verified CIK: 0001045810
    Fetching SEC submissions metadata for CIK 0001045810...
    Fetching SEC XBRL company facts for CIK 0001045810...
[*] Processing stock fundamentals for NVDA...
    Resolving CIK for NVDA via SEC company_tickers.json...
    Verified CIK: 0001045810
    Fetching SEC submissions metadata for CIK 0001045810...
    Fetching SEC XBRL company facts for CIK 0001045810...
[*] Processing stock fundamentals for NVDA...
    Resolving CIK for NVDA via SEC company_tickers.json...
    Verified CIK: 0001045810
    Fetching SEC submissions metadata for CIK 0001045810...
    Fetching SEC XBRL company facts for CIK 0001045810...
[2026-10-05T15:42:00Z] Starting robust macro data update...
[Dynamic Scope] Fetching data for derived years: 2024..2026
[BLS Query] Requesting 13 series in 1 batch request...
[BLS Success] Received 1 series (1 with data points).
[Actual Verified] us-unemployment-rate-test (Aug 2026): 4.0%
[Result] Total events verified/updated: 1
[2026-10-05T15:42:00Z] Successfully wrote C:\Users\Mirne\AppData\Local\Temp\tmprv8yaf15\events.js (atomic replace).
[*] Processing stock fundamentals for NVDA...
    [Offline mode] Loading SEC fixtures from C:\Users\Mirne\Desktop\investment-site\tests\fixtures
    Normalizing company profile, annual & quarterly fundamentals, TTM, and filings...
[OK] Successfully generated verified fundamentals: C:\Users\Mirne\AppData\Local\Temp\tmpgfarjeqa\NVDA.json
[*] Processing stock fundamentals for SOFI...
    [Offline mode] Loading SEC fixtures from C:\Users\Mirne\Desktop\investment-site\tests\fixtures
    Normalizing company profile, annual & quarterly fundamentals, TTM, and filings...
[OK] Successfully generated verified fundamentals: C:\Users\Mirne\AppData\Local\Temp\tmpqcqby0mk\SOFI.json
[*] Processing stock fundamentals for CRWD...
    [Offline mode] Loading SEC fixtures from C:\Users\Mirne\Desktop\investment-site\tests\fixtures
    Normalizing company profile, annual & quarterly fundamentals, TTM, and filings...
[OK] Successfully generated verified fundamentals: C:\Users\Mirne\AppData\Local\Temp\tmptdxbrojy\CRWD.json
[*] Processing stock fundamentals for NVDA...
    Resolving CIK for NVDA via SEC company_tickers.json...
    Verified CIK: 0001045810
    Fetching SEC submissions metadata for CIK 0001045810...
    Fetching SEC XBRL company facts for CIK 0001045810...
    Normalizing company profile, annual & quarterly fundamentals, TTM, and filings...
[OK] Successfully generated verified fundamentals: C:\Users\Mirne\AppData\Local\Temp\tmpnlk7w03q\NVDA.json
[*] Processing stock fundamentals for NVDA...
    Resolving CIK for NVDA via SEC company_tickers.json...
    Verified CIK: 0001045810
    Fetching SEC submissions metadata for CIK 0001045810...
    Fetching SEC XBRL company facts for CIK 0001045810...
    Normalizing company profile, annual & quarterly fundamentals, TTM, and filings...
[OK] Verified unchanged SEC evidence for NVDA; kept published file intact: C:\Users\Mirne\AppData\Local\Temp\tmpq9d4t581\NVDA.json
[*] Processing stock fundamentals for NVDA...
    Resolving CIK for NVDA via SEC company_tickers.json...
    Verified CIK: 0001045810
    Fetching SEC submissions metadata for CIK 0001045810...
    Fetching SEC XBRL company facts for CIK 0001045810...
    Normalizing company profile, annual & quarterly fundamentals, TTM, and filings...
[OK] Successfully generated verified fundamentals: C:\Users\Mirne\AppData\Local\Temp\tmpq9d4t581\NVDA.json
[*] Processing stock fundamentals for MU...
    Resolving CIK for MU via SEC company_tickers.json...
    Verified CIK: 0000723125
    Fetching SEC submissions metadata for CIK 0000723125...
    Fetching SEC XBRL company facts for CIK 0000723125...
    Normalizing company profile, annual & quarterly fundamentals, TTM, and filings...
[OK] Successfully generated verified fundamentals: C:\Users\Mirne\AppData\Local\Temp\tmpr4ttnqyf\MU.json
{"issuersChecked": 1, "newFilings": 1, "acceptedObservationsEvents": 15, "reviewRequired": 8, "rejectedFailed": 0, "productionDataChanged": true}
{"issuersChecked": 1, "newFilings": 0, "acceptedObservationsEvents": 0, "reviewRequired": 8, "rejectedFailed": 0, "productionDataChanged": false}
[*] Processing stock fundamentals for VRT...
    Resolving CIK for VRT via SEC company_tickers.json...
    Verified CIK: 0001674101
    Fetching SEC submissions metadata for CIK 0001674101...
    Fetching SEC XBRL company facts for CIK 0001674101...
    Normalizing company profile, annual & quarterly fundamentals, TTM, and filings...
[OK] Successfully generated verified fundamentals: C:\Users\Mirne\AppData\Local\Temp\tmpse2756qi\VRT.json
{"issuersChecked": 1, "newFilings": 1, "acceptedObservationsEvents": 15, "reviewRequired": 5, "rejectedFailed": 0, "productionDataChanged": true}
{"issuersChecked": 1, "newFilings": 0, "acceptedObservationsEvents": 0, "reviewRequired": 5, "rejectedFailed": 0, "productionDataChanged": false}
{"issuersChecked": 1, "newFilings": 1, "acceptedObservationsEvents": 1, "reviewRequired": 7, "rejectedFailed": 0, "productionDataChanged": true}
{"issuersChecked": 1, "newFilings": 0, "acceptedObservationsEvents": 0, "reviewRequired": 7, "rejectedFailed": 0, "productionDataChanged": false}
{"issuersChecked": 1, "newFilings": 1, "acceptedObservationsEvents": 0, "reviewRequired": 8, "rejectedFailed": 0, "productionDataChanged": false}
{"issuersChecked": 1, "newFilings": 1, "acceptedObservationsEvents": 1, "reviewRequired": 4, "rejectedFailed": 0, "productionDataChanged": true}
{"issuersChecked": 1, "newFilings": 0, "acceptedObservationsEvents": 0, "reviewRequired": 4, "rejectedFailed": 0, "productionDataChanged": false}
{"issuersChecked": 1, "newFilings": 1, "acceptedObservationsEvents": 0, "reviewRequired": 5, "rejectedFailed": 0, "productionDataChanged": false}
[*] Processing stock fundamentals for NVDA...
    Resolving CIK for NVDA via SEC company_tickers.json...
    Verified CIK: 0001045810
    Fetching SEC submissions metadata for CIK 0001045810...
    Fetching SEC XBRL company facts for CIK 0001045810...
    Normalizing company profile, annual & quarterly fundamentals, TTM, and filings...
[OK] Successfully generated verified fundamentals: C:\Users\Mirne\AppData\Local\Temp\tmpvgiq6wyt\NVDA.json
{"issuersChecked": 1, "newFilings": 1, "acceptedObservationsEvents": 17, "reviewRequired": 10, "rejectedFailed": 0, "productionDataChanged": true}
{"issuersChecked": 2, "newFilings": 0, "acceptedObservationsEvents": 0, "reviewRequired": 11, "rejectedFailed": 0, "productionDataChanged": false}
{"issuersChecked": 2, "newFilings": 0, "acceptedObservationsEvents": 0, "reviewRequired": 11, "rejectedFailed": 0, "productionDataChanged": false}
{"issuersChecked": 2, "newFilings": 0, "acceptedObservationsEvents": 0, "reviewRequired": 0, "rejectedFailed": 2, "productionDataChanged": false}

Completed 12/12 tickers successfully.
[*] Processing stock fundamentals for MU...
    Resolving CIK for MU via SEC company_tickers.json...
    Verified CIK: 0000723125
    Fetching SEC submissions metadata for CIK 0000723125...
    Fetching SEC XBRL company facts for CIK 0000723125...
[*] Processing stock fundamentals for MU...
    Resolving CIK for MU via SEC company_tickers.json...
    Verified CIK: 0000723125
    Fetching SEC submissions metadata for CIK 0000723125...
    Fetching SEC XBRL company facts for CIK 0000723125...
    Normalizing company profile, annual & quarterly fundamentals, TTM, and filings...
[*] Processing stock fundamentals for MRVL...
    Resolving CIK for MRVL via SEC company_tickers.json...
    Verified CIK: 0001835632
    Fetching SEC submissions metadata for CIK 0001835632...
    Fetching SEC XBRL company facts for CIK 0001835632...
[*] Processing stock fundamentals for MRVL...
    Resolving CIK for MRVL via SEC company_tickers.json...
    Verified CIK: 0001835632
    Fetching SEC submissions metadata for CIK 0001835632...
    Fetching SEC XBRL company facts for CIK 0001835632...
    Normalizing company profile, annual & quarterly fundamentals, TTM, and filings...
[*] Processing stock fundamentals for VRT...
    Resolving CIK for VRT via SEC company_tickers.json...
    Verified CIK: 0001674101
    Fetching SEC submissions metadata for CIK 0001674101...
    Fetching SEC XBRL company facts for CIK 0001674101...
[*] Processing stock fundamentals for VRT...
    Resolving CIK for VRT via SEC company_tickers.json...
    Verified CIK: 0001674101
    Fetching SEC submissions metadata for CIK 0001674101...
    Fetching SEC XBRL company facts for CIK 0001674101...
    Normalizing company profile, annual & quarterly fundamentals, TTM, and filings...
[*] Processing stock fundamentals for COHR...
    Resolving CIK for COHR via SEC company_tickers.json...
    Verified CIK: 0000820318
    Fetching SEC submissions metadata for CIK 0000820318...
    Fetching SEC XBRL company facts for CIK 0000820318...
[*] Processing stock fundamentals for COHR...
    Resolving CIK for COHR via SEC company_tickers.json...
    Verified CIK: 0000820318
    Fetching SEC submissions metadata for CIK 0000820318...
    Fetching SEC XBRL company facts for CIK 0000820318...
    Normalizing company profile, annual & quarterly fundamentals, TTM, and filings...
[*] Processing stock fundamentals for RKLB...
    Resolving CIK for RKLB via SEC company_tickers.json...
    Verified CIK: 0001819994
    Fetching SEC submissions metadata for CIK 0001819994...
    Fetching SEC XBRL company facts for CIK 0001819994...
[*] Processing stock fundamentals for RKLB...
    Resolving CIK for RKLB via SEC company_tickers.json...
    Verified CIK: 0001819994
    Fetching SEC submissions metadata for CIK 0001819994...
    Fetching SEC XBRL company facts for CIK 0001819994...
    Normalizing company profile, annual & quarterly fundamentals, TTM, and filings...
[*] Processing stock fundamentals for TTMI...
    Resolving CIK for TTMI via SEC company_tickers.json...
    Verified CIK: 0001116942
    Fetching SEC submissions metadata for CIK 0001116942...
    Fetching SEC XBRL company facts for CIK 0001116942...
    Normalizing company profile, annual & quarterly fundamentals, TTM, and filings...
[*] Processing stock fundamentals for SNDK...
    Resolving CIK for SNDK via SEC company_tickers.json...
    Verified CIK: 0002023554
    Fetching SEC submissions metadata for CIK 0002023554...
    Fetching SEC XBRL company facts for CIK 0002023554...
    Normalizing company profile, annual & quarterly fundamentals, TTM, and filings...
[*] Processing stock fundamentals for FLY...
    Resolving CIK for FLY via SEC company_tickers.json...
    Verified CIK: 0001860160
    Fetching SEC submissions metadata for CIK 0001860160...
    Fetching SEC XBRL company facts for CIK 0001860160...
    Normalizing company profile, annual & quarterly fundamentals, TTM, and filings...
[*] Processing stock fundamentals for CRWV...
    Resolving CIK for CRWV via SEC company_tickers.json...
    Verified CIK: 0001769628
    Fetching SEC submissions metadata for CIK 0001769628...
    Fetching SEC XBRL company facts for CIK 0001769628...
    Normalizing company profile, annual & quarterly fundamentals, TTM, and filings...
{"issuersChecked": 1, "newFilings": 1, "acceptedObservationsEvents": 4, "reviewRequired": 9, "rejectedFailed": 0, "productionDataChanged": true}
{"issuersChecked": 1, "newFilings": 1, "acceptedObservationsEvents": 0, "reviewRequired": 10, "rejectedFailed": 0, "productionDataChanged": false}
{"issuersChecked": 1, "newFilings": 1, "acceptedObservationsEvents": 1, "reviewRequired": 9, "rejectedFailed": 0, "productionDataChanged": true}
{"issuersChecked": 1, "newFilings": 0, "acceptedObservationsEvents": 0, "reviewRequired": 0, "rejectedFailed": 1, "productionDataChanged": false}
{"issuersChecked": 1, "newFilings": 2, "acceptedObservationsEvents": 0, "reviewRequired": 0, "rejectedFailed": 1, "productionDataChanged": false}
{"issuersChecked": 5, "newFilings": 0, "acceptedObservationsEvents": 0, "reviewRequired": 36, "rejectedFailed": 0, "productionDataChanged": false}
{"issuersChecked": 1, "newFilings": 1, "acceptedObservationsEvents": 0, "reviewRequired": 0, "rejectedFailed": 1, "productionDataChanged": false}
{"issuersChecked": 1, "newFilings": 0, "acceptedObservationsEvents": 0, "reviewRequired": 0, "rejectedFailed": 1, "productionDataChanged": false}
{"issuersChecked": 1, "newFilings": 2, "acceptedObservationsEvents": 2, "reviewRequired": 9, "rejectedFailed": 0, "productionDataChanged": true}
{"issuersChecked": 1, "newFilings": 0, "acceptedObservationsEvents": 0, "reviewRequired": 0, "rejectedFailed": 1, "productionDataChanged": false}
{"issuersChecked": 1, "newFilings": 1, "acceptedObservationsEvents": 1, "reviewRequired": 10, "rejectedFailed": 0, "productionDataChanged": true}
{"issuersChecked": 1, "newFilings": 0, "acceptedObservationsEvents": 0, "reviewRequired": 9, "rejectedFailed": 0, "productionDataChanged": false}
{"issuersChecked": 1, "newFilings": 1, "acceptedObservationsEvents": 1, "reviewRequired": 9, "rejectedFailed": 0, "productionDataChanged": true}
{"issuersChecked": 1, "newFilings": 0, "acceptedObservationsEvents": 0, "reviewRequired": 9, "rejectedFailed": 0, "productionDataChanged": false}
{"issuersChecked": 1, "newFilings": 1, "acceptedObservationsEvents": 0, "reviewRequired": 10, "rejectedFailed": 0, "productionDataChanged": false}
{"issuersChecked": 1, "newFilings": 1, "acceptedObservationsEvents": 0, "reviewRequired": 10, "rejectedFailed": 0, "productionDataChanged": false}
{"issuersChecked": 2, "newFilings": 1, "acceptedObservationsEvents": 1, "reviewRequired": 9, "rejectedFailed": 1, "productionDataChanged": true}
{"issuersChecked": 1, "newFilings": 0, "acceptedObservationsEvents": 0, "reviewRequired": 0, "rejectedFailed": 1, "productionDataChanged": false}
{"issuersChecked": 1, "newFilings": 1, "acceptedObservationsEvents": 0, "reviewRequired": 10, "rejectedFailed": 0, "productionDataChanged": false}
{"issuersChecked": 1, "newFilings": 1, "acceptedObservationsEvents": 0, "reviewRequired": 10, "rejectedFailed": 0, "productionDataChanged": false}
{"issuersChecked": 1, "newFilings": 1, "acceptedObservationsEvents": 0, "reviewRequired": 0, "rejectedFailed": 1, "productionDataChanged": false}
{"issuersChecked": 1, "newFilings": 1, "acceptedObservationsEvents": 0, "reviewRequired": 10, "rejectedFailed": 0, "productionDataChanged": false}
{"issuersChecked": 1, "newFilings": 0, "acceptedObservationsEvents": 0, "reviewRequired": 10, "rejectedFailed": 0, "productionDataChanged": false}
{"issuersChecked": 1, "newFilings": 1, "acceptedObservationsEvents": 4, "reviewRequired": 9, "rejectedFailed": 0, "productionDataChanged": true}
{"issuersChecked": 1, "newFilings": 0, "acceptedObservationsEvents": 0, "reviewRequired": 9, "rejectedFailed": 0, "productionDataChanged": false}
{"issuersChecked": 1, "newFilings": 1, "acceptedObservationsEvents": 0, "reviewRequired": 0, "rejectedFailed": 1, "productionDataChanged": false}
{"issuersChecked": 1, "newFilings": 1, "acceptedObservationsEvents": 0, "reviewRequired": 1, "rejectedFailed": 0, "productionDataChanged": false}
{"issuersChecked": 3, "newFilings": 4, "acceptedObservationsEvents": 25, "reviewRequired": 25, "rejectedFailed": 0, "productionDataChanged": true}
{"issuersChecked": 5, "newFilings": 5, "acceptedObservationsEvents": 5, "reviewRequired": 41, "rejectedFailed": 0, "productionDataChanged": true}
[*] Processing stock fundamentals for CRWD...
    Resolving CIK for CRWD via SEC company_tickers.json...
[2026-09-29T13:59:59Z] Starting robust macro data update...
[Dynamic Scope] Fetching data for derived years: 2024..2026
[BLS Query] Requesting 13 series in 1 batch request...
[BLS Success] Received 1 series (1 with data points).
[Actual Verified] us-jolts-job-openings-2026-09-29 (Aug. 2026): 7.08M
[Result] Total events verified/updated: 1
[2026-09-29T13:59:59Z] Successfully wrote C:\Users\Mirne\AppData\Local\Temp\ntm-jolts-lifecycle-z4uhnxse\weekly.js (atomic replace).
[2026-09-29T14:00:00Z] Starting robust macro data update...
[Dynamic Scope] Fetching data for derived years: 2024..2026
[BLS Query] Requesting 13 series in 1 batch request...
[BLS Success] Received 1 series (1 with data points).
[Actual Verified] us-jolts-job-openings-2026-09-29 (Aug. 2026): 7.08M
[Result] Total events verified/updated: 1
[2026-09-29T14:00:00Z] Successfully wrote C:\Users\Mirne\AppData\Local\Temp\ntm-jolts-lifecycle-knfvxcux\weekly.js (atomic replace).
[2026-10-05T15:00:00Z] Starting robust macro data update...
[Dynamic Scope] Fetching data for derived years: 2024..2026
[BLS Query] Requesting 13 series in 1 batch request...
[BLS Success] Received 1 series (1 with data points).
[Result] Total events verified/updated: 0
[2026-10-05T15:00:00Z] Successfully wrote C:\Users\Mirne\AppData\Local\Temp\ntm-jolts-lifecycle-le21gq4a\weekly.js (atomic replace).
[2026-10-05T15:00:00Z] Starting robust macro data update...
[Dynamic Scope] Fetching data for derived years: 2024..2026
[BLS Query] Requesting 13 series in 1 batch request...
[BLS Success] Received 1 series (1 with data points).
[Result] Total events verified/updated: 0
[2026-10-05T15:00:00Z] Successfully wrote C:\Users\Mirne\AppData\Local\Temp\ntm-jolts-lifecycle-1r4bxbm0\weekly.js (atomic replace).
[2026-10-05T15:00:00Z] Starting robust macro data update...
[Dynamic Scope] Fetching data for derived years: 2024..2026
[BLS Query] Requesting 13 series in 1 batch request...
[BLS Warning] Empty or unserviceable API response: status=REQUEST_FAILED, non_empty=1
[Result] Total events verified/updated: 0
[2026-10-05T15:00:00Z] Successfully wrote C:\Users\Mirne\AppData\Local\Temp\ntm-jolts-lifecycle-m555zffa\weekly.js (atomic replace).
[2026-10-05T15:00:00Z] Starting robust macro data update...
[Dynamic Scope] Fetching data for derived years: 2024..2026
[BLS Query] Requesting 13 series in 1 batch request...
[BLS Warning] Empty or unserviceable API response: status=REQUEST_SUCCEEDED, non_empty=0
[Result] Total events verified/updated: 0
[2026-10-05T15:00:00Z] Successfully wrote C:\Users\Mirne\AppData\Local\Temp\ntm-jolts-lifecycle-4e947lrm\weekly.js (atomic replace).
[2026-10-05T15:00:00Z] Starting robust macro data update...
[Dynamic Scope] Fetching data for derived years: 2024..2026
[BLS Query] Requesting 13 series in 1 batch request...
[BLS Warning] Empty or unserviceable API response: status=REQUEST_FAILED, non_empty=0
[Result] Total events verified/updated: 0
[2026-10-05T15:00:00Z] Successfully wrote C:\Users\Mirne\AppData\Local\Temp\ntm-jolts-lifecycle-00us11q_\weekly.js (atomic replace).
[2026-10-05T15:46:31Z] Starting robust macro data update...
[Dynamic Scope] Fetching data for derived years: 2024..2026
[BLS Query] Requesting 13 series in 1 batch request...
[BLS Warning] Empty or unserviceable API response: status=REQUEST_SUCCEEDED, non_empty=0
[BEA Success] Received 2 matched T10101 rows.
[Result] Total events verified/updated: 0
[2026-10-05T15:46:31Z] Successfully wrote C:\Users\Mirne\AppData\Local\Temp\tmpx4nj18tr\weekly.js (atomic replace).
RUN C:\Users\Mirne\AppData\Local\Programs\Python\Python314\Lib\site-packages\playwright\driver\node.exe --test tests\academy-evidence.test.cjs tests\academy-v3.test.cjs tests\academy.test.cjs tests\behavioral.test.cjs tests\calculator-reliability.test.cjs tests\cloud-config.test.cjs tests\cloud-sync.test.cjs tests\company-capital.test.cjs tests\company-evidence.test.cjs tests\company-insiders.test.cjs tests\company-material-events.test.cjs tests\company-observations.test.cjs tests\company-ownership.test.cjs tests\company-segments.test.cjs tests\continuity.test.cjs tests\discord-education.test.cjs tests\discord-news.test.cjs tests\discord-week40.test.cjs tests\discord-week41.test.cjs tests\discord-weekly.test.cjs tests\education-article.test.cjs tests\evidence-presentation.test.cjs tests\issuer-completion.test.cjs tests\issuer-registry.test.cjs tests\knowledge-batch1a.test.cjs tests\knowledge-batch1b.test.cjs tests\knowledge-expansion.test.cjs tests\knowledge.test.cjs tests\knowledge100.test.cjs tests\lifecycle.test.cjs tests\local-data.test.cjs tests\macro-lifecycle.test.cjs tests\macro-noop.test.cjs tests\news-article.test.cjs tests\product-trust.test.cjs tests\public-report.test.cjs tests\publication-migration.test.cjs tests\relations.test.cjs tests\release-quality.test.cjs tests\report-v2-postgres.test.cjs tests\research-ai.test.cjs tests\research-entry.test.cjs tests\research-expansion.test.cjs tests\research-overview.test.cjs tests\research-since.test.cjs tests\research-workflow.test.cjs tests\social-core.test.cjs tests\valuation-core.test.cjs tests\wave1.test.cjs tests\wave4.test.cjs tests\week40.test.cjs tests\week41.test.cjs tests\weekly-events.test.cjs tests\weekly-template.test.cjs
✔ encounter, legacy lessons/XP and old attempts never establish independent understanding (41.3398ms)
✔ first wrong/right, helped, revealed, and retry after feedback have conservative eligibility (53.8477ms)
✔ independent new example plus separately labelled application plus seven-day distinct check (15.0135ms)
✔ too-early check, changed anchor, help and repeated delayed variant cannot establish delayed understanding (51.318ms)
✔ later delayed failure keeps the earlier immutable success and recommends honest repetition (22.7638ms)
✔ clock regression/future records and abandoned starts cannot be independent (51.6533ms)
✔ missing, changed task/content/rubric versions and forged independence fail closed without deleting history (86.3395ms)
✔ parallel conflicting starts do not become novel evidence after merging (16.1017ms)
✔ old backup roundtrip and new evidence merge preserve activity; same-ID conflict rejects all writes (35.1454ms)
✔ answer/prose cannot be persisted in evidence or transferred, expiry/units/destination are checked (22.3436ms)
✔ hundreds of synthetic learning objects retain three visible competency choices and one next task (14.5156ms)
✔ all 18 answers and affected production formula adapters match independent Decimal oracles (13.5243ms)
✔ V3 content counts, stable IDs, references and open tier metadata (5.9627ms)
✔ publication rejects broken learning references and missing grading definitions (2.4887ms)
✔ activity pages remain crawlable but are deliberately excluded from search indexing (6.1142ms)
✔ empty and page-open ongoing history never earn XP (16.2131ms)
✔ lesson rewards and achievements survive repetition without duplication (1.5602ms)
✔ incorrect attempts give no XP; successful retries and reloads award once (1.7349ms)
✔ projects require every objective check and self-review before completion XP (2.4924ms)
✔ shared questions cannot be farmed across activities (1.0982ms)
✔ grade numeric, choice, true/false, multi-select and self-review explicitly (0.7297ms)
✔ roadmap, skills, levels and all milestones are attainable (1.8869ms)
✔ recommendations explain prerequisites and resume incomplete activities (2.2549ms)
✔ legacy V2 migrates losslessly; malformed or forged reward fields are rejected (1.1623ms)
✔ Academy catalog has complete, unique, published lessons, valid paths and explicit relation destinations (6.8044ms)
✔ aliases, Swedish diacritics and category searches work without external search (5.1633ms)
✔ each published lesson has original static content, unique SEO and crawlable links; drafts are not generated (29.8378ms)
✔ published learn entities and concept hooks resolve through Connected Experience (76.1041ms)
✔ progress reload, category totals, completion reversal and unknown future IDs stay consistent (39.2536ms)
✔ backup V3 roundtrip, legacy V1/V2 merge, conflicts and failed writes preserve progress (54.0935ms)
✔ Academy never enters current cloud rows or queue and a cloud restore preserves local learning (12.4214ms)
✔ V3 attempts round-trip, merge once, migrate V2 Academy and reject conflicts atomically (34.5514ms)
✔ optional checks have valid answers and explanations; no quiz or identity analytics payload (5.2389ms)
✔ ISK lesson delegates dated parameters to the verified rule registry (1.4178ms)
✔ V2 publication rejects thin, unsourced, or disconnected lessons and invalid paths (12.8024ms)
✔ V2 beginner aliases resolve actual catalog topics (3.8574ms)
✔ path completion depends on all saved states and reverses after undo (1.0164ms)
✔ worked financial examples agree with independent fixtures and shared valuation math (2.8427ms)
✔ knowledge bank starts empty and publication requires real reviewed provenance (1.5124ms)
✔ new analytics signals accept no search, quiz, or financial content (2.9474ms)
✔ B70 voluntary pause preserves all review history and due dates without thesis mutations (26.5666ms)
✔ B71 explicit groups link multiple immutable assumptions, rename, detach and tombstone (17.5626ms)
✔ B74 factual transitions, deduplicated reviews, reopen, unresolved questions and separate outcomes (8.7197ms)
✔ B74 counts criteria reviews and answered questions once while copied fields remain unchanged (7.2906ms)
✔ B75 allowlisted blank templates never contain private data or IDs; malicious fields cannot enter output (25.9419ms)
✔ new and legacy backup roundtrips, repeat imports, conflicting branches and no partial writes (35.08ms)
✔ corrupt storage, unknown fields and blocked writes fail closed (8.4963ms)
✔ ticker deletion removes pause/link histories but preserves other groups, templates and thesis histories (12.7936ms)
✔ cloud encoding and restore preserve compatibility without sending private behavioral history (18.4422ms)
✔ behavioral runtime never emits private analytics or invokes model/network APIs (1.7255ms)
✔ completion uses canonical provenance before DOMContentLoaded without exposing calculation inputs (53.6003ms)
✔ failed and incomplete calculations emit no completion event (5.1635ms)
✔ FIRE fixed purchasing-power withdrawals and nominal inflation linkage match independent oracles (8.9508ms)
✔ comparison cards and chart use selected fees, month-end saving and nominal values in both modes (55.8653ms)
✔ FIRE definition agrees across body, FAQ and structured data (1.1937ms)
✔ yearly compound path: hand oracle, constant parity, contributions, fee and loss boundaries (7.7899ms)
✔ yearly scenario records roundtrip and reject missing years; legacy scenarios remain valid (19.8834ms)
✔ quality boundaries: recovery zero, impossible and non-finite values; error replaces success state (7.041ms)
✔ leverage explanation oracle: same returns reordered, volatility drag and zero absorption (24.8602ms)
✔ content allows only inert formatting and HTTPS links; rule parameters match executable constants (10.9514ms)
✔ independent monthly cash-flow oracle, fee monotonicity, FX identity and margins (6.7799ms)
✔ loaded leverage callback submits through CalcState and renders real table/chart (15.1109ms)
✔ loaded compound form uses finite chart series agreeing with the main result (11.3373ms)
✔ scenario corruption and unsupported shapes block every write and retain raw recovery data (14.4382ms)
✔ FIRE stress examples remain finite and reject zero/extreme rates (5.8655ms)
✔ GAV optional conversion cost is included once and zero keeps the original result (15.9308ms)
✔ FX teaching example compounds to eight percent and unchanged FX preserves asset return (5.8838ms)
✔ homepage earnings selects the date week, not insertion order, with no priority exclusion (1175.687ms)
✔ latest earnings publication has sourced review records or matching daily image transcription (41.495ms)
✔ generated public config is isolated and grants CSP only to account and public social pages (482.8068ms)
✔ invalid or privileged config fails before changing artifacts (24.5141ms)
✔ secret scan reports category and path without exposing the matched value (32.3985ms)
✔ anonymous/login never uploads; migration is explicit, idempotent and restores manual history and preferences (68.4655ms)
✔ supported snapshots, archived outcomes, scenario plans/observations and envelope metadata round-trip (111.01ms)
✔ queue reload, bounded backoff, inspectable failures, no duplicate retry and cross-account separation (49.2843ms)
✔ conflicting IDs and corrupt cloud/local data never overwrite history; receipts require confirmation (55.0978ms)
✔ cloud deletion preserves local by default; explicit local removal and logout retain their boundaries (30.2428ms)
✔ adapter delegates persistence/refresh to SDK and returns only verified identity (23.5142ms)
✔ adapter rejects stale restored identity and delegates session removal to SDK (9.4278ms)
✔ SDK OTP errors expose bounded product codes, never provider details (71.1906ms)
✔ legacy IDs, empty scenario groups, additional histories and read-only local use survive cloud preparation (62.0413ms)
✔ queue corruption, blocked writes and concurrent tab changes fail without replacing a queue or local source (21.9842ms)
✔ server conflicts surface explicitly and logout prevents a late receipt being marked synced (46.3079ms)
✔ account changes during authorization cannot write another owner queue or delete that other account (19.322ms)
✔ MU bounded capital cannot manufacture complete debt or substitute weighted shares (49.1539ms)
✔ VRT bounded capital cannot manufacture complete debt or substitute weighted shares (25.597ms)
✔ all issuers validate through existing observation API (38.9493ms)
✔ shares have five-point industrial and bank history and real YoY (38.4426ms)
✔ split comparisons use issuer restated history without multiplying old observations (18.0823ms)
✔ weighted shares cannot substitute for outstanding (13.8593ms)
✔ actual cash buybacks and authorization cannot compare (27.7026ms)
✔ SBC expense is distinct from share issuance (22.3846ms)
✔ cash-only net balance is defined and input-bound (27.4272ms)
✔ bank, different dates, issuers, scopes and debt proceeds reject net calculation (46.7606ms)
✔ same-quarter SBC revenue ratio, no missing or zero denominator (17.1449ms)
✔ YTD six versus nine months are not a quarter trend (26.441ms)
✔ issuer SBC revision keeps original as-of and revised history (17.8204ms)
✔ changed concepts require reviewed semantic basis, not matching labels (6.782ms)
✔ missing latest or conflicting duplicate never falls back to older value (16.386ms)
✔ base validator rejects duplicate IDs and absent comparison metadata (19.9013ms)
✔ Research API exposes factual capital changes and restatements without writes (42.7418ms)
✔ newer unsupported data remains outside reviewed history (6.3615ms)
✔ capital observations appear in existing as-of API (35.6704ms)
✔ derived metrics require explicit reviewed calculation definitions (32.7627ms)
✔ pilot sources validate and neutral revision comparison excludes same-day uncertainty (56.8138ms)
✔ untrusted exhibit URLs and cross-company relationships fail closed (50.0421ms)
✔ all real ownership feeds validate and keep file/row identity (47.8237ms)
✔ P/S labels do not claim a venue from code alone (7.8334ms)
✔ awards, exercises, tax and derivatives are not market purchases (26.2486ms)
✔ price multiplication only for meaningful priced non-derivative trades (36.4413ms)
✔ missing price, zero price, other currency and swap produce no trade value (25.4647ms)
✔ multirow summaries group only comparable legs within a filing (9.6032ms)
✔ direct/indirect rows and securities do not merge (6.6827ms)
✔ summary counts filings per type, not execution rows or sentiment (39.9652ms)
✔ real amendment preserves original and does not double-count trades (10.9047ms)
✔ as-of never exposes a later amendment (8.3024ms)
✔ unreviewed amendment suppresses candidate original and correction from aggregates (8.3672ms)
✔ amendment without original date holds possible originals for review (7.3624ms)
✔ filters support category, reporting owner and explicit older examples (20.6727ms)
✔ Research counts filings not rows and preserves saved-day boundary (31.275ms)
✔ existing company evidence API exposes read-only insider changes (16.2134ms)
✔ malformed values, duplicate IDs and unsafe source URLs are rejected (116.2228ms)
✔ new issuer events preserve appointment and nonconvertible financing semantics (26.4333ms)
✔ real pilot data validates (57.5844ms)
✔ eleven underlying events not twelve observations or thirteen documents (41.3531ms)
✔ amendment updates exchange without double counting or replacing note issuance (7.3058ms)
✔ as-of view never leaks the later final share count (19.76ms)
✔ templates preserve acquisition, retirement and outage distinctions (22.7445ms)
✔ timeline is chronological by publication, not source array order (10.1866ms)
✔ category filters use verified underlying events (6.5098ms)
✔ Research distinguishes amendment updates from new events and excludes same day (8.861ms)
✔ existing read-only evidence API exposes material changes (12.577ms)
✔ no invented events for unsupported data or invalid baseline (19.9925ms)
✔ earnings, exhibit-only, duplicate and unsafe event evidence reject (69.2846ms)
✔ real generated evidence validates for all issuers (91.9728ms)
✔ real point to range revision is raised and widened (8.5215ms)
✔ CRWD annual revenue range narrows while raised (20.5525ms)
✔ NVDA annual tax guidance lowered then unchanged (9.3636ms)
✔ different quarters are not guidance revisions (10.9669ms)
✔ EPS split blocks comparison without silently restating history (30.0939ms)
✔ members and ARR have four comparable quarters, products definition breaks (45.3942ms)
✔ no cross issuer, currency or missing-quarter comparisons (9.8581ms)
✔ as-of preserves history and does not reveal future supersession (54.5128ms)
✔ Research availability is read-only, day boundary conservative (52.5528ms)
✔ synthetic withdrawal preserved and never numerically compared (46.9712ms)
✔ qualitative disclosure never receives numeric change labels (10.1264ms)
✔ malformed values, duplicate and source injection rejected (93.8099ms)
✔ decimal rounding does not invent a width revision (8.2715ms)
✔ actual reviewed pilot feeds validate (58.1307ms)
✔ latest deduplicates amendments by reviewed reporting series, not name (54.8505ms)
✔ actual comparable ownership decrease and reported percentage change (6.2487ms)
✔ synthetic comparable increase and unchanged shares with percentage change (7.358ms)
✔ reorganization never becomes sale-to-zero (8.9452ms)
✔ source scope, entities, dates or security changes break comparison (28.4409ms)
✔ multiple filers preserve overlapping reports without summed holdings (6.9662ms)
✔ legacy 13D purpose and non-comparable final amendment remain available (5.8424ms)
✔ as-of excludes later filings and amendment knowledge (6.9252ms)
✔ Research counts filings and amendments, never interprets thesis (15.1677ms)
✔ existing evidence API exposes ownership read-only (16.6239ms)
✔ missing supported records has no invented owner assertion (8.3326ms)
✔ duplicate IDs, invalid percent, unsafe evidence and broken links reject (77.7125ms)
✔ all reviewed groups reconcile and have distinct classification (89.302ms)
✔ SoFi shares use the segment denominator, retaining the corporate bridge (9.8896ms)
✔ NVIDIA latest comparison uses actual issuer recast, never the original column (10.78ms)
✔ old platforms are preserved without stitching discontinued categories into Edge (13.5985ms)
✔ reviewed rename uses identity/scope, never display label matching (11.4856ms)
✔ missing category fails closed instead of renormalizing remaining shares (10.6475ms)
✔ duplicates, negative categories, wrong currency and unreconciled totals fail closed (21.1434ms)
✔ Research gets new periods and changed historical evidence without changing saved data (20.6689ms)
✔ base evidence as-of does not supersede one category with another (28.1878ms)
✔ no cross-issuer, scope, annual-quarter or missing-quarter comparisons (8.6441ms)
✔ bounded chart history does not imply a comparability break (32.5677ms)
✔ derived states and exact overlap order; inactive does not create attention (32.7615ms)
✔ ack fingerprints ignore capture time/order, retain unanswered questions, reopen only changed evidence (13.416ms)
✔ legacy whole-report acknowledgements remain quiet without rewriting original storage (11.43ms)
✔ blocked/incomparable observations never become comparable-change lifecycle (8.6187ms)
✔ exact target rejects deleted, replaced, mutated, expired, unknown-version and changed-evidence targets (22.6858ms)
✔ draft validation, corruption, quota and optimistic concurrent writes preserve original bytes (12.7876ms)
✔ snooze is scoped to exact evidence until the chosen local date, no journal mutation (17.2745ms)
✔ keep, revise, close, decline preserve append-only history and acknowledgement through backup/import (123.6801ms)
✔ drafts excluded from backup; import leaves drafts untouched; full deletion includes companions (11.8352ms)
✔ filing accession deduplication distinguishes amendments and keeps unsupported forms out (7.4388ms)
✔ draft quota failure and full-deletion failure preserve journal and companion (14.9886ms)
✔ bounded workspaces, empty cleanup and explicitly reopened draft priority (26.3047ms)
✔ education cannot use the news destination and workflow retains protected manual delivery (22.8622ms)
✔ education preview uses canonical text-only article and stable identity, with no network/secrets (8.3393ms)
✔ changed source/page, unreviewed article and unsafe caption fail closed (580.1943ms)
✔ education sends text/link without attachments or embeds, reserves first and deduplicates (54.501ms)
✔ unpublished, stale or unavailable website cannot reserve or send (18.0834ms)
✔ kill switch, missing education secret and tampered preview stop before network (8.7595ms)
✔ ambiguous education delivery preserves reservation and redacts secrets; concurrent runs send once (21.2825ms)
✔ news preview uses canonical text-only article and stable identity, with no network/secrets (14.8593ms)
✔ changed source/page, unreviewed article and unsafe caption fail closed (553.8214ms)
✔ news sends text/link without attachments or embeds, reserves first and deduplicates (52.5073ms)
✔ unpublished, stale or unavailable website cannot reserve or send (11.1772ms)
✔ kill switch, missing news secret and tampered preview stop before network (13.0658ms)
✔ ambiguous news delivery preserves reservation and redacts secrets; concurrent runs send once (24.3385ms)
✔ Week 40 original selections preserve canonical review and reject mismatched approval (268.7843ms)
✔ Week 40 dry-run never uses network even when live configuration is enabled (45.338ms)
✔ Week 40 mocked sends attach original bytes only, preserve Week 39 history and prevent duplicates (82.1497ms)
✔ W41 references are independently selected; wrong scope, hash or review fails closed (295.6891ms)
✔ W41 dry runs have no network access even with live enable variable (42.1429ms)
✔ W41 mocked delivery attaches original bytes once and preserves previous ledger history (88.8164ms)
✔ both dry-runs use reviewed canonical image, week, destination and bounded title (87.7718ms)
✔ unknown week, malformed input, missing image, changed hash and records fail closed (132.7728ms)
✔ successful delivery uploads only title and approved bytes, then skips all reruns (87.6261ms)
✔ network, rate limit, rejected response and malformed acknowledgement stay reserved; no site mutation or duplicate (27.9026ms)
✔ disabled/missing/untrusted configuration never sends; errors contain no secrets (25.1369ms)
✔ reservation persistence failure stops POST; post-send persistence failure prevents resending (29.6078ms)
✔ GitHub ledger requires existing state and writes same branch with SHA; provider failures are redacted (2.4102ms)
✔ concurrent workers cannot both reserve the same identity (22.6402ms)
✔ adapter and webhook config stay outside public staging and deploy workflow (90.3705ms)
✔ education uses canonical native article, semantic comparison, discovery, schema and real Academy links (26.1807ms)
✔ compact summaries use unchanged canonical calculations and preserve unavailable gates (62.9719ms)
✔ fiscal quarter labels require an exact period and accession match (41.3304ms)
✔ completion links acquisition stages without backdating completed status (26.5532ms)
✔ ownership reporting realignments never become sale-to-zero (18.6168ms)
✔ annual backlog retains dates and approximate scope without quarterly growth inference (10.1119ms)
✔ browser projection and all catalogs preserve canonical identity and order (104.2298ms)
✔ evidence eligibility derives from injected contract, with identity and health still validated (16.2678ms)
✔ Batch 1A keeps its six accepted objects without preventing future reviewed additions (22.3539ms)
✔ Batch 1A arithmetic is independently checked with the approved scope (1.0754ms)
✔ Batch 1A aliases preserve neutral limitations and abstain for adjacent unreviewed judgments (9.0352ms)
✔ Batch 1A explanations use shared contexts and do not leak editorial approval text (8.5614ms)
✔ Batch 1B accepted scope, evidence and prior 35 version integrity (15.1109ms)
✔ Batch 1B arithmetic and shared denominator assumptions (1.0145ms)
✔ Batch 1B curated intents are separated and personal decisions still abstain (12.4915ms)
✔ Batch 1B shared contextual explanations and noindex publication boundary (3.7139ms)
✔ Expansion preserves the starting 41 objects exactly and adds 59 distinct reviewed objects (23.323ms)
✔ Spread definition exception is complete-question only and requires its reviewed canonical object (21.5059ms)
✔ New tax answers suppress when overdue and unsupported formulas remain unavailable (14.1403ms)
✔ All 100 exact questions survive both full and compact retrieval; bodies remain lazy (19.7372ms)
✔ 26 original questions, two Wave 1 answers and one Wave 4 release answer have valid metadata (30.3927ms)
✔ draft and needs-update content is excluded from catalog, search and generated pages (312.2446ms)
✔ public projection excludes editorial notes, unknown keys and private source notes (108.0578ms)
✔ search matches Swedish aliases, category, concepts and P/E punctuation (8.9222ms)
✔ reviewed question matching is deterministic and abstains on unknown input (35.7056ms)
✔ direct definitions outrank shared concepts and preserve question intent (159.9434ms)
✔ publication gate rejects malformed sources, thin text, IDs, dates and references (305.7203ms)
✔ canonical relationships link every answer to Academy and tools and return to questions (49.1477ms)
✔ each answer has unique metadata, status-appropriate indexing and safe static text (75.4344ms)
✔ ISK uses current rule registry with no copied annual amounts and fails on overdue review (11.3201ms)
✔ worked examples match independent formulas and shared calculator math (1.0116ms)
✔ knowledge analytics rejects search content and identifiers (1.7634ms)
✔ Knowledge100 labeled retrieval benchmark has no wrong confident matches or other failures (38.1642ms)
✔ V2 also preserves every positive Wave1 exact/alias fixture (3.4813ms)
✔ formula is bounded, independently checked, unit/period explicit and never evaluated as code (0.8939ms)
✔ safe projection excludes editorial history/private nested notes and bodies from compact index (74.8552ms)
✔ stale policy suppresses rule answers at runtime without refreshing reviews (14.8849ms)
✔ shared context modes accept public IDs only and do not expose full answer in compact/reminder (0.9225ms)
✔ validator rejects missing references, unknown typed fields, alias collisions, source hazards and merge loops (329.9837ms)
✔ new substantive draft requires actual claim evidence and explicit approval before public projection (39.2363ms)
✔ draft-only retrieval aliases, pilot labels and concepts never enter a public index (14.0893ms)
✔ typo ambiguity clarifies rather than selecting a nearby answer (15.1232ms)
✔ substantive history audit detects edits but retrieval configuration changes do not alter content (63.8109ms)
✔ all five local authoring examples validate as drafts and remain out of public pages (135.8692ms)
✔ synthetic generation is explicitly test-only and pagination never embeds the inventory (108.205ms)
✔ seed migration preserves explicit future editorial metadata instead of resetting reviews or relationships (18.5404ms)
✔ explicit merge retains a navigable old URL while rejecting target chains (106.8287ms)
✔ lazy load deduplicates requests, omits credentials and rejects mixed deployment versions (25.2184ms)
✔ B55 shared Research reminders read latest storage, suppress inactive records and never write on display (36.8227ms)
✔ B68/B69 immutable criteria, questions, IDs, dates and duplicate suppression (14.6291ms)
✔ B69 zero, one, three questions; invalid lifecycle records block writes/import without discarding raw data (132.9702ms)
✔ B72 Avstod is an inactive revision, preserved in history and explicitly reopenable (21.9874ms)
✔ B73 user review dates only request reconsideration, never imply falsity; manual queue needs no data (23.0093ms)
✔ B80 manual identity, exports, backup roundtrip, deletion and future support preserve history (31.4337ms)
✔ legacy assumptions gain no invented criteria/dates on read, export or an unchanged save (13.6637ms)
✔ B21 price outcomes cannot evaluate assumptions or process; dimensions remain separate (37.8668ms)
✔ supported Outcome archives lifecycle evidence after source deletion and rejects malformed lifecycle imports (117.0695ms)
✔ yearly return scenario survives backup/import and malformed series never overwrites storage (47.4752ms)
✔ complete backup round trip, repeat merge, conflict rejection, legacy migration and privacy allowlist (748.9256ms)
✔ single/history deletion retains checkpoints; deliberate full delete is isolated and corruption blocks it (236.9818ms)
✔ write failure rolls back earlier keys; corrupt current store never gets replaced by valid import (55.3079ms)
✔ assumptions and explicit reviews survive immutable history, exports, merge and legacy reads (308.2414ms)
✔ savings plan observations are append-only, merge by ID, and preserve immutable baseline (13.3717ms)
✔ real savings follow-up uses the captured effective rate and rejects observations after the exact horizon (5.0789ms)
✔ historical actual assertions accept verified updates and reject future or unverified values (105.6506ms)
✔ run timestamps alone do not publish; values and failed status still do (21.3098ms)
✔ news source registry, static article, discovery and text fallback agree (53.5039ms)
✔ events fail closed on private fields, arbitrary enum values and getters; provider failures are isolated (6.436ms)
✔ all status states expose words and live semantics; unknown states do not mutate UI (0.7132ms)
✔ landing attribution strips query content and emits no private Research data (4.5462ms)
✔ editorial metadata and original contextual journeys survive catalog migration (100.1054ms)
✔ 2027 exchange dates match primary equity schedules and pending macro warnings expire (5.573ms)
✔ minimal immutable projection and selected section diff (5.8865ms)
✔ reject private fields at every public boundary, unknown future providers and nulls (3.5884ms)
✔ calculations preserve exact inputs; mismatched periods, definitions and prose rejected (38.9897ms)
✔ chart gaps are explicit, currencies and unsupported series fail closed (3.3178ms)
✔ frozen production annual observations yield bounded candidates with no copied private annotations (92.1394ms)
✔ oversized prose/payload, missing dates and future method versions fail closed (0.8683ms)
✔ known SEC projection drops nested annotations and rejects ambiguous rights (2.8224ms)
✔ old snapshots never borrow issuer identity from current data (9.1405ms)
✔ provider-neutral shape can represent restricted future observations without granting publication rights (0.6912ms)
﹣ publication migration preserves deployed clients and authorization (1.6895ms) # SKIP
✔ relation schema rejects corrupt IDs, references, vocabulary, metadata and unsupported routes (279.3095ms)
✔ missing files and fragments fail validation, including the actual mode-link contract (137.5871ms)
✔ queries are deterministic, bounded, explicit and suppress planned Academy links (29.9272ms)
✔ one renderer produces escaped, descriptive, crawlable anchors in all generated placements (45.0078ms)
✔ a future Learn publication slots in without changing the renderer or exposing placeholders now (64.4735ms)
✔ relation click analytics are coarse and reject IDs, tickers, URLs, values and unknown enums (3.7222ms)
✔ rule reviews fail at their deadline and when a new ISK income year is unmaintained (4.696ms)
✔ CSP is deterministic, hashes executable inline code and forbids arbitrary script attributes (157.4347ms)
﹣ V2 migration, public boundaries and immutable version lifecycle (1.7442ms) # SKIP
✔ frozen evaluation: positive-growth (48.3467ms)
✔ frozen evaluation: declining-revenue (13.2848ms)
✔ frozen evaluation: negative-eps (12.2126ms)
✔ frozen evaluation: missing-fcf (13.5017ms)
✔ frozen evaluation: share-basis (12.621ms)
✔ frozen evaluation: currency (7.4432ms)
✔ frozen evaluation: restatement (13.4394ms)
✔ frozen evaluation: missing-source (12.9767ms)
✔ frozen evaluation: unsupported-company (7.5512ms)
✔ frozen evaluation: manual-thesis (5.004ms)
✔ frozen evaluation: vague-assumption (7.0746ms)
✔ frozen evaluation: contradictory-evidence (11.0729ms)
✔ frozen evaluation: no-meaningful-change (12.8645ms)
✔ frozen evaluation: prompt-injection (14.7448ms)
✔ frozen evaluation: ignore-rules (12.0919ms)
✔ frozen evaluation: unsupported-factual-question (11.2311ms)
✔ frozen evaluation: missing-citation (14.0848ms)
✔ frozen evaluation: incorrect-confidence (11.2506ms)
✔ frozen evaluation: incorrect-assumption-mapping (11.5836ms)
✔ frozen evaluation: hold-leakage (14.2055ms)
✔ report minimization, unresolved questions and exact deterministic deltas (15.3388ms)
✔ disabled and unknown live providers make zero network calls; mock deterministic and bounded (6.6459ms)
✔ deterministic conflicts never call a provider and unknown conflicts abstain (4.7727ms)
✔ selector catalog matches the supported Research registry without duplicate tickers (63.2496ms)
✔ selector finds exact ticker first, names, partial names and normalized case (0.848ms)
✔ 100 and 550 companies retain all matches and only populated alphabetical groups (5.1088ms)
✔ recents are dated, bounded, deduplicated and do not invent manual coverage (1.0792ms)
✔ B78 publication, route, review queue and connected catalog allowlists agree (90.906ms)
✔ B78 actual data retains null EPS, source evidence, safe comparisons and explicit manual fallback (178.2002ms)
✔ overview selectors preserve normalized data and isolate annual from quarterly observations (27.6899ms)
✔ missing observations become labelled gaps, never synthetic zeroes (8.8464ms)
✔ recasts, changed definitions, invalid units and periods cannot be plotted as comparable facts (25.5403ms)
✔ financial-company eligibility and negative earnings are retained (8.6597ms)
✔ no revision and no new reviewed evidence are distinct (111.5436ms)
✔ real reviewed reporting, guidance, segment, capital, Form 4, ownership and events (140.1827ms)
✔ KPI changes use reviewed comparison API (57.6148ms)
✔ late ingestion and same-day publication cannot create changes (45.0289ms)
✔ pending evidence excluded and unreviewed canonical rows fail closed (94.1705ms)
✔ updater failure preserves verified comparison; failed feed is not canonical (86.88ms)
✔ new saved revision is baseline, history is immutable and private prose absent (68.9946ms)
✔ many observations compress into seven or fewer unique areas without empty groups (36.8412ms)
✔ definition breaks never manufacture a delta (28.4943ms)
✔ financial changes require actual new publication dates and use snapshot gates (59.7927ms)
✔ adapter and UI cannot transmit private Research (1.4761ms)
✔ MU import date does not manufacture changes; saved/publication boundaries remain conservative (27.1047ms)
✔ VRT import date does not manufacture changes; saved/publication boundaries remain conservative (26.8216ms)
✔ standalone and Research valuation adapters agree with a hand-calculated oracle (114.3824ms)
✔ comparability gate blocks incompatible evidence consistently in Change Detection and Outcomes (217.1457ms)
✔ restore historical assumptions only; preserve storage, fundamentals, text, outputs and baseline (238.7439ms)
✔ explicit historical manual EPS restores source and survives calculate/save (129.3047ms)
✔ SEC restore cannot replace manual fallback when current positive SEC EPS is unavailable (284.4464ms)
✔ legacy partial restore skips missing, invalid and unknown EPS assumptions (65.2413ms)
✔ empty and unsupported revisions disable restore without writes or stale state (176.2765ms)
✔ uncalculated edits prompt only when changed assumptions would actually be overwritten (129.2742ms)
✔ equivalent numeric formatting and already-matching edits do not prompt (65.5264ms)
✔ quality: NVDA complete load/render and cross-feature workflow without Chart CDN (140.8083ms)
✔ quality: SOFI complete load/render and cross-feature workflow without Chart CDN (119.1748ms)
✔ quality: CRWD complete load/render and cross-feature workflow without Chart CDN (121.5605ms)
✔ quality: entry does not fetch financial files for unselected companies (17.8264ms)
✔ quality: loading, unsupported ticker, HTTP errors and wrong-company JSON fail safely (18.6114ms)
✔ quality: incomplete metrics render safely and charts use gaps, not invented zeroes (33.9926ms)
✔ quality: invalid horizons, infinities and overflow never replace results or become saved snapshots (248.8482ms)
✔ quality: sensitivity center reflects valid low P/E and negative-growth Base scenario (19.0047ms)
✔ quality: no-op Thesis refresh must not calculate an unsubmitted Outcome price (78.8001ms)
✔ quality: provenance uses keyboard buttons and distinguishes derived, missing and limited data (25.24ms)
✔ Research editorial labels never expose metric keys and preserve values, units and source concepts (34.6781ms)
✔ Research example, manual and restored price states disclose missing quote date and model basis (17.0185ms)
✔ outcome: all eight fundamentals compare correctly using report dates and immutable inputs (22.7227ms)
✔ outcome: zero, negative and incompatible bases never produce invalid CAGR (26.1388ms)
✔ outcome: missing legacy fields, unknown currencies, and unsupported snapshots are not backfilled (20.8886ms)
✔ outcome: horizon uses elapsed revision time, caps model paths, and never assigns a score (24.8848ms)
✔ outcome: all scenario EPS paths use saved basis and annual growth; manual bases are distinguished (22.2578ms)
✔ outcome: incompatible and overflowing model paths remain unavailable (21.1287ms)
✔ outcome: manual price uses saved starting price and old targets, handles every interval boundary (22.2046ms)
✔ outcome: selecting history, updating price and saving a checkpoint leave valuation, revisions and CD unchanged (72.0038ms)
✔ outcome: multiple explicit checkpoints, stable IDs, duplicate suppression and revision linkage survive reload (80.0773ms)
✔ outcome: deleted source revisions retain self-contained archival checkpoints, including after all-delete and reload (114.3174ms)
✔ outcome: corrupt and unsupported outcome storage blocks writes and preserves raw bytes (130.3688ms)
✔ outcome: quota/access failure and invalid observations never alter existing checkpoint records (55.1042ms)
✔ outcome: SOFI unavailable FCF and CRWD missing share basis remain unavailable in observations (45.2331ms)
✔ outcome: invalid manual input blocks checkpoint save and legacy observation UI has no invalid numeric tokens (72.7878ms)
✔ latest export uses saved thesis and outputs, excludes unsaved form changes, and cleans download URL (62.5229ms)
✔ historical Markdown and print use exactly the selected saved revision, never current fundamentals (65.8877ms)
✔ manual export labels valuation EPS separately from historical SEC EPS (62.4094ms)
✔ legacy, missing and unsupported snapshots export safely without current-data backfills (258.8954ms)
✔ export filename is deterministic, sanitized and bounded (16.292ms)
✔ Markdown escapes table delimiters and HTML; print renders user content as text (17.5653ms)
✔ no saved analysis disables both exports and never autosaves (17.5809ms)
✔ removed selected revision does not silently export latest, and download failures release URLs (77.3865ms)
✔ print CSS isolates document, hides controls and provides white A4 layout and table pagination (0.8585ms)
✔ capture -> real submit -> localStorage -> fresh context -> compare supported metrics and block unverified share basis (107.5364ms)
✔ both legacy naming conventions normalize idempotently without persisting migration (32.6895ms)
✔ actual old capture names with missing revenue never invent revenue, net income or margins (17.5382ms)
✔ margins use percentage points, including a zero historical numerator (22.343ms)
✔ thresholds remain strictly >1 percent and >0.5 pp (34.9317ms)
✔ zero/null/nonfinite baselines and zero revenue never produce NaN or Infinity (23.0675ms)
✔ negative-to-positive earnings use absolute historical denominator (21.6199ms)
✔ SOFI and CRWD unavailable metrics stay null through capture/storage/reload (131.5697ms)
✔ new baseline save and delete immediately clear a visible old report (139.842ms)
✔ stale valuation blocks save; submit recalculates and stores edited assumptions (90.513ms)
✔ corrupt and future records do not crash reload, preview, or destroy other records (55.5889ms)
✔ invalid envelopes and inaccessible/full storage fail explicitly without overwriting (71.9466ms)
✔ period, filing filters/limit and old-analysis warning remain functional (17.4369ms)
✔ snapshot metadata survives updates; unrelated and unsupported records are preserved (111.5018ms)
✔ explicit null/unsupported values are authoritative; manual EPS never fills missing SEC EPS (18.0946ms)
✔ both Research and Min NTM load the shared schema before storage and comparison (0.7306ms)
✔ existing Min NTM list renders valid and partial migrated theses without numeric crashes (55.3492ms)
✔ V1 becomes a stable first revision without changing text, dates or raw snapshot (69.6098ms)
✔ second meaningful save preserves first revision verbatim and read results are immutable (87.3207ms)
✔ reload defaults to latest; choosing history compares its baseline without changing editor (232.4924ms)
✔ duplicate saves ignore capture timestamps and whitespace; renders create no revisions (118.124ms)
✔ valuation-only revisions append but manual prices are never company-data changes (107.4832ms)
✔ single revision delete preserves others, latest deletion promotes predecessor, final hides baseline (203.3276ms)
✔ cancelled single/all deletes do nothing and deleting latest retains unsaved editing (49.2524ms)
✔ V2 malformed revisions, duplicate IDs and unsupported envelopes reject destructive writes (82.1254ms)
✔ quota failure preserves every revision and selected baseline (53.3305ms)
✔ Min NTM displays only the latest revision with its count and valuation (86.0893ms)
✔ selected legacy baseline never backfills missing metrics and all-delete affects only its ticker (69.4241ms)
✔ publication copies only selected text; nested private data never crosses boundary (2.1352ms)
✔ strict text and minimum publication bounds (0.8504ms)
✔ routes encode input and coarse metrics reject identities (2.6879ms)
✔ hand-calculated valuation fixtures and inverse identities (2.8039ms)
✔ invalid and negative edge cases never leak non-finite numbers (0.7358ms)
✔ year coverage is deterministic and never fabricates next-year dates (0.7884ms)
✔ Wave 1 handoff preserves selected inputs and honest provenance without private fields (6.2539ms)
✔ handoff rejects expired/future timestamps, unknown fields, company/currency/unit/method mismatches (3.3166ms)
✔ manual EPS has no borrowed reported period or method (0.4827ms)
✔ pinned company identities match every current supported dataset (32.234ms)
✔ 12 concepts resolve to 11 canonical answers, preserve overlap and route to existing practice (79.1976ms)
✔ 30 labelled retrieval cases preserve exact definitions, reviewed typo aliases and abstention (90.1204ms)
✔ new examples match independent arithmetic; reviewed additions stay out of sitemap (1.4193ms)
✔ pilot datasets retain original data; all statements expose versioned evidence and all share bases remain unavailable (90.9484ms)
✔ positive annual revenue and margin math agree with independent constants (5.061ms)
✔ adversarial evidence fails closed across period, definition, source, units, base and quality boundaries (100.7271ms)
✔ R6 shows reproducible corresponding profit/EPS rates only with verified weighted share basis (35.2001ms)
✔ R12 source accession/value/version/correction changes are reconstructable and timestamp churn is ignored (110.5702ms)
✔ calendar context distinguishes unknown/revised/first-reported and zero actual without manufacturing consensus (0.8649ms)
✔ release grouping preserves strongest priority and never merges different dates (101.8911ms)
✔ week 40 verified schedules, Swedish times and historical field lifecycle (139.8515ms)
✔ week 40 reports preserve verified sessions, unknowns, exact release versus call and identity (18.9166ms)
✔ Week 41 release instants respect Central/Eastern DST and Swedish day rollover (89.6981ms)
✔ Week 41 preserves all 20 image identities, verified dates and release/call semantics (31.2177ms)
✔ W39/W40/W41 resolve independently at Stockholm ISO boundaries and retain reviewed artifacts (119.2918ms)
✔ week 39 earnings agrees with all image columns, reviewed hash and current/future resolution (150.9403ms)
✔ week 39 macro image transcription preserves dates, ET timing and manual field provenance (29.1271ms)
✔ homepage macro priority keeps major releases visible and counts every hidden event exactly (18.8679ms)
✔ published weekly artifacts and homepage resolve; honest partial/future statuses stay visible (58.1483ms)
✔ shared Stockholm week resolution handles Monday/Sunday/year rollover and never substitutes another week (14.7641ms)
✔ missing current weeks and image/structured mismatches fail for both feeds (208.0992ms)
✔ malformed dates, wrong weeks, duplicate identities and false provenance are rejected (140.2658ms)
✔ partial upstream failure may not claim successful complete fetch (75.091ms)
✔ future authoritative unavailability has a dated explicit exception; current missing week does not (33.5848ms)
✔ weekly content adapter accepts archived transcriptions and new verified weeks without markup (49.7514ms)
✔ page owns exactly one image/text/navigation shell and week renderer cannot insert grid siblings (1.3549ms)
ℹ tests 457
ℹ suites 0
ℹ pass 455
ℹ fail 0
ℹ cancelled 0
ℹ skipped 2
ℹ todo 0
ℹ duration_ms 7267.8501
RUN C:\Users\Mirne\AppData\Local\Programs\Python\Python314\Lib\site-packages\playwright\driver\node.exe scripts/build_seo.cjs --check
SEO: 87 canonical sitemap URLs, 9 existing articles; 0 files outdated.
RUN C:\Users\Mirne\AppData\Local\Programs\Python\Python314\Lib\site-packages\playwright\driver\node.exe scripts/knowledge_history.cjs
Knowledge substantive version/history audit passed. No review dates changed.
RUN C:\Users\Mirne\AppData\Local\Programs\Python\Python314\Lib\site-packages\playwright\driver\node.exe scripts/knowledge_editorial.cjs validate
{
  "valid": true,
  "answers": 100
}
RUN C:\Users\Mirne\AppData\Local\Programs\Python\Python314\Lib\site-packages\playwright\driver\node.exe scripts/check_calendar_coverage.cjs
::notice::Macro 2027: complete schedules not yet published at last check; recheck 2026-11-01
RUN C:\Users\Mirne\AppData\Local\Programs\Python\Python314\Lib\site-packages\playwright\driver\node.exe scripts/check_weekly_events.cjs
::warning::[partial_update] Macro upstream update is partial; failed/unavailable sources remain explicit. No consensus values are inferred.
::notice::[not_yet_published] Macro 2027: future authoritative schedule not yet published; recheck 2026-11-01.
PASS: weekly records, image reviews and homepage resolution; empty days are valid.
RUN C:\Users\Mirne\AppData\Local\Programs\Python\Python314\Lib\site-packages\playwright\driver\node.exe scripts/check_rules.cjs
Rule registry: 0 issues. Source verification remains an owner responsibility.
RUN C:\Users\Mirne\AppData\Local\Programs\Python\Python314\Lib\site-packages\playwright\driver\node.exe scripts/check_cloud_security.cjs
PASS credential-pattern scan/public configuration (working tree; not git history)
RUN git -c core.safecrlf=false diff --check
PASS credential-pattern scan/public configuration and staged CSP
PASS: release tests, generated artifacts, calendar/rules, staging and local references
