RUN C:\Users\Mirne\AppData\Local\Programs\Python\Python314\python.exe -B -m unittest discover -s tests -p test_*.py
......................................................................................................................................................................✔ homepage macro priority keeps major releases visible and counts every hidden event exactly (26.128ms)
✔ published weekly artifacts and homepage resolve; honest partial/future statuses stay visible (43.1445ms)
✔ shared Stockholm week resolution handles Monday/Sunday/year rollover and never substitutes another week (8.0561ms)
✔ missing current weeks and image/structured mismatches fail for both feeds (129.5037ms)
✔ malformed dates, wrong weeks, duplicate identities and false provenance are rejected (96.3842ms)
✔ partial upstream failure may not claim successful complete fetch (59.704ms)
✔ future authoritative unavailability has a dated explicit exception; current missing week does not (19.7424ms)
ℹ tests 7
ℹ suites 0
ℹ pass 7
ℹ fail 0
ℹ cancelled 0
ℹ skipped 0
ℹ todo 0
ℹ duration_ms 471.1897
.
----------------------------------------------------------------------
Ran 167 tests in 26.028s

OK
[Calendar Info] Live ICS fetch not accessible (offline). Using verified schedule cache.
[Calendar] Loaded 1 events from verified cache C:\Users\Mirne\AppData\Local\Temp\tmpcee2qji3\calendar.ics.
[*] Processing stock fundamentals for NVDA...
    [Offline mode] Loading SEC fixtures from C:\Users\Mirne\Desktop\investment-site\tests\fixtures
    Normalizing company profile, annual & quarterly fundamentals, TTM, and filings...
[*] Processing stock fundamentals for NVDA...
    [Offline mode] Loading SEC fixtures from C:\Users\Mirne\Desktop\investment-site\tests\fixtures
    Normalizing company profile, annual & quarterly fundamentals, TTM, and filings...
[*] Processing stock fundamentals for NVDA...
    [Offline mode] Loading SEC fixtures from C:\Users\Mirne\Desktop\investment-site\tests\fixtures
    Normalizing company profile, annual & quarterly fundamentals, TTM, and filings...
[*] Processing stock fundamentals for NVDA...
    [Offline mode] Loading SEC fixtures from C:\Users\Mirne\Desktop\investment-site\tests\fixtures
    Normalizing company profile, annual & quarterly fundamentals, TTM, and filings...
[*] Processing stock fundamentals for NVDA...
    [Offline mode] Loading SEC fixtures from C:\Users\Mirne\Desktop\investment-site\tests\fixtures
    Normalizing company profile, annual & quarterly fundamentals, TTM, and filings...
[*] Processing stock fundamentals for NVDA...
    [Offline mode] Loading SEC fixtures from C:\Users\Mirne\Desktop\investment-site\tests\fixtures
    Normalizing company profile, annual & quarterly fundamentals, TTM, and filings...
[*] Processing stock fundamentals for NVDA...
    [Offline mode] Loading SEC fixtures from C:\Users\Mirne\Desktop\investment-site\tests\fixtures
    Normalizing company profile, annual & quarterly fundamentals, TTM, and filings...
[*] Processing stock fundamentals for NVDA...
    [Offline mode] Loading SEC fixtures from C:\Users\Mirne\Desktop\investment-site\tests\fixtures
    Normalizing company profile, annual & quarterly fundamentals, TTM, and filings...
[*] Processing stock fundamentals for NVDA...
    Resolving CIK for NVDA via SEC company_tickers.json...
    Verified CIK: 0001045810
    Fetching SEC submissions metadata for CIK 0001045810...
[*] Processing stock fundamentals for NVDA...
    Resolving CIK for NVDA via SEC company_tickers.json...
    Verified CIK: 0001045810
    Fetching SEC submissions metadata for CIK 0001045810...
    Fetching SEC XBRL company facts for CIK 0001045810...
[*] Processing stock fundamentals for NVDA...
    Resolving CIK for NVDA via SEC company_tickers.json...
    Verified CIK: 0001045810
    Fetching SEC submissions metadata for CIK 0001045810...
    Fetching SEC XBRL company facts for CIK 0001045810...
[*] Processing stock fundamentals for NVDA...
    Resolving CIK for NVDA via SEC company_tickers.json...
    Verified CIK: 0001045810
    Fetching SEC submissions metadata for CIK 0001045810...
    Fetching SEC XBRL company facts for CIK 0001045810...
[2026-09-19T17:51:05Z] Starting robust macro data update...
[Dynamic Scope] Fetching data for derived years: 2024..2026
[BLS Query] Requesting 13 series in 1 batch request...
[BLS Success] Received 1 series (1 with data points).
[Actual Verified] us-unemployment-rate-test (Aug 2026): 4.0%
[Result] Total events verified/updated: 1
[2026-09-19T17:51:05Z] Successfully wrote C:\Users\Mirne\AppData\Local\Temp\tmp2g365bbv\events.js (atomic replace).
[*] Processing stock fundamentals for NVDA...
    [Offline mode] Loading SEC fixtures from C:\Users\Mirne\Desktop\investment-site\tests\fixtures
    Normalizing company profile, annual & quarterly fundamentals, TTM, and filings...
[OK] Successfully generated verified fundamentals: C:\Users\Mirne\AppData\Local\Temp\tmphecu21cn\NVDA.json
[*] Processing stock fundamentals for SOFI...
    [Offline mode] Loading SEC fixtures from C:\Users\Mirne\Desktop\investment-site\tests\fixtures
    Normalizing company profile, annual & quarterly fundamentals, TTM, and filings...
[OK] Successfully generated verified fundamentals: C:\Users\Mirne\AppData\Local\Temp\tmpe0dt7_w8\SOFI.json
[*] Processing stock fundamentals for CRWD...
    [Offline mode] Loading SEC fixtures from C:\Users\Mirne\Desktop\investment-site\tests\fixtures
    Normalizing company profile, annual & quarterly fundamentals, TTM, and filings...
[OK] Successfully generated verified fundamentals: C:\Users\Mirne\AppData\Local\Temp\tmp1iqzra6f\CRWD.json
[*] Processing stock fundamentals for NVDA...
    Resolving CIK for NVDA via SEC company_tickers.json...
    Verified CIK: 0001045810
    Fetching SEC submissions metadata for CIK 0001045810...
    Fetching SEC XBRL company facts for CIK 0001045810...
    Normalizing company profile, annual & quarterly fundamentals, TTM, and filings...
[OK] Successfully generated verified fundamentals: C:\Users\Mirne\AppData\Local\Temp\tmpcswyad6u\NVDA.json
[*] Processing stock fundamentals for NVDA...
    Resolving CIK for NVDA via SEC company_tickers.json...
    Verified CIK: 0001045810
    Fetching SEC submissions metadata for CIK 0001045810...
    Fetching SEC XBRL company facts for CIK 0001045810...
    Normalizing company profile, annual & quarterly fundamentals, TTM, and filings...
[OK] Verified unchanged SEC evidence for NVDA; kept published file intact: C:\Users\Mirne\AppData\Local\Temp\tmpg_71e4zh\NVDA.json
[*] Processing stock fundamentals for NVDA...
    Resolving CIK for NVDA via SEC company_tickers.json...
    Verified CIK: 0001045810
    Fetching SEC submissions metadata for CIK 0001045810...
    Fetching SEC XBRL company facts for CIK 0001045810...
    Normalizing company profile, annual & quarterly fundamentals, TTM, and filings...
[OK] Successfully generated verified fundamentals: C:\Users\Mirne\AppData\Local\Temp\tmpg_71e4zh\NVDA.json
[*] Processing stock fundamentals for MU...
    Resolving CIK for MU via SEC company_tickers.json...
    Verified CIK: 0000723125
    Fetching SEC submissions metadata for CIK 0000723125...
    Fetching SEC XBRL company facts for CIK 0000723125...
[*] Processing stock fundamentals for MU...
    Resolving CIK for MU via SEC company_tickers.json...
    Verified CIK: 0000723125
    Fetching SEC submissions metadata for CIK 0000723125...
    Fetching SEC XBRL company facts for CIK 0000723125...
    Normalizing company profile, annual & quarterly fundamentals, TTM, and filings...
[*] Processing stock fundamentals for MRVL...
    Resolving CIK for MRVL via SEC company_tickers.json...
    Verified CIK: 0001835632
    Fetching SEC submissions metadata for CIK 0001835632...
    Fetching SEC XBRL company facts for CIK 0001835632...
[*] Processing stock fundamentals for MRVL...
    Resolving CIK for MRVL via SEC company_tickers.json...
    Verified CIK: 0001835632
    Fetching SEC submissions metadata for CIK 0001835632...
    Fetching SEC XBRL company facts for CIK 0001835632...
    Normalizing company profile, annual & quarterly fundamentals, TTM, and filings...
[*] Processing stock fundamentals for VRT...
    Resolving CIK for VRT via SEC company_tickers.json...
    Verified CIK: 0001674101
    Fetching SEC submissions metadata for CIK 0001674101...
    Fetching SEC XBRL company facts for CIK 0001674101...
[*] Processing stock fundamentals for VRT...
    Resolving CIK for VRT via SEC company_tickers.json...
    Verified CIK: 0001674101
    Fetching SEC submissions metadata for CIK 0001674101...
    Fetching SEC XBRL company facts for CIK 0001674101...
    Normalizing company profile, annual & quarterly fundamentals, TTM, and filings...
[*] Processing stock fundamentals for COHR...
    Resolving CIK for COHR via SEC company_tickers.json...
    Verified CIK: 0000820318
    Fetching SEC submissions metadata for CIK 0000820318...
    Fetching SEC XBRL company facts for CIK 0000820318...
[*] Processing stock fundamentals for COHR...
    Resolving CIK for COHR via SEC company_tickers.json...
    Verified CIK: 0000820318
    Fetching SEC submissions metadata for CIK 0000820318...
    Fetching SEC XBRL company facts for CIK 0000820318...
    Normalizing company profile, annual & quarterly fundamentals, TTM, and filings...
[*] Processing stock fundamentals for RKLB...
    Resolving CIK for RKLB via SEC company_tickers.json...
    Verified CIK: 0001819994
    Fetching SEC submissions metadata for CIK 0001819994...
    Fetching SEC XBRL company facts for CIK 0001819994...
[*] Processing stock fundamentals for RKLB...
    Resolving CIK for RKLB via SEC company_tickers.json...
    Verified CIK: 0001819994
    Fetching SEC submissions metadata for CIK 0001819994...
    Fetching SEC XBRL company facts for CIK 0001819994...
    Normalizing company profile, annual & quarterly fundamentals, TTM, and filings...
[*] Processing stock fundamentals for TTMI...
    Resolving CIK for TTMI via SEC company_tickers.json...
    Verified CIK: 0001116942
    Fetching SEC submissions metadata for CIK 0001116942...
    Fetching SEC XBRL company facts for CIK 0001116942...
    Normalizing company profile, annual & quarterly fundamentals, TTM, and filings...
[*] Processing stock fundamentals for SNDK...
    Resolving CIK for SNDK via SEC company_tickers.json...
    Verified CIK: 0002023554
    Fetching SEC submissions metadata for CIK 0002023554...
    Fetching SEC XBRL company facts for CIK 0002023554...
    Normalizing company profile, annual & quarterly fundamentals, TTM, and filings...
[*] Processing stock fundamentals for FLY...
    Resolving CIK for FLY via SEC company_tickers.json...
    Verified CIK: 0001860160
    Fetching SEC submissions metadata for CIK 0001860160...
    Fetching SEC XBRL company facts for CIK 0001860160...
    Normalizing company profile, annual & quarterly fundamentals, TTM, and filings...
[*] Processing stock fundamentals for CRWV...
    Resolving CIK for CRWV via SEC company_tickers.json...
    Verified CIK: 0001769628
    Fetching SEC submissions metadata for CIK 0001769628...
    Fetching SEC XBRL company facts for CIK 0001769628...
    Normalizing company profile, annual & quarterly fundamentals, TTM, and filings...
[*] Processing stock fundamentals for CRWD...
    Resolving CIK for CRWD via SEC company_tickers.json...
RUN C:/Users/Mirne/AppData/Local/Programs/Python/Python314/Lib/site-packages/playwright/driver/node.exe --test tests\academy-evidence.test.cjs tests\academy-v3.test.cjs tests\academy.test.cjs tests\behavioral.test.cjs tests\calculator-reliability.test.cjs tests\cloud-config.test.cjs tests\cloud-sync.test.cjs tests\continuity.test.cjs tests\knowledge-batch1a.test.cjs tests\knowledge-batch1b.test.cjs tests\knowledge.test.cjs tests\knowledge100.test.cjs tests\lifecycle.test.cjs tests\local-data.test.cjs tests\product-trust.test.cjs tests\public-report.test.cjs tests\publication-migration.test.cjs tests\relations.test.cjs tests\release-quality.test.cjs tests\report-v2-postgres.test.cjs tests\research-ai.test.cjs tests\research-expansion.test.cjs tests\research-workflow.test.cjs tests\social-core.test.cjs tests\valuation-core.test.cjs tests\wave1.test.cjs tests\wave4.test.cjs tests\weekly-events.test.cjs
✔ encounter, legacy lessons/XP and old attempts never establish independent understanding (47.4664ms)
✔ first wrong/right, helped, revealed, and retry after feedback have conservative eligibility (50.8185ms)
✔ independent new example plus separately labelled application plus seven-day distinct check (16.1787ms)
✔ too-early check, changed anchor, help and repeated delayed variant cannot establish delayed understanding (48.1764ms)
✔ later delayed failure keeps the earlier immutable success and recommends honest repetition (21.245ms)
✔ clock regression/future records and abandoned starts cannot be independent (40.8752ms)
✔ missing, changed task/content/rubric versions and forged independence fail closed without deleting history (73.3737ms)
✔ parallel conflicting starts do not become novel evidence after merging (15.7523ms)
✔ old backup roundtrip and new evidence merge preserve activity; same-ID conflict rejects all writes (32.1002ms)
✔ answer/prose cannot be persisted in evidence or transferred, expiry/units/destination are checked (25.3044ms)
✔ hundreds of synthetic learning objects retain three visible competency choices and one next task (16.2044ms)
✔ all 18 answers and affected production formula adapters match independent Decimal oracles (14.5404ms)
✔ V3 content counts, stable IDs, references and open tier metadata (5.7707ms)
✔ publication rejects broken learning references and missing grading definitions (1.8066ms)
✔ activity pages remain crawlable but are deliberately excluded from search indexing (5.8385ms)
✔ empty and page-open ongoing history never earn XP (15.9128ms)
✔ lesson rewards and achievements survive repetition without duplication (1.3981ms)
✔ incorrect attempts give no XP; successful retries and reloads award once (2.3063ms)
✔ projects require every objective check and self-review before completion XP (1.3815ms)
✔ shared questions cannot be farmed across activities (0.9669ms)
✔ grade numeric, choice, true/false, multi-select and self-review explicitly (0.7034ms)
✔ roadmap, skills, levels and all milestones are attainable (1.4084ms)
✔ recommendations explain prerequisites and resume incomplete activities (2.0867ms)
✔ legacy V2 migrates losslessly; malformed or forged reward fields are rejected (1.6154ms)
✔ Academy catalog has complete, unique, published lessons, valid paths and explicit relation destinations (6.0375ms)
✔ aliases, Swedish diacritics and category searches work without external search (1.7838ms)
✔ each published lesson has original static content, unique SEO and crawlable links; drafts are not generated (24.4192ms)
✔ published learn entities and concept hooks resolve through Connected Experience (58.5366ms)
✔ progress reload, category totals, completion reversal and unknown future IDs stay consistent (31.9359ms)
✔ backup V3 roundtrip, legacy V1/V2 merge, conflicts and failed writes preserve progress (51.7286ms)
✔ Academy never enters current cloud rows or queue and a cloud restore preserves local learning (22.5767ms)
✔ V3 attempts round-trip, merge once, migrate V2 Academy and reject conflicts atomically (36.8923ms)
✔ optional checks have valid answers and explanations; no quiz or identity analytics payload (39.8503ms)
✔ ISK lesson delegates dated parameters to the verified rule registry (1.1851ms)
✔ V2 publication rejects thin, unsourced, or disconnected lessons and invalid paths (12.7447ms)
✔ V2 beginner aliases resolve actual catalog topics (3.0281ms)
✔ path completion depends on all saved states and reverses after undo (0.66ms)
✔ worked financial examples agree with independent fixtures and shared valuation math (1.6441ms)
✔ knowledge bank starts empty and publication requires real reviewed provenance (1.1042ms)
✔ new analytics signals accept no search, quiz, or financial content (2.3648ms)
✔ B70 voluntary pause preserves all review history and due dates without thesis mutations (22.3468ms)
✔ B71 explicit groups link multiple immutable assumptions, rename, detach and tombstone (15.4948ms)
✔ B74 factual transitions, deduplicated reviews, reopen, unresolved questions and separate outcomes (9.2905ms)
✔ B74 counts criteria reviews and answered questions once while copied fields remain unchanged (7.4157ms)
✔ B75 allowlisted blank templates never contain private data or IDs; malicious fields cannot enter output (19.2067ms)
✔ new and legacy backup roundtrips, repeat imports, conflicting branches and no partial writes (34.4489ms)
✔ corrupt storage, unknown fields and blocked writes fail closed (8.3345ms)
✔ ticker deletion removes pause/link histories but preserves other groups, templates and thesis histories (11.9006ms)
✔ cloud encoding and restore preserve compatibility without sending private behavioral history (18.0487ms)
✔ behavioral runtime never emits private analytics or invokes model/network APIs (44.3236ms)
✔ FIRE fixed purchasing-power withdrawals and nominal inflation linkage match independent oracles (20.9707ms)
✔ comparison cards and chart use selected fees, month-end saving and nominal values in both modes (42.6369ms)
✔ FIRE definition agrees across body, FAQ and structured data (1.1926ms)
✔ yearly compound path: hand oracle, constant parity, contributions, fee and loss boundaries (5.7314ms)
✔ yearly scenario records roundtrip and reject missing years; legacy scenarios remain valid (9.3218ms)
✔ quality boundaries: recovery zero, impossible and non-finite values; error replaces success state (6.3322ms)
✔ leverage explanation oracle: same returns reordered, volatility drag and zero absorption (11.5477ms)
✔ content allows only inert formatting and HTTPS links; rule parameters match executable constants (10.3673ms)
✔ independent monthly cash-flow oracle, fee monotonicity, FX identity and margins (6.9566ms)
✔ loaded leverage callback submits through CalcState and renders real table/chart (15.8146ms)
✔ loaded compound form uses finite chart series agreeing with the main result (11.0597ms)
✔ scenario corruption and unsupported shapes block every write and retain raw recovery data (12.9391ms)
✔ FIRE stress examples remain finite and reject zero/extreme rates (6.7695ms)
✔ GAV optional conversion cost is included once and zero keeps the original result (7.4936ms)
✔ FX teaching example compounds to eight percent and unchanged FX preserves asset return (4.8302ms)
✔ homepage earnings selects the date week, not insertion order, with no priority exclusion (880.991ms)
✔ latest published earnings image has matching structured records for every day (17.5569ms)
✔ generated public config is isolated and grants CSP only to account and public social pages (355.8546ms)
✔ invalid or privileged config fails before changing artifacts (25.2643ms)
✔ secret scan reports category and path without exposing the matched value (33.9417ms)
✔ anonymous/login never uploads; migration is explicit, idempotent and restores manual history and preferences (61.4783ms)
✔ supported snapshots, archived outcomes, scenario plans/observations and envelope metadata round-trip (99.8975ms)
✔ queue reload, bounded backoff, inspectable failures, no duplicate retry and cross-account separation (29.4659ms)
✔ conflicting IDs and corrupt cloud/local data never overwrite history; receipts require confirmation (44.0893ms)
✔ cloud deletion preserves local by default; explicit local removal and logout retain their boundaries (24.7365ms)
✔ adapter delegates persistence/refresh to SDK and returns only verified identity (14.1943ms)
✔ adapter rejects stale restored identity and delegates session removal to SDK (7.5592ms)
✔ SDK OTP errors expose bounded product codes, never provider details (43.0778ms)
✔ legacy IDs, empty scenario groups, additional histories and read-only local use survive cloud preparation (25.2552ms)
✔ queue corruption, blocked writes and concurrent tab changes fail without replacing a queue or local source (22.5227ms)
✔ server conflicts surface explicitly and logout prevents a late receipt being marked synced (53.311ms)
✔ account changes during authorization cannot write another owner queue or delete that other account (19.6169ms)
✔ derived states and exact overlap order; inactive does not create attention (27.3222ms)
✔ ack fingerprints ignore capture time/order, retain unanswered questions, reopen only changed evidence (10.7982ms)
✔ legacy whole-report acknowledgements remain quiet without rewriting original storage (7.6517ms)
✔ blocked/incomparable observations never become comparable-change lifecycle (7.8684ms)
✔ exact target rejects deleted, replaced, mutated, expired, unknown-version and changed-evidence targets (14.9575ms)
✔ draft validation, corruption, quota and optimistic concurrent writes preserve original bytes (8.2552ms)
✔ snooze is scoped to exact evidence until the chosen local date, no journal mutation (12.6431ms)
✔ keep, revise, close, decline preserve append-only history and acknowledgement through backup/import (104.1588ms)
✔ drafts excluded from backup; import leaves drafts untouched; full deletion includes companions (11.7945ms)
✔ filing accession deduplication distinguishes amendments and keeps unsupported forms out (10.9865ms)
✔ draft quota failure and full-deletion failure preserve journal and companion (25.17ms)
✔ bounded workspaces, empty cleanup and explicitly reopened draft priority (11.8177ms)
✔ Batch 1A keeps its six accepted objects without preventing future reviewed additions (67.4141ms)
✔ Batch 1A arithmetic is independently checked with the approved scope (1.3802ms)
✔ Batch 1A aliases preserve neutral limitations and abstain for adjacent unreviewed judgments (7.9406ms)
✔ Batch 1A explanations use shared contexts and do not leak editorial approval text (16.8846ms)
✔ Batch 1B accepted scope, evidence and prior 35 version integrity (19.0441ms)
✔ Batch 1B arithmetic and shared denominator assumptions (0.9524ms)
✔ Batch 1B curated intents are separated and personal decisions still abstain (10.756ms)
✔ Batch 1B shared contextual explanations and noindex publication boundary (3.8639ms)
✔ 26 original questions, two Wave 1 answers and one Wave 4 release answer have valid metadata (22.2649ms)
✔ draft and needs-update content is excluded from catalog, search and generated pages (107.9242ms)
✔ public projection excludes editorial notes, unknown keys and private source notes (29.3611ms)
✔ search matches Swedish aliases, category, concepts and P/E punctuation (3.787ms)
✔ reviewed question matching is deterministic and abstains on unknown input (68.8505ms)
✔ direct definitions outrank shared concepts and preserve question intent (73.0745ms)
✔ publication gate rejects malformed sources, thin text, IDs, dates and references (143.5303ms)
✔ canonical relationships link every answer to Academy and tools and return to questions (45.6003ms)
✔ each answer has unique metadata, status-appropriate indexing and safe static text (47.1617ms)
✔ ISK uses current rule registry with no copied annual amounts and fails on overdue review (9.6789ms)
✔ worked examples match independent formulas and shared calculator math (1.5256ms)
✔ knowledge analytics rejects search content and identifiers (2.6447ms)
✔ Knowledge100 labeled retrieval benchmark has no wrong confident matches or other failures (28.7543ms)
✔ V2 also preserves every positive Wave1 exact/alias fixture (16.8448ms)
✔ formula is bounded, independently checked, unit/period explicit and never evaluated as code (1.2136ms)
✔ safe projection excludes editorial history/private nested notes and bodies from compact index (35.4544ms)
✔ stale policy suppresses rule answers at runtime without refreshing reviews (7.4181ms)
✔ shared context modes accept public IDs only and do not expose full answer in compact/reminder (0.9883ms)
✔ validator rejects missing references, unknown typed fields, alias collisions, source hazards and merge loops (152.9638ms)
✔ new substantive draft requires actual claim evidence and explicit approval before public projection (35.5892ms)
✔ draft-only retrieval aliases, pilot labels and concepts never enter a public index (5.0024ms)
✔ typo ambiguity clarifies rather than selecting a nearby answer (6.9238ms)
✔ substantive history audit detects edits but retrieval configuration changes do not alter content (29.7809ms)
✔ all five local authoring examples validate as drafts and remain out of public pages (57.3743ms)
✔ synthetic generation is explicitly test-only and pagination never embeds the inventory (66.1775ms)
✔ seed migration preserves explicit future editorial metadata instead of resetting reviews or relationships (8.7334ms)
✔ explicit merge retains a navigable old URL while rejecting target chains (37.0642ms)
✔ lazy load deduplicates requests, omits credentials and rejects mixed deployment versions (15.7071ms)
✔ B55 shared Research reminders read latest storage, suppress inactive records and never write on display (36.4114ms)
✔ B68/B69 immutable criteria, questions, IDs, dates and duplicate suppression (13.3089ms)
✔ B69 zero, one, three questions; invalid lifecycle records block writes/import without discarding raw data (115.3863ms)
✔ B72 Avstod is an inactive revision, preserved in history and explicitly reopenable (13.0319ms)
✔ B73 user review dates only request reconsideration, never imply falsity; manual queue needs no data (9.332ms)
✔ B80 manual identity, exports, backup roundtrip, deletion and future support preserve history (30.1268ms)
✔ legacy assumptions gain no invented criteria/dates on read, export or an unchanged save (19.7274ms)
✔ B21 price outcomes cannot evaluate assumptions or process; dimensions remain separate (44.7985ms)
✔ supported Outcome archives lifecycle evidence after source deletion and rejects malformed lifecycle imports (122.6628ms)
✔ yearly return scenario survives backup/import and malformed series never overwrites storage (59.6536ms)
✔ complete backup round trip, repeat merge, conflict rejection, legacy migration and privacy allowlist (651.6625ms)
✔ single/history deletion retains checkpoints; deliberate full delete is isolated and corruption blocks it (218.1536ms)
✔ write failure rolls back earlier keys; corrupt current store never gets replaced by valid import (77.9039ms)
✔ assumptions and explicit reviews survive immutable history, exports, merge and legacy reads (404.5446ms)
✔ savings plan observations are append-only, merge by ID, and preserve immutable baseline (23.9605ms)
✔ real savings follow-up uses the captured effective rate and rejects observations after the exact horizon (10.1182ms)
✔ events fail closed on private fields, arbitrary enum values and getters; provider failures are isolated (6.8143ms)
✔ all status states expose words and live semantics; unknown states do not mutate UI (0.7015ms)
✔ landing attribution strips query content and emits no private Research data (15.0441ms)
✔ editorial metadata and original contextual journeys survive catalog migration (49.7048ms)
✔ 2027 exchange dates match primary equity schedules and pending macro warnings expire (4.1684ms)
✔ minimal immutable projection and selected section diff (6.6103ms)
✔ reject private fields at every public boundary, unknown future providers and nulls (4.8155ms)
✔ calculations preserve exact inputs; mismatched periods, definitions and prose rejected (42.2846ms)
✔ chart gaps are explicit, currencies and unsupported series fail closed (2.7989ms)
✔ frozen production annual observations yield bounded candidates with no copied private annotations (87.7344ms)
✔ oversized prose/payload, missing dates and future method versions fail closed (0.7357ms)
✔ known SEC projection drops nested annotations and rejects ambiguous rights (2.9372ms)
✔ old snapshots never borrow issuer identity from current data (5.3972ms)
✔ provider-neutral shape can represent restricted future observations without granting publication rights (0.6448ms)
✔ publication migration preserves deployed clients and authorization (2791.7742ms)
✔ relation schema rejects corrupt IDs, references, vocabulary, metadata and unsupported routes (171.7957ms)
✔ missing files and fragments fail validation, including the actual mode-link contract (115.8476ms)
✔ queries are deterministic, bounded, explicit and suppress planned Academy links (25.7257ms)
✔ one renderer produces escaped, descriptive, crawlable anchors in all generated placements (35.6639ms)
✔ a future Learn publication slots in without changing the renderer or exposing placeholders now (54.8632ms)
✔ relation click analytics are coarse and reject IDs, tickers, URLs, values and unknown enums (2.9033ms)
✔ rule reviews fail at their deadline and when a new ISK income year is unmaintained (7.5596ms)
✔ CSP is deterministic, hashes executable inline code and forbids arbitrary script attributes (142.7826ms)
✔ V2 migration, public boundaries and immutable version lifecycle (2915.7046ms)
✔ frozen evaluation: positive-growth (58.6966ms)
✔ frozen evaluation: declining-revenue (24.5523ms)
✔ frozen evaluation: negative-eps (15.7893ms)
✔ frozen evaluation: missing-fcf (15.2827ms)
✔ frozen evaluation: share-basis (13.5381ms)
✔ frozen evaluation: currency (12.364ms)
✔ frozen evaluation: restatement (9.7775ms)
✔ frozen evaluation: missing-source (21.868ms)
✔ frozen evaluation: unsupported-company (7.9555ms)
✔ frozen evaluation: manual-thesis (5.6143ms)
✔ frozen evaluation: vague-assumption (4.1898ms)
✔ frozen evaluation: contradictory-evidence (12.6866ms)
✔ frozen evaluation: no-meaningful-change (11.0561ms)
✔ frozen evaluation: prompt-injection (11.9291ms)
✔ frozen evaluation: ignore-rules (9.9494ms)
✔ frozen evaluation: unsupported-factual-question (9.6474ms)
✔ frozen evaluation: missing-citation (10.6083ms)
✔ frozen evaluation: incorrect-confidence (9.8166ms)
✔ frozen evaluation: incorrect-assumption-mapping (9.1049ms)
✔ frozen evaluation: hold-leakage (10.6091ms)
✔ report minimization, unresolved questions and exact deterministic deltas (12.6052ms)
✔ disabled and unknown live providers make zero network calls; mock deterministic and bounded (4.6121ms)
✔ deterministic conflicts never call a provider and unknown conflicts abstain (2.0806ms)
✔ B78 publication, route, review queue and connected catalog allowlists agree (56.9806ms)
✔ B78 actual data retains null EPS, source evidence, safe comparisons and explicit manual fallback (171.4734ms)
✔ standalone and Research valuation adapters agree with a hand-calculated oracle (74.1086ms)
✔ comparability gate blocks incompatible evidence consistently in Change Detection and Outcomes (218.3164ms)
✔ restore historical assumptions only; preserve storage, fundamentals, text, outputs and baseline (222.6551ms)
✔ explicit historical manual EPS restores source and survives calculate/save (158.6866ms)
✔ SEC restore cannot replace manual fallback when current positive SEC EPS is unavailable (368.4535ms)
✔ legacy partial restore skips missing, invalid and unknown EPS assumptions (131.8675ms)
✔ empty and unsupported revisions disable restore without writes or stale state (414.724ms)
✔ uncalculated edits prompt only when changed assumptions would actually be overwritten (214.0675ms)
✔ equivalent numeric formatting and already-matching edits do not prompt (80.3426ms)
✔ quality: NVDA complete load/render and cross-feature workflow without Chart CDN (146.3875ms)
✔ quality: SOFI complete load/render and cross-feature workflow without Chart CDN (130.524ms)
✔ quality: CRWD complete load/render and cross-feature workflow without Chart CDN (180.1282ms)
✔ quality: landing metrics load from stock JSON and one failed ticker does not hide the others (47.0255ms)
✔ quality: loading, unsupported ticker, HTTP errors and wrong-company JSON fail safely (18.5289ms)
✔ quality: incomplete metrics render safely and charts use gaps, not invented zeroes (26.3816ms)
✔ quality: invalid horizons, infinities and overflow never replace results or become saved snapshots (271.8571ms)
✔ quality: sensitivity center reflects valid low P/E and negative-growth Base scenario (13.8257ms)
✔ quality: no-op Thesis refresh must not calculate an unsubmitted Outcome price (79.6476ms)
✔ quality: provenance uses keyboard buttons and distinguishes derived, missing and limited data (13.2561ms)
✔ Research editorial labels never expose metric keys and preserve values, units and source concepts (29.1649ms)
✔ Research example, manual and restored price states disclose missing quote date and model basis (12.0211ms)
✔ outcome: all eight fundamentals compare correctly using report dates and immutable inputs (17.922ms)
✔ outcome: zero, negative and incompatible bases never produce invalid CAGR (20.0587ms)
✔ outcome: missing legacy fields, unknown currencies, and unsupported snapshots are not backfilled (15.1365ms)
✔ outcome: horizon uses elapsed revision time, caps model paths, and never assigns a score (18.2501ms)
✔ outcome: all scenario EPS paths use saved basis and annual growth; manual bases are distinguished (16.6314ms)
✔ outcome: incompatible and overflowing model paths remain unavailable (15.8751ms)
✔ outcome: manual price uses saved starting price and old targets, handles every interval boundary (16.7179ms)
✔ outcome: selecting history, updating price and saving a checkpoint leave valuation, revisions and CD unchanged (73.2882ms)
✔ outcome: multiple explicit checkpoints, stable IDs, duplicate suppression and revision linkage survive reload (64.4253ms)
✔ outcome: deleted source revisions retain self-contained archival checkpoints, including after all-delete and reload (93.9863ms)
✔ outcome: corrupt and unsupported outcome storage blocks writes and preserves raw bytes (92.3937ms)
✔ outcome: quota/access failure and invalid observations never alter existing checkpoint records (29.4562ms)
✔ outcome: SOFI unavailable FCF and CRWD missing share basis remain unavailable in observations (31.4651ms)
✔ outcome: invalid manual input blocks checkpoint save and legacy observation UI has no invalid numeric tokens (58.7143ms)
✔ latest export uses saved thesis and outputs, excludes unsaved form changes, and cleans download URL (47.1594ms)
✔ historical Markdown and print use exactly the selected saved revision, never current fundamentals (65.2413ms)
✔ manual export labels valuation EPS separately from historical SEC EPS (56.0263ms)
✔ legacy, missing and unsupported snapshots export safely without current-data backfills (220.1887ms)
✔ export filename is deterministic, sanitized and bounded (11.5426ms)
✔ Markdown escapes table delimiters and HTML; print renders user content as text (11.1839ms)
✔ no saved analysis disables both exports and never autosaves (12.4326ms)
✔ removed selected revision does not silently export latest, and download failures release URLs (79.5704ms)
✔ print CSS isolates document, hides controls and provides white A4 layout and table pagination (0.8855ms)
✔ capture -> real submit -> localStorage -> fresh context -> compare supported metrics and block unverified share basis (85.2454ms)
✔ both legacy naming conventions normalize idempotently without persisting migration (21.0885ms)
✔ actual old capture names with missing revenue never invent revenue, net income or margins (11.8593ms)
✔ margins use percentage points, including a zero historical numerator (16.3442ms)
✔ thresholds remain strictly >1 percent and >0.5 pp (29.3282ms)
✔ zero/null/nonfinite baselines and zero revenue never produce NaN or Infinity (16.7023ms)
✔ negative-to-positive earnings use absolute historical denominator (15.9613ms)
✔ SOFI and CRWD unavailable metrics stay null through capture/storage/reload (108.2036ms)
✔ new baseline save and delete immediately clear a visible old report (131.9143ms)
✔ stale valuation blocks save; submit recalculates and stores edited assumptions (81.9273ms)
✔ corrupt and future records do not crash reload, preview, or destroy other records (57.7629ms)
✔ invalid envelopes and inaccessible/full storage fail explicitly without overwriting (52.2986ms)
✔ period, filing filters/limit and old-analysis warning remain functional (12.1899ms)
✔ snapshot metadata survives updates; unrelated and unsupported records are preserved (104.0854ms)
✔ explicit null/unsupported values are authoritative; manual EPS never fills missing SEC EPS (13.0328ms)
✔ both Research and Min NTM load the shared schema before storage and comparison (0.8023ms)
✔ existing Min NTM list renders valid and partial migrated theses without numeric crashes (51.3227ms)
✔ V1 becomes a stable first revision without changing text, dates or raw snapshot (58.5109ms)
✔ second meaningful save preserves first revision verbatim and read results are immutable (79.3966ms)
✔ reload defaults to latest; choosing history compares its baseline without changing editor (236.7765ms)
✔ duplicate saves ignore capture timestamps and whitespace; renders create no revisions (117.8901ms)
✔ valuation-only revisions append but manual prices are never company-data changes (106.1313ms)
✔ single revision delete preserves others, latest deletion promotes predecessor, final hides baseline (208.4204ms)
✔ cancelled single/all deletes do nothing and deleting latest retains unsaved editing (45.3309ms)
✔ V2 malformed revisions, duplicate IDs and unsupported envelopes reject destructive writes (56.1234ms)
✔ quota failure preserves every revision and selected baseline (49.232ms)
✔ Min NTM displays only the latest revision with its count and valuation (88.2896ms)
✔ selected legacy baseline never backfills missing metrics and all-delete affects only its ticker (58.3887ms)
✔ publication copies only selected text; nested private data never crosses boundary (2.0151ms)
✔ strict text and minimum publication bounds (0.6865ms)
✔ routes encode input and coarse metrics reject identities (1.8093ms)
✔ hand-calculated valuation fixtures and inverse identities (2.4968ms)
✔ invalid and negative edge cases never leak non-finite numbers (0.7148ms)
✔ year coverage is deterministic and never fabricates next-year dates (0.8124ms)
✔ Wave 1 handoff preserves selected inputs and honest provenance without private fields (6.7222ms)
✔ handoff rejects expired/future timestamps, unknown fields, company/currency/unit/method mismatches (3.9919ms)
✔ manual EPS has no borrowed reported period or method (0.6506ms)
✔ pinned company identities match every current supported dataset (30.532ms)
✔ 12 concepts resolve to 11 canonical answers, preserve overlap and route to existing practice (50.0707ms)
✔ 30 labelled retrieval cases preserve exact definitions, reviewed typo aliases and abstention (51.8558ms)
✔ new examples match independent arithmetic; reviewed additions stay out of sitemap (1.3072ms)
✔ pilot datasets retain original data; all statements expose versioned evidence and all share bases remain unavailable (79.298ms)
✔ positive annual revenue and margin math agree with independent constants (6.3177ms)
✔ adversarial evidence fails closed across period, definition, source, units, base and quality boundaries (93.0766ms)
✔ R6 shows reproducible corresponding profit/EPS rates only with verified weighted share basis (28.6118ms)
✔ R12 source accession/value/version/correction changes are reconstructable and timestamp churn is ignored (84.1076ms)
✔ calendar context distinguishes unknown/revised/first-reported and zero actual without manufacturing consensus (0.8874ms)
✔ homepage macro priority keeps major releases visible and counts every hidden event exactly (39.3315ms)
✔ published weekly artifacts and homepage resolve; honest partial/future statuses stay visible (66.7376ms)
✔ shared Stockholm week resolution handles Monday/Sunday/year rollover and never substitutes another week (16.1422ms)
✔ missing current weeks and image/structured mismatches fail for both feeds (237.5803ms)
✔ malformed dates, wrong weeks, duplicate identities and false provenance are rejected (178.2028ms)
✔ partial upstream failure may not claim successful complete fetch (95.8135ms)
✔ future authoritative unavailability has a dated explicit exception; current missing week does not (25.418ms)
ℹ tests 293
ℹ suites 0
ℹ pass 293
ℹ fail 0
ℹ cancelled 0
ℹ skipped 0
ℹ todo 0
ℹ duration_ms 6596.818
RUN C:/Users/Mirne/AppData/Local/Programs/Python/Python314/Lib/site-packages/playwright/driver/node.exe scripts/build_seo.cjs --check
SEO: 85 canonical sitemap URLs, 7 existing articles; 0 files outdated.
RUN C:/Users/Mirne/AppData/Local/Programs/Python/Python314/Lib/site-packages/playwright/driver/node.exe scripts/knowledge_history.cjs
Knowledge substantive version/history audit passed. No review dates changed.
RUN C:/Users/Mirne/AppData/Local/Programs/Python/Python314/Lib/site-packages/playwright/driver/node.exe scripts/knowledge_editorial.cjs validate
{
  "valid": true,
  "answers": 41
}
RUN C:/Users/Mirne/AppData/Local/Programs/Python/Python314/Lib/site-packages/playwright/driver/node.exe scripts/check_calendar_coverage.cjs
::notice::Macro 2027: complete schedules not yet published at last check; recheck 2026-11-01
RUN C:/Users/Mirne/AppData/Local/Programs/Python/Python314/Lib/site-packages/playwright/driver/node.exe scripts/check_weekly_events.cjs
::warning::[partial_update] Macro upstream update is partial; failed/unavailable sources remain explicit. No consensus values are inferred.
::notice::[not_yet_published] Macro 2027: future authoritative schedule not yet published; recheck 2026-11-01.
PASS: weekly records, image reviews and homepage resolution; empty days are valid.
RUN C:/Users/Mirne/AppData/Local/Programs/Python/Python314/Lib/site-packages/playwright/driver/node.exe scripts/check_rules.cjs
Rule registry: 0 issues. Source verification remains an owner responsibility.
RUN C:/Users/Mirne/AppData/Local/Programs/Python/Python314/Lib/site-packages/playwright/driver/node.exe scripts/check_cloud_security.cjs
PASS credential-pattern scan/public configuration (working tree; not git history)
RUN git -c core.safecrlf=false diff --check
PASS credential-pattern scan/public configuration and staged CSP
PASS: release tests, generated artifacts, calendar/rules, staging and local references
